03-27 12:00:34.441 D/Griffin/ComponentManager( 1245): Limit start proc:id.dana:tools for 3rd-normal-service caller=system/1245,Intent { cmp=id.dana/com.alipay.iap.android.aplog.service.LogServiceInToolsProcess }
03-27 12:00:34.441 W/ActivityManager( 1245): Unable to launch app id.dana/10249 for service Intent { cmp=id.dana/com.alipay.iap.android.aplog.service.LogServiceInToolsProcess }: AutoStart Limit
03-27 12:00:34.441 D/JobScheduler( 1245): Error executing JobStatus{d1979e #u0a249/1943 id.dana/com.alipay.iap.android.aplog.service.LogServiceInToolsProcess u=0 s=10249 TIME=none:-24d13h4m38s468ms READY}
03-27 12:00:34.442 D/Griffin/ComponentManager( 1245): Limit start proc:id.flip for 3rd-normal-service caller=system/1245,Intent { cmp=id.flip/com.moengage.core.internal.data.reports.DataSyncJob }
03-27 12:00:34.442 W/ActivityManager( 1245): Unable to launch app id.flip/10276 for service Intent { cmp=id.flip/com.moengage.core.internal.data.reports.DataSyncJob }: AutoStart Limit
03-27 12:00:34.443 D/JobScheduler( 1245): Error executing JobStatus{b3ef38f #u0a276/90003 id.flip/com.moengage.core.internal.data.reports.DataSyncJob u=0 s=10276 TIME=-23d16h43m53s40ms:-23d16h13m53s40ms NET READY}
03-27 12:00:34.443 I/android.youtub( 4480): The ClassLoaderContext is a special shared library.
03-27 12:00:34.444 D/Griffin/ComponentManager( 1245): Limit start proc:com.telkom.mwallet for 3rd-normal-service caller=system/1245,Intent { cmp=com.telkom.mwallet/androidx.work.impl.background.systemjob.SystemJobService }
03-27 12:00:34.444 W/ActivityManager( 1245): Unable to launch app com.telkom.mwallet/10252 for service Intent { cmp=com.telkom.mwallet/androidx.work.impl.background.systemjob.SystemJobService }: AutoStart Limit
03-27 12:00:34.444 D/JobScheduler( 1245): Error executing JobStatus{b2a5e4b #u0a252/146 com.telkom.mwallet/androidx.work.impl.background.systemjob.SystemJobService u=0 s=10252 TIME=-15d0h52m35s276ms:none NET READY}
03-27 12:00:34.446 D/Griffin/ComponentManager( 1245): Limit start proc:com.jnpgroup.jnpgroup_app for 3rd-normal-service caller=system/1245,Intent { cmp=com.jnpgroup.jnpgroup_app/com.onesignal.SyncJobService }
03-27 12:00:34.446 W/ActivityManager( 1245): Unable to launch app com.jnpgroup.jnpgroup_app/10245 for service Intent { cmp=com.jnpgroup.jnpgroup_app/com.onesignal.SyncJobService }: AutoStart Limit
03-27 12:00:34.446 D/JobScheduler( 1245): Error executing JobStatus{26c870d #u0a245/2071862118 com.jnpgroup.jnpgroup_app/com.onesignal.SyncJobService u=0 s=10245 TIME=-14d16h0m28s698ms:none NET PERSISTED failures=1 READY}
03-27 12:00:34.448 D/Griffin/ComponentManager( 1245): Limit start proc:com.netflix.mediaclient for 3rd-normal-service caller=system/1245,Intent { cmp=com.netflix.mediaclient/.service.job.NetflixJobService }
03-27 12:00:34.449 W/ActivityManager( 1245): Unable to launch app com.netflix.mediaclient/10293 for service Intent { cmp=com.netflix.mediaclient/.service.job.NetflixJobService }: AutoStart Limit
03-27 12:00:34.449 D/JobScheduler( 1245): Error executing JobStatus{eb3bb24 #u0a293/2 com.netflix.mediaclient/.service.job.NetflixJobService u=0 s=10293 TIME=-13d0h48m4s589ms:-12d0h48m4s589ms NET PERIODIC READY}
03-27 12:00:34.450 D/Griffin/ComponentManager( 1245): Limit start proc:com.jotform.v2 for 3rd-normal-service caller=system/1245,Intent { cmp=com.jotform.v2/com.google.android.datatransport.runtime.scheduling.jobscheduling.JobInfoSchedulerService }
03-27 12:00:34.450 W/ActivityManager( 1245): Unable to launch app com.jotform.v2/10421 for service Intent { cmp=com.jotform.v2/com.google.android.datatransport.runtime.scheduling.jobscheduling.JobInfoSchedulerService }: AutoStart Limit
03-27 12:00:34.451 D/JobScheduler( 1245): Error executing JobStatus{4fb21b9 #u0a421/-663474666 com.jotform.v2/com.google.android.datatransport.runtime.scheduling.jobscheduling.JobInfoSchedulerService u=0 s=10421 TIME=-8d20h40m12s355ms:none NET READY}
03-27 12:00:34.452 D/Griffin/ComponentManager( 1245): Limit start proc:ovo.id for 3rd-normal-service caller=system/1245,Intent { cmp=ovo.id/com.google.android.datatransport.runtime.scheduling.jobscheduling.JobInfoSchedulerService }
03-27 12:00:34.452 W/ActivityManager( 1245): Unable to launch app ovo.id/10283 for service Intent { cmp=ovo.id/com.google.android.datatransport.runtime.scheduling.jobscheduling.JobInfoSchedulerService }: AutoStart Limit
03-27 12:00:34.452 D/JobScheduler( 1245): Error executing JobStatus{908b247 #u0a283/125054041 ovo.id/com.google.android.datatransport.runtime.scheduling.jobscheduling.JobInfoSchedulerService u=0 s=10283 TIME=-7d0h51m39s181ms:none NET READY}
03-27 12:00:34.454 D/Griffin/ComponentManager( 1245): Limit start proc:app.source.getcontact for 3rd-normal-service caller=system/1245,Intent { cmp=app.source.getcontact/com.google.android.datatransport.runtime.scheduling.jobscheduling.JobInfoSchedulerService }
03-27 12:00:34.454 W/ActivityManager( 1245): Unable to launch app app.source.getcontact/10222 for service Intent { cmp=app.source.getcontact/com.google.android.datatransport.runtime.scheduling.jobscheduling.JobInfoSchedulerService }: AutoStart Limit
03-27 12:00:34.454 D/JobScheduler( 1245): Error executing JobStatus{1c822f6 #u0a222/787559012 app.source.getcontact/com.google.android.datatransport.runtime.scheduling.jobscheduling.JobInfoSchedulerService u=0 s=10222 TIME=-3d20h33m30s910ms:none NET READY}
03-27 12:00:34.456 D/Griffin/ComponentManager( 1245): Limit start proc:app.source.getcontact for 3rd-normal-service caller=system/1245,Intent { cmp=app.source.getcontact/androidx.work.impl.background.systemjob.SystemJobService }
03-27 12:00:34.456 W/ActivityManager( 1245): Unable to launch app app.source.getcontact/10222 for service Intent { cmp=app.source.getcontact/androidx.work.impl.background.systemjob.SystemJobService }: AutoStart Limit
03-27 12:00:34.456 D/JobScheduler( 1245): Error executing JobStatus{a78f488 #u0a222/542 app.source.getcontact/androidx.work.impl.background.systemjob.SystemJobService u=0 s=10222 TIME=-2d20h33m29s851ms:none NET READY}
03-27 12:00:34.457 D/Griffin/ComponentManager( 1245): Limit start proc:app.source.getcontact:Metrica for 3rd-normal-service caller=system/1245,Intent { cmp=app.source.getcontact/com.yandex.metrica.ConfigurationJobService }
03-27 12:00:34.457 W/ActivityManager( 1245): Unable to launch app app.source.getcontact/10222 for service Intent { cmp=app.source.getcontact/com.yandex.metrica.ConfigurationJobService }: AutoStart Limit
03-27 12:00:34.458 D/JobScheduler( 1245): Error executing JobStatus{539e57b #u0a222/1512302346 app.source.getcontact/com.yandex.metrica.ConfigurationJobService u=0 s=10222 TIME=none:-3d20h30m57s53ms READY}
03-27 12:00:34.459 D/Griffin/ComponentManager( 1245): Limit start proc:com.netflix.mediaclient for 3rd-normal-service caller=system/1245,Intent { cmp=com.netflix.mediaclient/androidx.work.impl.background.systemjob.SystemJobService }
03-27 12:00:34.459 W/ActivityManager( 1245): Unable to launch app com.netflix.mediaclient/10293 for service Intent { cmp=com.netflix.mediaclient/androidx.work.impl.background.systemjob.SystemJobService }: AutoStart Limit
03-27 12:00:34.459 D/JobScheduler( 1245): Error executing JobStatus{52f7647 #u0a293/930 com.netflix.mediaclient/androidx.work.impl.background.systemjob.SystemJobService u=0 s=10293 NET READY}
03-27 12:00:34.664 W/android.youtub( 4480): JIT profile information will not be recorded: profile file does not exist.
03-27 12:00:34.665 I/chatty  ( 4480): uid=10147(com.google.android.youtube) identical 2 lines
03-27 12:00:34.665 W/android.youtub( 4480): JIT profile information will not be recorded: profile file does not exist.
03-27 12:00:34.724 I/LoadedApk( 4480): No resource references to update in package com.transsion.theme.icon
03-27 12:00:34.728 D/NetworkSecurityConfig( 4480): Using Network Security Config from resource network_security_config debugBuild: false
03-27 12:00:34.732 D/NetworkSecurityConfig( 4480): Using Network Security Config from resource network_security_config debugBuild: false
03-27 12:00:34.768 E/lowmemorykiller(  392): zhou_debug--file=967044kB,low=0,file_threshold:780680Kb
03-27 12:00:34.772 I/lowmemorykiller(  392): Kill 'com.gallery20' (2037), uid 10195, oom_adj 985 to free 94992kB; reason: device is not responding
03-27 12:00:34.808 V/ActivityManager( 1245): Death received in com.android.server.am.ActivityManagerService$AppDeathRecipient@60c9f08 for thread android.os.BinderProxy@40456a1
03-27 12:00:34.809 I/ActivityManager( 1245): Process com.gallery20 (pid 2037) has died: cch+85 CEM 
03-27 12:00:34.809 E/lowmemorykiller(  392): zhou_debug--file=970548kB,low=0,file_threshold:780680Kb
03-27 12:00:34.809 I/Zygote  (  580): Process 2037 exited due to signal 9 (Killed)
03-27 12:00:34.809 D/os.ActivityManagerServiceLice( 1245): make process inactive com.gallery20(2037)
03-27 12:00:34.810 I/libprocessgroup( 1245): Successfully killed process cgroup uid 10195 pid 2037 in 0ms
03-27 12:00:34.813 I/libPowerHal(  604): [perfNotifyAppState] pack:com.gallery20, pid:2037, STATE_DEAD
03-27 12:00:34.813 D/RilUtility(  604): notify_rild_crash_pid_set certPid:-1, crash:2037, scn:0x0
03-27 12:00:34.820 D/Griffin/ComponentManager( 1245): Limit start proc:com.eraspace.app for 3rd-normal-service caller=system/1245,Intent { cmp=com.eraspace.app/com.salesforce.marketingcloud.MCService }
03-27 12:00:34.820 W/ActivityManager( 1245): Unable to launch app com.eraspace.app/10415 for service Intent { cmp=com.eraspace.app/com.salesforce.marketingcloud.MCService }: AutoStart Limit
03-27 12:00:34.821 D/JobScheduler( 1245): Error executing JobStatus{5ece0f9 #u0a415/3000 com.eraspace.app/com.salesforce.marketingcloud.MCService u=0 s=10415 TIME=-1d3h39m26s198ms:none failures=1 READY}
03-27 12:00:34.822 D/Griffin/ComponentManager( 1245): Limit start proc:com.udemy.android for 3rd-normal-service caller=system/1245,Intent { cmp=com.udemy.android/com.google.android.datatransport.runtime.scheduling.jobscheduling.JobInfoSchedulerService }
03-27 12:00:34.822 W/ActivityManager( 1245): Unable to launch app com.udemy.android/10369 for service Intent { cmp=com.udemy.android/com.google.android.datatransport.runtime.scheduling.jobscheduling.JobInfoSchedulerService }: AutoStart Limit
03-27 12:00:34.822 D/JobScheduler( 1245): Error executing JobStatus{991e7eb #u0a369/1073754282 com.udemy.android/com.google.android.datatransport.runtime.scheduling.jobscheduling.JobInfoSchedulerService u=0 s=10369 TIME=-22h8m31s436ms:none NET READY}
03-27 12:00:34.824 D/Griffin/ComponentManager( 1245): Limit start proc:com.udemy.android for 3rd-normal-service caller=system/1245,Intent { cmp=com.udemy.android/androidx.work.impl.background.systemjob.SystemJobService }
03-27 12:00:34.824 W/ActivityManager( 1245): Unable to launch app com.udemy.android/10369 for service Intent { cmp=com.udemy.android/androidx.work.impl.background.systemjob.SystemJobService }: AutoStart Limit
03-27 12:00:34.824 D/JobScheduler( 1245): Error executing JobStatus{9cba90 #u0a369/1104 com.udemy.android/androidx.work.impl.background.systemjob.SystemJobService u=0 s=10369 NET READY}
03-27 12:00:34.826 D/Griffin/ComponentManager( 1245): Limit start proc:com.traveloka.android for 3rd-normal-service caller=system/1245,Intent { cmp=com.traveloka.android/com.google.android.datatransport.runtime.scheduling.jobscheduling.JobInfoSchedulerService }
03-27 12:00:34.826 W/ActivityManager( 1245): Unable to launch app com.traveloka.android/10241 for service Intent { cmp=com.traveloka.android/com.google.android.datatransport.runtime.scheduling.jobscheduling.JobInfoSchedulerService }: AutoStart Limit
03-27 12:00:34.826 D/JobScheduler( 1245): Error executing JobStatus{ced1e4d #u0a241/1775382807 com.traveloka.android/com.google.android.datatransport.runtime.scheduling.jobscheduling.JobInfoSchedulerService u=0 s=10241 TIME=-18h22m57s779ms:none NET READY}
03-27 12:00:34.828 D/Griffin/ComponentManager( 1245): Limit start proc:com.instagram.barcelona for 3rd-normal-service caller=system/1245,Intent { cmp=com.instagram.barcelona/com.instagram.util.offline.StoryBackgroundPrefetchJobService }
03-27 12:00:34.828 W/ActivityManager( 1245): Unable to launch app com.instagram.barcelona/10341 for service Intent { cmp=com.instagram.barcelona/com.instagram.util.offline.StoryBackgroundPrefetchJobService }: AutoStart Limit
03-27 12:00:34.828 D/JobScheduler( 1245): Error executing JobStatus{31962e4 #u0a341/2131307515 com.instagram.barcelona/com.instagram.util.offline.StoryBackgroundPrefetchJobService u=0 s=10341 TIME=-11h0m21s92ms:-10h33m52s713ms NET PERIODIC PERSISTED READY}
03-27 12:00:34.835 D/CompatibilityChangeReporter( 1245): Compat change id reported: 135634846; UID 10190; state: DISABLED
03-27 12:00:34.835 D/CompatibilityChangeReporter( 1245): Compat change id reported: 135754954; UID 10190; state: ENABLED
03-27 12:00:34.835 D/CompatibilityChangeReporter( 1245): Compat change id reported: 143937733; UID 10190; state: ENABLED
03-27 12:00:34.860 D/Zygote  (  580): Forked child process 4504
03-27 12:00:34.864 I/ActivityManager( 1245): Start proc 4504:com.rlk.weathers/u0a190 for service {com.rlk.weathers/androidx.work.impl.background.systemjob.SystemJobService}
03-27 12:00:34.894 E/om.rlk.weather( 4504): Not starting debugger since process cannot load the jdwp agent.
03-27 12:00:34.906 V/ActivityManager( 1245): New death recipient com.android.server.am.ActivityManagerService$AppDeathRecipient@8fae8f9 for thread android.os.BinderProxy@f67403e
03-27 12:00:34.908 E/lowmemorykiller(  392): zhou_debug--file=979748kB,low=0,file_threshold:780680Kb
03-27 12:00:34.911 D/os.ActivityManagerServiceLice( 1245): make process active com.rlk.weathers(4504)
03-27 12:00:34.916 D/Griffin/ComponentManager( 1245): Limit start proc:id.tix.android for 3rd-normal-service caller=system/1245,Intent { cmp=id.tix.android/com.onesignal.SyncJobService }
03-27 12:00:34.916 W/ActivityManager( 1245): Unable to launch app id.tix.android/10264 for service Intent { cmp=id.tix.android/com.onesignal.SyncJobService }: AutoStart Limit
03-27 12:00:34.917 D/JobScheduler( 1245): Error executing JobStatus{7ea770f #u0a264/2071862118 id.tix.android/com.onesignal.SyncJobService u=0 s=10264 TIME=-1h38m57s778ms:none NET PERSISTED READY}
03-27 12:00:34.919 D/Griffin/ComponentManager( 1245): Limit start proc:com.tokopedia.tkpd for 3rd-normal-service caller=system/1245,Intent { cmp=com.tokopedia.tkpd/androidx.work.impl.background.systemjob.SystemJobService }
03-27 12:00:34.919 W/ActivityManager( 1245): Unable to launch app com.tokopedia.tkpd/10239 for service Intent { cmp=com.tokopedia.tkpd/androidx.work.impl.background.systemjob.SystemJobService }: AutoStart Limit
03-27 12:00:34.919 D/JobScheduler( 1245): Error executing JobStatus{91c1e16 #u0a239/534078 com.tokopedia.tkpd/androidx.work.impl.background.systemjob.SystemJobService u=0 s=10239 TIME=-52m1s206ms:none READY}
03-27 12:00:34.921 D/Griffin/ComponentManager( 1245): Limit start proc:com.linkedin.android for 3rd-normal-service caller=system/1245,Intent { cmp=com.linkedin.android/.l2m.notification.RegistrationJobIntentServiceImplLegacy }
03-27 12:00:34.921 W/ActivityManager( 1245): Unable to launch app com.linkedin.android/10246 for service Intent { cmp=com.linkedin.android/.l2m.notification.RegistrationJobIntentServiceImplLegacy }: AutoStart Limit
03-27 12:00:34.922 D/JobScheduler( 1245): Error executing JobStatus{55e1b8f #u0a246/991931096 com.linkedin.android/.l2m.notification.RegistrationJobIntentServiceImplLegacy u=0 s=10246 TIME=none:-12m4s806ms READY}
03-27 12:00:34.924 D/Griffin/ComponentManager( 1245): Limit start proc:com.twitter.android for 3rd-normal-service caller=system/1245,Intent { cmp=com.twitter.android/androidx.work.impl.background.systemjob.SystemJobService }
03-27 12:00:34.924 W/ActivityManager( 1245): Unable to launch app com.twitter.android/10272 for service Intent { cmp=com.twitter.android/androidx.work.impl.background.systemjob.SystemJobService }: AutoStart Limit
03-27 12:00:34.924 D/JobScheduler( 1245): Error executing JobStatus{748ed12 #u0a272/17935 com.twitter.android/androidx.work.impl.background.systemjob.SystemJobService u=0 s=10272 TIME=-10m57s310ms:none NET READY}
03-27 12:00:34.926 D/Griffin/ComponentManager( 1245): Limit start proc:com.smmservice.printer for 3rd-normal-service caller=system/1245,Intent { cmp=com.smmservice.printer/com.google.android.datatransport.runtime.scheduling.jobscheduling.JobInfoSchedulerService }
03-27 12:00:34.927 W/ActivityManager( 1245): Unable to launch app com.smmservice.printer/10359 for service Intent { cmp=com.smmservice.printer/com.google.android.datatransport.runtime.scheduling.jobscheduling.JobInfoSchedulerService }: AutoStart Limit
03-27 12:00:34.928 D/JobScheduler( 1245): Error executing JobStatus{fc364a3 #u0a359/-1150540221 com.smmservice.printer/com.google.android.datatransport.runtime.scheduling.jobscheduling.JobInfoSchedulerService u=0 s=10359 TIME=-11m26s384ms:none NET READY}
03-27 12:00:34.929 D/Griffin/ComponentManager( 1245): Limit start proc:com.smmservice.printer for 3rd-normal-service caller=system/1245,Intent { cmp=com.smmservice.printer/com.google.android.datatransport.runtime.scheduling.jobscheduling.JobInfoSchedulerService }
03-27 12:00:34.930 W/ActivityManager( 1245): Unable to launch app com.smmservice.printer/10359 for service Intent { cmp=com.smmservice.printer/com.google.android.datatransport.runtime.scheduling.jobscheduling.JobInfoSchedulerService }: AutoStart Limit
03-27 12:00:34.930 D/JobScheduler( 1245): Error executing JobStatus{d5854e #u0a359/-1183239761 com.smmservice.printer/com.google.android.datatransport.runtime.scheduling.jobscheduling.JobInfoSchedulerService u=0 s=10359 TIME=-11m25s594ms:none NET READY}
03-27 12:00:34.931 D/Griffin/ComponentManager( 1245): Limit start proc:com.twitter.android for 3rd-normal-service caller=system/1245,Intent { cmp=com.twitter.android/androidx.work.impl.background.systemjob.SystemJobService }
03-27 12:00:34.932 W/ActivityManager( 1245): Unable to launch app com.twitter.android/10272 for service Intent { cmp=com.twitter.android/androidx.work.impl.background.systemjob.SystemJobService }: AutoStart Limit
03-27 12:00:34.933 D/JobScheduler( 1245): Error executing JobStatus{c158dcf #u0a272/17938 com.twitter.android/androidx.work.impl.background.systemjob.SystemJobService u=0 s=10272 NET READY}
03-27 12:00:35.010 E/lowmemorykiller(  392): zhou_debug--file=975744kB,low=0,file_threshold:780680Kb
03-27 12:00:35.026 W/om.rlk.weather( 4504): JIT profile information will not be recorded: profile file does not exist.
03-27 12:00:35.026 W/om.rlk.weather( 4504): JIT profile information will not be recorded: profile file does not exist.
03-27 12:00:35.072 I/LoadedApk( 4504): No resource references to update in package com.transsion.theme.icon
03-27 12:00:35.074 D/NetworkSecurityConfig( 4504): Using Network Security Config from resource network_security_config debugBuild: false
03-27 12:00:35.079 D/NetworkSecurityConfig( 4504): Using Network Security Config from resource network_security_config debugBuild: false
03-27 12:00:35.110 E/lowmemorykiller(  392): zhou_debug--file=973804kB,low=0,file_threshold:780680Kb
03-27 12:00:35.206 I/FirebaseApp( 4504): Device unlocked: initializing all Firebase APIs for app [DEFAULT]
03-27 12:00:35.210 E/lowmemorykiller(  392): zhou_debug--file=978228kB,low=0,file_threshold:780680Kb
03-27 12:00:35.212 I/FirebaseCrashlytics( 4504): Initializing Firebase Crashlytics 18.3.5 for com.rlk.weathers
03-27 12:00:35.273 D/AppTurboFactory( 4504): AppTurboFactory new
03-27 12:00:35.276 D/AppTurboService( 4504): mTidEnabled false
03-27 12:00:35.294 I/DynamiteModule( 4504): Considering local module com.google.android.gms.measurement.dynamite:86 and remote module com.google.android.gms.measurement.dynamite:103
03-27 12:00:35.294 I/DynamiteModule( 4504): Selected remote version of com.google.android.gms.measurement.dynamite, version >= 103
03-27 12:00:35.294 V/DynamiteModule( 4504): Dynamite loader version >= 2, using loadModule2NoCrashUtils
03-27 12:00:35.306 W/System  ( 4504): ClassLoader referenced unknown path: 
03-27 12:00:35.313 E/lowmemorykiller(  392): zhou_debug--file=971092kB,low=0,file_threshold:780680Kb
03-27 12:00:35.313 I/FirebaseInitProvider( 4504): FirebaseApp initialization successful
03-27 12:00:35.315 V/SettingsProvider( 1245): packageValueForCallResult, name = sqlite_compatibility_wal_flags, value : Bundle[{_track_generation=android.util.MemoryIntArray@ab, value=, _generation_index=0, _generation=1828}]
03-27 12:00:35.323 D/WeatherContentProvider( 4504): onCreate: addWeatherListener
03-27 12:00:35.357 V/LibLocation( 4504): config in manifest key=com.transsion.liblocation.google.GoogleStrategy
03-27 12:00:35.357 W/Bundle  ( 4504): Key com.android.vending.derived.apk.id expected String but value was a java.lang.Integer.  The default value <null> was returned.
03-27 12:00:35.361 W/Bundle  ( 4504): Attempt to cast generated internal exception:
03-27 12:00:35.361 W/Bundle  ( 4504): java.lang.ClassCastException: java.lang.Integer cannot be cast to java.lang.String
03-27 12:00:35.361 W/Bundle  ( 4504): 	at android.os.BaseBundle.getString(BaseBundle.java:1199)
03-27 12:00:35.361 W/Bundle  ( 4504): 	at u3.d.a(LibLocationManager.kt:11)
03-27 12:00:35.361 W/Bundle  ( 4504): 	at com.transsion.liblocation.LibLocationInitializer.create(LibLocationInitializer.kt:4)
03-27 12:00:35.361 W/Bundle  ( 4504): 	at androidx.startup.AppInitializer.doInitialize(AppInitializer.java:17)
03-27 12:00:35.361 W/Bundle  ( 4504): 	at androidx.startup.AppInitializer.discoverAndInitialize(AppInitializer.java:22)
03-27 12:00:35.361 W/Bundle  ( 4504): 	at androidx.startup.AppInitializer.discoverAndInitialize(AppInitializer.java:7)
03-27 12:00:35.361 W/Bundle  ( 4504): 	at androidx.startup.InitializationProvider.onCreate(InitializationProvider.java:3)
03-27 12:00:35.361 W/Bundle  ( 4504): 	at android.content.ContentProvider.attachInfo(ContentProvider.java:2394)
03-27 12:00:35.361 W/Bundle  ( 4504): 	at android.content.ContentProvider.attachInfo(ContentProvider.java:2364)
03-27 12:00:35.361 W/Bundle  ( 4504): 	at android.app.ActivityThread.installProvider(ActivityThread.java:7612)
03-27 12:00:35.361 W/Bundle  ( 4504): 	at android.app.ActivityThread.installContentProviders(ActivityThread.java:7148)
03-27 12:00:35.361 W/Bundle  ( 4504): 	at android.app.ActivityThread.handleBindApplication(ActivityThread.java:7065)
03-27 12:00:35.361 W/Bundle  ( 4504): 	at android.app.ActivityThread.access$1500(ActivityThread.java:263)
03-27 12:00:35.361 W/Bundle  ( 4504): 	at android.app.ActivityThread$H.handleMessage(ActivityThread.java:2039)
03-27 12:00:35.361 W/Bundle  ( 4504): 	at android.os.Handler.dispatchMessage(Handler.java:106)
03-27 12:00:35.361 W/Bundle  ( 4504): 	at android.os.Looper.loop(Looper.java:268)
03-27 12:00:35.361 W/Bundle  ( 4504): 	at android.app.ActivityThread.main(ActivityThread.java:8046)
03-27 12:00:35.361 W/Bundle  ( 4504): 	at java.lang.reflect.Method.invoke(Native Method)
03-27 12:00:35.361 W/Bundle  ( 4504): 	at com.android.internal.os.RuntimeInit$MethodAndArgsCaller.run(RuntimeInit.java:627)
03-27 12:00:35.361 W/Bundle  ( 4504): 	at com.android.internal.os.ZygoteInit.main(ZygoteInit.java:997)
03-27 12:00:35.362 W/Bundle  ( 4504): Key com.android.vending.splits.required expected String but value was a java.lang.Boolean.  The default value <null> was returned.
03-27 12:00:35.363 W/Bundle  ( 4504): Attempt to cast generated internal exception:
03-27 12:00:35.363 W/Bundle  ( 4504): java.lang.ClassCastException: java.lang.Boolean cannot be cast to java.lang.String
03-27 12:00:35.363 W/Bundle  ( 4504): 	at android.os.BaseBundle.getString(BaseBundle.java:1199)
03-27 12:00:35.363 W/Bundle  ( 4504): 	at u3.d.a(LibLocationManager.kt:11)
03-27 12:00:35.363 W/Bundle  ( 4504): 	at com.transsion.liblocation.LibLocationInitializer.create(LibLocationInitializer.kt:4)
03-27 12:00:35.363 W/Bundle  ( 4504): 	at androidx.startup.AppInitializer.doInitialize(AppInitializer.java:17)
03-27 12:00:35.363 W/Bundle  ( 4504): 	at androidx.startup.AppInitializer.discoverAndInitialize(AppInitializer.java:22)
03-27 12:00:35.363 W/Bundle  ( 4504): 	at androidx.startup.AppInitializer.discoverAndInitialize(AppInitializer.java:7)
03-27 12:00:35.363 W/Bundle  ( 4504): 	at androidx.startup.InitializationProvider.onCreate(InitializationProvider.java:3)
03-27 12:00:35.363 W/Bundle  ( 4504): 	at android.content.ContentProvider.attachInfo(ContentProvider.java:2394)
03-27 12:00:35.363 W/Bundle  ( 4504): 	at android.content.ContentProvider.attachInfo(ContentProvider.java:2364)
03-27 12:00:35.363 W/Bundle  ( 4504): 	at android.app.ActivityThread.installProvider(ActivityThread.java:7612)
03-27 12:00:35.363 W/Bundle  ( 4504): 	at android.app.ActivityThread.installContentProviders(ActivityThread.java:7148)
03-27 12:00:35.363 W/Bundle  ( 4504): 	at android.app.ActivityThread.handleBindApplication(ActivityThread.java:7065)
03-27 12:00:35.363 W/Bundle  ( 4504): 	at android.app.ActivityThread.access$1500(ActivityThread.java:263)
03-27 12:00:35.363 W/Bundle  ( 4504): 	at android.app.ActivityThread$H.handleMessage(ActivityThread.java:2039)
03-27 12:00:35.363 W/Bundle  ( 4504): 	at android.os.Handler.dispatchMessage(Handler.java:106)
03-27 12:00:35.363 W/Bundle  ( 4504): 	at android.os.Looper.loop(Looper.java:268)
03-27 12:00:35.363 W/Bundle  ( 4504): 	at android.app.ActivityThread.main(ActivityThread.java:8046)
03-27 12:00:35.363 W/Bundle  ( 4504): 	at java.lang.reflect.Method.invoke(Native Method)
03-27 12:00:35.363 W/Bundle  ( 4504): 	at com.android.internal.os.RuntimeInit$MethodAndArgsCaller.run(RuntimeInit.java:627)
03-27 12:00:35.363 W/Bundle  ( 4504): 	at com.android.internal.os.ZygoteInit.main(ZygoteInit.java:997)
03-27 12:00:35.363 W/Bundle  ( 4504): Key com.google.android.gms.version expected String but value was a java.lang.Integer.  The default value <null> was returned.
03-27 12:00:35.364 W/Bundle  ( 4504): Attempt to cast generated internal exception:
03-27 12:00:35.364 W/Bundle  ( 4504): java.lang.ClassCastException: java.lang.Integer cannot be cast to java.lang.String
03-27 12:00:35.364 W/Bundle  ( 4504): 	at android.os.BaseBundle.getString(BaseBundle.java:1199)
03-27 12:00:35.364 W/Bundle  ( 4504): 	at u3.d.a(LibLocationManager.kt:11)
03-27 12:00:35.364 W/Bundle  ( 4504): 	at com.transsion.liblocation.LibLocationInitializer.create(LibLocationInitializer.kt:4)
03-27 12:00:35.364 W/Bundle  ( 4504): 	at androidx.startup.AppInitializer.doInitialize(AppInitializer.java:17)
03-27 12:00:35.364 W/Bundle  ( 4504): 	at androidx.startup.AppInitializer.discoverAndInitialize(AppInitializer.java:22)
03-27 12:00:35.364 W/Bundle  ( 4504): 	at androidx.startup.AppInitializer.discoverAndInitialize(AppInitializer.java:7)
03-27 12:00:35.364 W/Bundle  ( 4504): 	at androidx.startup.InitializationProvider.onCreate(InitializationProvider.java:3)
03-27 12:00:35.364 W/Bundle  ( 4504): 	at android.content.ContentProvider.attachInfo(ContentProvider.java:2394)
03-27 12:00:35.364 W/Bundle  ( 4504): 	at android.content.ContentProvider.attachInfo(ContentProvider.java:2364)
03-27 12:00:35.364 W/Bundle  ( 4504): 	at android.app.ActivityThread.installProvider(ActivityThread.java:7612)
03-27 12:00:35.364 W/Bundle  ( 4504): 	at android.app.ActivityThread.installContentProviders(ActivityThread.java:7148)
03-27 12:00:35.364 W/Bundle  ( 4504): 	at android.app.ActivityThread.handleBindApplication(ActivityThread.java:7065)
03-27 12:00:35.364 W/Bundle  ( 4504): 	at android.app.ActivityThread.access$1500(ActivityThread.java:263)
03-27 12:00:35.364 W/Bundle  ( 4504): 	at android.app.ActivityThread$H.handleMessage(ActivityThread.java:2039)
03-27 12:00:35.364 W/Bundle  ( 4504): 	at android.os.Handler.dispatchMessage(Handler.java:106)
03-27 12:00:35.364 W/Bundle  ( 4504): 	at android.os.Looper.loop(Looper.java:268)
03-27 12:00:35.364 W/Bundle  ( 4504): 	at android.app.ActivityThread.main(ActivityThread.java:8046)
03-27 12:00:35.364 W/Bundle  ( 4504): 	at java.lang.reflect.Method.invoke(Native Method)
03-27 12:00:35.364 W/Bundle  ( 4504): 	at com.android.internal.os.RuntimeInit$MethodAndArgsCaller.run(RuntimeInit.java:627)
03-27 12:00:35.364 W/Bundle  ( 4504): 	at com.android.internal.os.ZygoteInit.main(ZygoteInit.java:997)
03-27 12:00:35.364 W/Bundle  ( 4504): Key com.android.vending.splits expected String but value was a java.lang.Integer.  The default value <null> was returned.
03-27 12:00:35.365 W/Bundle  ( 4504): Attempt to cast generated internal exception:
03-27 12:00:35.365 W/Bundle  ( 4504): java.lang.ClassCastException: java.lang.Integer cannot be cast to java.lang.String
03-27 12:00:35.365 W/Bundle  ( 4504): 	at android.os.BaseBundle.getString(BaseBundle.java:1199)
03-27 12:00:35.365 W/Bundle  ( 4504): 	at u3.d.a(LibLocationManager.kt:11)
03-27 12:00:35.365 W/Bundle  ( 4504): 	at com.transsion.liblocation.LibLocationInitializer.create(LibLocationInitializer.kt:4)
03-27 12:00:35.365 W/Bundle  ( 4504): 	at androidx.startup.AppInitializer.doInitialize(AppInitializer.java:17)
03-27 12:00:35.365 W/Bundle  ( 4504): 	at androidx.startup.AppInitializer.discoverAndInitialize(AppInitializer.java:22)
03-27 12:00:35.365 W/Bundle  ( 4504): 	at androidx.startup.AppInitializer.discoverAndInitialize(AppInitializer.java:7)
03-27 12:00:35.365 W/Bundle  ( 4504): 	at androidx.startup.InitializationProvider.onCreate(InitializationProvider.java:3)
03-27 12:00:35.365 W/Bundle  ( 4504): 	at android.content.ContentProvider.attachInfo(ContentProvider.java:2394)
03-27 12:00:35.365 W/Bundle  ( 4504): 	at android.content.ContentProvider.attachInfo(ContentProvider.java:2364)
03-27 12:00:35.365 W/Bundle  ( 4504): 	at android.app.ActivityThread.installProvider(ActivityThread.java:7612)
03-27 12:00:35.365 W/Bundle  ( 4504): 	at android.app.ActivityThread.installContentProviders(ActivityThread.java:7148)
03-27 12:00:35.365 W/Bundle  ( 4504): 	at android.app.ActivityThread.handleBindApplication(ActivityThread.java:7065)
03-27 12:00:35.365 W/Bundle  ( 4504): 	at android.app.ActivityThread.access$1500(ActivityThread.java:263)
03-27 12:00:35.365 W/Bundle  ( 4504): 	at android.app.ActivityThread$H.handleMessage(ActivityThread.java:2039)
03-27 12:00:35.365 W/Bundle  ( 4504): 	at android.os.Handler.dispatchMessage(Handler.java:106)
03-27 12:00:35.365 W/Bundle  ( 4504): 	at android.os.Looper.loop(Looper.java:268)
03-27 12:00:35.365 W/Bundle  ( 4504): 	at android.app.ActivityThread.main(ActivityThread.java:8046)
03-27 12:00:35.365 W/Bundle  ( 4504): 	at java.lang.reflect.Method.invoke(Native Method)
03-27 12:00:35.365 W/Bundle  ( 4504): 	at com.android.internal.os.RuntimeInit$MethodAndArgsCaller.run(RuntimeInit.java:627)
03-27 12:00:35.365 W/Bundle  ( 4504): 	at com.android.internal.os.ZygoteInit.main(ZygoteInit.java:997)
03-27 12:00:35.373 D/WM-WrkMgrInitializer( 4504): Initializing WorkManager with default configuration.
03-27 12:00:35.382 I/TetheringManager( 4504): registerTetheringEventCallback:com.rlk.weathers
03-27 12:00:35.394 E/WeatherPro( 4504): onCreate: current channel is gp
03-27 12:00:35.394 I/WeatherPro( 4504): <onCreate> version: 6.2.0.008, env: pro
03-27 12:00:35.394 E/WeatherPro( 4504): onCreate: system lang: en
03-27 12:00:35.413 E/lowmemorykiller(  392): zhou_debug--file=970952kB,low=0,file_threshold:780680Kb
03-27 12:00:35.424 D/TlcTeeKeyMaster(  450): TEE_ExportKey
03-27 12:00:35.424 D/TlcTeeKeyMaster(  450): export_format = 0x00000000
03-27 12:00:35.427 D/TlcTeeKeyMaster(  450): TEE_ExportKey exiting with 0
03-27 12:00:35.438 I/om.rlk.weather( 4504): Thread[1,tid=4504,Native,Thread*=0xb400007685867010,peer=0x71c37288,"main"] recursive attempt to load library "/data/app/~~qbEpjGaFiJB7I25A7572sQ==/com.rlk.weathers-0qgdWPtikzRJnChH19YsIQ==/split_config.arm64_v8a.apk!/lib/arm64-v8a/libtrace-canary.so"
03-27 12:00:35.439 I/om.rlk.weather( 4504): Thread[1,tid=4504,Native,Thread*=0xb400007685867010,peer=0x71c37288,"main"] recursive attempt to load library "/data/app/~~qbEpjGaFiJB7I25A7572sQ==/com.rlk.weathers-0qgdWPtikzRJnChH19YsIQ==/split_config.arm64_v8a.apk!/lib/arm64-v8a/libtrace-canary.so"
03-27 12:00:35.440 E/WeatherPro( 4504): OS type : xos
03-27 12:00:35.440 E/WeatherPro( 4504): OS version(xos10.0.0) :  10.0.0
03-27 12:00:35.440 E/WeatherPro( 4504): OS isAfterOS13.5: false
03-27 12:00:35.444 D/AiG/AthenaUtils( 4504): <checkGDPR> : GDPR isEnable:false
03-27 12:00:35.445 D/TlcTeeKeyMaster(  450): TEE_ExportKey
03-27 12:00:35.445 D/TlcTeeKeyMaster(  450): export_format = 0x00000000
03-27 12:00:35.447 D/TlcTeeKeyMaster(  450): TEE_ExportKey exiting with 0
03-27 12:00:35.449 E/GlobalData( 4504): initDatas: cityIds = []
03-27 12:00:35.450 E/WeatherPro( 4504): initWorker: WidgetTimingWorker
03-27 12:00:35.452 D/TlcTeeKeyMaster(  450): TEE_ExportKey
03-27 12:00:35.452 D/TlcTeeKeyMaster(  450): export_format = 0x00000000
03-27 12:00:35.454 D/TlcTeeKeyMaster(  450): TEE_ExportKey exiting with 0
03-27 12:00:35.459 D/TlcTeeKeyMaster(  450): TEE_Begin
03-27 12:00:35.459 D/TlcTeeKeyMaster(  450): purpose = 0x00000001
03-27 12:00:35.461 D/TlcTeeKeyMaster(  450): find_spare_operation_slot: allocate op 0xfafa18945f8e3bbc to slot #0 (1 ops live)
03-27 12:00:35.463 D/TlcTeeKeyMaster(  450): TEE_Begin exiting with 0
03-27 12:00:35.466 D/TlcTeeKeyMaster(  450): TEE_Update
03-27 12:00:35.466 D/TlcTeeKeyMaster(  450): split_update_chunks
03-27 12:00:35.470 D/TlcTeeKeyMaster(  450): TEE_Update exiting with 0
03-27 12:00:35.471 D/TlcTeeKeyMaster(  450): TEE_ExportKey
03-27 12:00:35.471 D/TlcTeeKeyMaster(  450): export_format = 0x00000000
03-27 12:00:35.474 D/Ethernet( 1245): got request NetworkRequest [ TRACK_DEFAULT id=51405, [ Capabilities: INTERNET&NOT_RESTRICTED&TRUSTED Uid: 10190 AdministratorUids: [] RequestorUid: 10190 RequestorPackageName: com.rlk.weathers] ] with score 50 and providerId 4
03-27 12:00:35.475 D/UntrustedWifiNetworkFactory( 1245): got request NetworkRequest [ TRACK_DEFAULT id=51405, [ Capabilities: INTERNET&NOT_RESTRICTED&TRUSTED Uid: 10190 AdministratorUids: [] RequestorUid: 10190 RequestorPackageName: com.rlk.weathers] ] with score 50 and providerId 4
03-27 12:00:35.475 D/WifiNetworkFactory( 1245): got request NetworkRequest [ TRACK_DEFAULT id=51405, [ Capabilities: INTERNET&NOT_RESTRICTED&TRUSTED Uid: 10190 AdministratorUids: [] RequestorUid: 10190 RequestorPackageName: com.rlk.weathers] ] with score 50 and providerId 4
03-27 12:00:35.475 D/PhoneSwitcherNetworkRequstListener( 1744): got request NetworkRequest [ TRACK_DEFAULT id=51405, [ Capabilities: INTERNET&NOT_RESTRICTED&TRUSTED Uid: 10190 AdministratorUids: [] RequestorUid: 10190 RequestorPackageName: com.rlk.weathers] ] with score 50 and providerId 4
03-27 12:00:35.476 I/TranPhoneSwitcher( 1744): msg103
03-27 12:00:35.483 D/TlcTeeKeyMaster(  450): TEE_ExportKey exiting with 0
03-27 12:00:35.484 D/TlcTeeKeyMaster(  450): TEE_Finish
03-27 12:00:35.484 D/TlcTeeKeyMaster(  450): split_update_chunks
03-27 12:00:35.502 I/AlarmReceiver( 4504): online dailyNotifyMorningAt=8, dailyNotifyNightAt=20
03-27 12:00:35.509 D/TlcTeeKeyMaster(  450): release_operation_slot: release op slot #0 (handle 0xfafa18945f8e3bbc; 0 ops live)
03-27 12:00:35.509 D/TlcTeeKeyMaster(  450): TEE_Finish exiting with 0
03-27 12:00:35.511 D/Griffin/ComponentManager( 1245): Limit start proc:com.sec.android.app.shealth for 3rd-normal-service caller=system/1245,Intent { cmp=com.sec.android.app.shealth/com.samsung.android.app.shealth.home.report.ReportRequestService }
03-27 12:00:35.511 W/ActivityManager( 1245): Unable to launch app com.sec.android.app.shealth/10340 for service Intent { cmp=com.sec.android.app.shealth/com.samsung.android.app.shealth.home.report.ReportRequestService }: AutoStart Limit
03-27 12:00:35.512 D/JobScheduler( 1245): Error executing JobStatus{c46c6ec #u0a340/5000011 com.sec.android.app.shealth/com.samsung.android.app.shealth.home.report.ReportRequestService u=0 s=10340 TIME=-25d2h3m53s393ms:-25d2h3m53s393ms PERSISTED READY}
03-27 12:00:35.513 E/lowmemorykiller(  392): zhou_debug--file=963712kB,low=0,file_threshold:780680Kb
03-27 12:00:35.513 I/AlarmReceiver( 4504): morningTime=java.util.GregorianCalendar[time=1711587600509,areFieldsSet=true,areAllFieldsSet=true,lenient=true,zone=libcore.util.ZoneInfo[id="Asia/Jakarta",mRawOffset=25200000,mEarliestRawOffset=25632000,mUseDst=false,mDstSavings=0,transitions=8],firstDayOfWeek=1,minimalDaysInFirstWeek=1,ERA=1,YEAR=2024,MONTH=2,WEEK_OF_YEAR=13,WEEK_OF_MONTH=5,DAY_OF_MONTH=28,DAY_OF_YEAR=88,DAY_OF_WEEK=5,DAY_OF_WEEK_IN_MONTH=4,AM_PM=0,HOUR=8,HOUR_OF_DAY=8,MINUTE=0,SECOND=0,MILLISECOND=509,ZONE_OFFSET=25200000,DST_OFFSET=0], intervalMillis=86400000
03-27 12:00:35.513 D/TlcTeeKeyMaster(  450): TEE_Begin
03-27 12:00:35.513 D/TlcTeeKeyMaster(  450): purpose = 0x00000001
03-27 12:00:35.513 D/Griffin/ComponentManager( 1245): Limit start proc:com.sec.android.app.shealth for 3rd-normal-service caller=system/1245,Intent { cmp=com.sec.android.app.shealth/com.sec.android.diagmonagent.log.ged.scheduler.GEDJobService }
03-27 12:00:35.514 W/ActivityManager( 1245): Unable to launch app com.sec.android.app.shealth/10340 for service Intent { cmp=com.sec.android.app.shealth/com.sec.android.diagmonagent.log.ged.scheduler.GEDJobService }: AutoStart Limit
03-27 12:00:35.514 I/AlarmReceiver( 4504): nightTime=java.util.GregorianCalendar[time=?,areFieldsSet=false,areAllFieldsSet=true,lenient=true,zone=libcore.util.ZoneInfo[id="Asia/Jakarta",mRawOffset=25200000,mEarliestRawOffset=25632000,mUseDst=false,mDstSavings=0,transitions=8],firstDayOfWeek=1,minimalDaysInFirstWeek=1,ERA=1,YEAR=2024,MONTH=2,WEEK_OF_YEAR=13,WEEK_OF_MONTH=5,DAY_OF_MONTH=27,DAY_OF_YEAR=87,DAY_OF_WEEK=4,DAY_OF_WEEK_IN_MONTH=4,AM_PM=1,HOUR=8,HOUR_OF_DAY=20,MINUTE=0,SECOND=0,MILLISECOND=509,ZONE_OFFSET=25200000,DST_OFFSET=0], intervalMillis=86400000
03-27 12:00:35.514 D/JobScheduler( 1245): Error executing JobStatus{9e5a54a #u0a340/75419411 com.sec.android.app.shealth/com.sec.android.diagmonagent.log.ged.scheduler.GEDJobService u=0 s=10340 TIME=-25d2h3m53s395ms:-25d2h3m53s395ms NET PERIODIC PERSISTED READY}
03-27 12:00:35.514 I/WeatherPro( 4504): intent=Intent { act=com.rlk.weathers.alarm cmp=com.rlk.weathers/com.transsion.weather.app.receiver.AlarmReceiver (has extras) }
03-27 12:00:35.515 D/ApplicationPackageManager( 4504): [getText] isMxtcMarket: false
03-27 12:00:35.515 D/Griffin/ComponentManager( 1245): Limit start proc:com.sec.android.app.shealth:remote for 3rd-normal-service caller=system/1245,Intent { cmp=com.sec.android.app.shealth/com.samsung.android.app.shealth.wearable.server.application.WearableServerJobService }
03-27 12:00:35.516 W/ActivityManager( 1245): Unable to launch app com.sec.android.app.shealth/10340 for service Intent { cmp=com.sec.android.app.shealth/com.samsung.android.app.shealth.wearable.server.application.WearableServerJobService }: AutoStart Limit
03-27 12:00:35.516 D/TlcTeeKeyMaster(  450): find_spare_operation_slot: allocate op 0x7ca5a1c2a855b394 to slot #0 (1 ops live)
03-27 12:00:35.516 D/JobScheduler( 1245): Error executing JobStatus{146cab5 #u0a340/4700002 com.sec.android.app.shealth/com.samsung.android.app.shealth.wearable.server.application.WearableServerJobService u=0 s=10340 TIME=-25d2h3m53s397ms:-25d2h3m53s397ms PERIODIC PERSISTED READY}
03-27 12:00:35.517 D/TlcTeeKeyMaster(  450): TEE_Begin exiting with 0
03-27 12:00:35.518 D/Griffin/ComponentManager( 1245): Limit start proc:id.co.acehardware.acerewards for 3rd-normal-service caller=system/1245,Intent { cmp=id.co.acehardware.acerewards/com.moengage.pushamp.internal.PushAmpSyncJob }
03-27 12:00:35.518 W/ActivityManager( 1245): Unable to launch app id.co.acehardware.acerewards/10269 for service Intent { cmp=id.co.acehardware.acerewards/com.moengage.pushamp.internal.PushAmpSyncJob }: AutoStart Limit
03-27 12:00:35.518 D/JobScheduler( 1245): Error executing JobStatus{e65d31 #u0a269/20002 id.co.acehardware.acerewards/com.moengage.pushamp.internal.PushAmpSyncJob u=0 s=10269 TIME=-25d2h3m53s400ms:+19508d8h42m59s266ms NET PERSISTED READY}
03-27 12:00:35.519 I/FA      ( 4504): App measurement initialized, version: 85007
03-27 12:00:35.519 I/FA      ( 4504): To enable debug logging run: adb shell setprop log.tag.FA VERBOSE
03-27 12:00:35.519 D/TlcTeeKeyMaster(  450): TEE_Update
03-27 12:00:35.519 D/TlcTeeKeyMaster(  450): split_update_chunks
03-27 12:00:35.519 I/FA      ( 4504): To enable faster debug mode event logging run:
03-27 12:00:35.519 I/FA      ( 4504):   adb shell setprop debug.firebase.analytics.app com.rlk.weathers
03-27 12:00:35.520 D/Griffin/ComponentManager( 1245): Limit start proc:com.newdt01usera.jack for 3rd-normal-service caller=system/1245,Intent { cmp=com.newdt01usera.jack/com.startapp.sdk.jobs.SchedulerService }
03-27 12:00:35.520 W/ActivityManager( 1245): Unable to launch app com.newdt01usera.jack/10220 for service Intent { cmp=com.newdt01usera.jack/com.startapp.sdk.jobs.SchedulerService }: AutoStart Limit
03-27 12:00:35.520 D/JobScheduler( 1245): Error executing JobStatus{affc31c #u0a220/466320417 com.newdt01usera.jack/com.startapp.sdk.jobs.SchedulerService u=0 s=10220 TIME=-25d2h3m53s400ms:-25d2h3m53s400ms NET PERIODIC PERSISTED READY}
03-27 12:00:35.521 I/WeatherPro( 4504): intent=Intent { act=com.rlk.weathers.alarm cmp=com.rlk.weathers/com.transsion.weather.app.receiver.AlarmReceiver (has extras) }
03-27 12:00:35.522 D/TlcTeeKeyMaster(  450): TEE_Update exiting with 0
03-27 12:00:35.523 D/Griffin/ComponentManager( 1245): Limit start proc:com.newdt01usera.jack for 3rd-normal-service caller=system/1245,Intent { cmp=com.newdt01usera.jack/com.startapp.sdk.jobs.SchedulerService }
03-27 12:00:35.523 W/ActivityManager( 1245): Unable to launch app com.newdt01usera.jack/10220 for service Intent { cmp=com.newdt01usera.jack/com.startapp.sdk.jobs.SchedulerService }: AutoStart Limit
03-27 12:00:35.523 D/JobScheduler( 1245): Error executing JobStatus{2b6548f #u0a220/1193833315 com.newdt01usera.jack/com.startapp.sdk.jobs.SchedulerService u=0 s=10220 TIME=-25d2h3m53s403ms:-25d2h3m53s403ms NET PERIODIC PERSISTED READY}
03-27 12:00:35.524 D/TlcTeeKeyMaster(  450): TEE_Finish
03-27 12:00:35.524 D/TlcTeeKeyMaster(  450): split_update_chunks
03-27 12:00:35.526 D/Griffin/ComponentManager( 1245): Limit start proc:com.kfc.mobile:tools for 3rd-normal-service caller=system/1245,Intent { cmp=com.kfc.mobile/com.alipay.iap.android.aplog.service.LogServiceInToolsProcess }
03-27 12:00:35.526 W/ActivityManager( 1245): Unable to launch app com.kfc.mobile/10254 for service Intent { cmp=com.kfc.mobile/com.alipay.iap.android.aplog.service.LogServiceInToolsProcess }: AutoStart Limit
03-27 12:00:35.526 D/JobScheduler( 1245): Error executing JobStatus{e20ec14 #u0a254/1943 com.kfc.mobile/com.alipay.iap.android.aplog.service.LogServiceInToolsProcess u=0 s=10254 TIME=none:-25d1h57m51s140ms READY}
03-27 12:00:35.528 D/Griffin/ComponentManager( 1245): Limit start proc:id.dana:tools for 3rd-normal-service caller=system/1245,Intent { cmp=id.dana/com.alipay.iap.android.aplog.service.LogServiceInToolsProcess }
03-27 12:00:35.528 W/ActivityManager( 1245): Unable to launch app id.dana/10249 for service Intent { cmp=id.dana/com.alipay.iap.android.aplog.service.LogServiceInToolsProcess }: AutoStart Limit
03-27 12:00:35.529 D/JobScheduler( 1245): Error executing JobStatus{d1979e #u0a249/1943 id.dana/com.alipay.iap.android.aplog.service.LogServiceInToolsProcess u=0 s=10249 TIME=none:-24d13h4m39s555ms READY}
03-27 12:00:35.529 E/WeatherPro( 4504): onChange (xos_launcher_text_color) widget color: -1
03-27 12:00:35.530 D/Griffin/ComponentManager( 1245): Limit start proc:id.flip for 3rd-normal-service caller=system/1245,Intent { cmp=id.flip/com.moengage.core.internal.data.reports.DataSyncJob }
03-27 12:00:35.531 W/ActivityManager( 1245): Unable to launch app id.flip/10276 for service Intent { cmp=id.flip/com.moengage.core.internal.data.reports.DataSyncJob }: AutoStart Limit
03-27 12:00:35.531 D/JobScheduler( 1245): Error executing JobStatus{b3ef38f #u0a276/90003 id.flip/com.moengage.core.internal.data.reports.DataSyncJob u=0 s=10276 TIME=-23d16h43m54s129ms:-23d16h13m54s129ms NET READY}
03-27 12:00:35.534 D/Griffin/ComponentManager( 1245): Limit start proc:com.telkom.mwallet for 3rd-normal-service caller=system/1245,Intent { cmp=com.telkom.mwallet/androidx.work.impl.background.systemjob.SystemJobService }
03-27 12:00:35.534 W/ActivityManager( 1245): Unable to launch app com.telkom.mwallet/10252 for service Intent { cmp=com.telkom.mwallet/androidx.work.impl.background.systemjob.SystemJobService }: AutoStart Limit
03-27 12:00:35.534 D/JobScheduler( 1245): Error executing JobStatus{b2a5e4b #u0a252/146 com.telkom.mwallet/androidx.work.impl.background.systemjob.SystemJobService u=0 s=10252 TIME=-15d0h52m36s366ms:none NET READY}
03-27 12:00:35.536 D/Griffin/ComponentManager( 1245): Limit start proc:com.jnpgroup.jnpgroup_app for 3rd-normal-service caller=system/1245,Intent { cmp=com.jnpgroup.jnpgroup_app/com.onesignal.SyncJobService }
03-27 12:00:35.536 W/ActivityManager( 1245): Unable to launch app com.jnpgroup.jnpgroup_app/10245 for service Intent { cmp=com.jnpgroup.jnpgroup_app/com.onesignal.SyncJobService }: AutoStart Limit
03-27 12:00:35.537 D/JobScheduler( 1245): Error executing JobStatus{26c870d #u0a245/2071862118 com.jnpgroup.jnpgroup_app/com.onesignal.SyncJobService u=0 s=10245 TIME=-14d16h0m29s788ms:none NET PERSISTED failures=1 READY}
03-27 12:00:35.539 D/Griffin/ComponentManager( 1245): Limit start proc:com.netflix.mediaclient for 3rd-normal-service caller=system/1245,Intent { cmp=com.netflix.mediaclient/.service.job.NetflixJobService }
03-27 12:00:35.539 W/ActivityManager( 1245): Unable to launch app com.netflix.mediaclient/10293 for service Intent { cmp=com.netflix.mediaclient/.service.job.NetflixJobService }: AutoStart Limit
03-27 12:00:35.540 D/JobScheduler( 1245): Error executing JobStatus{eb3bb24 #u0a293/2 com.netflix.mediaclient/.service.job.NetflixJobService u=0 s=10293 TIME=-13d0h48m5s680ms:-12d0h48m5s680ms NET PERIODIC READY}
03-27 12:00:35.542 D/Griffin/ComponentManager( 1245): Limit start proc:com.jotform.v2 for 3rd-normal-service caller=system/1245,Intent { cmp=com.jotform.v2/com.google.android.datatransport.runtime.scheduling.jobscheduling.JobInfoSchedulerService }
03-27 12:00:35.542 W/ActivityManager( 1245): Unable to launch app com.jotform.v2/10421 for service Intent { cmp=com.jotform.v2/com.google.android.datatransport.runtime.scheduling.jobscheduling.JobInfoSchedulerService }: AutoStart Limit
03-27 12:00:35.542 D/JobScheduler( 1245): Error executing JobStatus{4fb21b9 #u0a421/-663474666 com.jotform.v2/com.google.android.datatransport.runtime.scheduling.jobscheduling.JobInfoSchedulerService u=0 s=10421 TIME=-8d20h40m13s447ms:none NET READY}
03-27 12:00:35.544 D/Griffin/ComponentManager( 1245): Limit start proc:ovo.id for 3rd-normal-service caller=system/1245,Intent { cmp=ovo.id/com.google.android.datatransport.runtime.scheduling.jobscheduling.JobInfoSchedulerService }
03-27 12:00:35.544 W/ActivityManager( 1245): Unable to launch app ovo.id/10283 for service Intent { cmp=ovo.id/com.google.android.datatransport.runtime.scheduling.jobscheduling.JobInfoSchedulerService }: AutoStart Limit
03-27 12:00:35.544 D/JobScheduler( 1245): Error executing JobStatus{908b247 #u0a283/125054041 ovo.id/com.google.android.datatransport.runtime.scheduling.jobscheduling.JobInfoSchedulerService u=0 s=10283 TIME=-7d0h51m40s272ms:none NET READY}
03-27 12:00:35.545 D/Griffin/ComponentManager( 1245): Limit start proc:app.source.getcontact for 3rd-normal-service caller=system/1245,Intent { cmp=app.source.getcontact/com.google.android.datatransport.runtime.scheduling.jobscheduling.JobInfoSchedulerService }
03-27 12:00:35.546 W/ActivityManager( 1245): Unable to launch app app.source.getcontact/10222 for service Intent { cmp=app.source.getcontact/com.google.android.datatransport.runtime.scheduling.jobscheduling.JobInfoSchedulerService }: AutoStart Limit
03-27 12:00:35.546 D/JobScheduler( 1245): Error executing JobStatus{1c822f6 #u0a222/787559012 app.source.getcontact/com.google.android.datatransport.runtime.scheduling.jobscheduling.JobInfoSchedulerService u=0 s=10222 TIME=-3d20h33m32s1ms:none NET READY}
03-27 12:00:35.548 D/Griffin/ComponentManager( 1245): Limit start proc:app.source.getcontact for 3rd-normal-service caller=system/1245,Intent { cmp=app.source.getcontact/androidx.work.impl.background.systemjob.SystemJobService }
03-27 12:00:35.548 W/ActivityManager( 1245): Unable to launch app app.source.getcontact/10222 for service Intent { cmp=app.source.getcontact/androidx.work.impl.background.systemjob.SystemJobService }: AutoStart Limit
03-27 12:00:35.548 D/JobScheduler( 1245): Error executing JobStatus{a78f488 #u0a222/542 app.source.getcontact/androidx.work.impl.background.systemjob.SystemJobService u=0 s=10222 TIME=-2d20h33m30s944ms:none NET READY}
03-27 12:00:35.547 E/TranVersion( 4504): static initializer: e = Attempt to invoke virtual method 'java.lang.String java.lang.String.replace(java.lang.CharSequence, java.lang.CharSequence)' on a null object reference
03-27 12:00:35.549 D/TlcTeeKeyMaster(  450): release_operation_slot: release op slot #0 (handle 0x7ca5a1c2a855b394; 0 ops live)
03-27 12:00:35.549 D/TlcTeeKeyMaster(  450): TEE_Finish exiting with 0
03-27 12:00:35.549 W/TranVersion( 4504): THUBCore No support Call!!! method version = 33101, >>> ThubCore vserion = 0
03-27 12:00:35.549 W/TranVersion( 4504):  mthod version must <= ThubCore version.
03-27 12:00:35.549 W/TranVersion( 4504):  ---java.lang.Throwable
03-27 12:00:35.549 W/TranVersion( 4504): #com.transsion.hubsdk.common.version.TranVersion.isIntegratedThubCore[7]
03-27 12:00:35.549 W/TranVersion( 4504): #com.transsion.hubsdk.api.verifykey.TranVerifyKeyManager.getService[1]
03-27 12:00:35.549 W/TranVersion( 4504): #com.transsion.hubsdk.api.verifykey.TranVerifyKeyManager.verify[2]
