03-27 12:00:15.498 D/StackScroller(22321): updateContentHeight: finish = false, viewHeight = 169.0, viewTranslationY = -2.0, height = 1477
03-27 12:00:15.498 D/StackScroller(22321): updateContentHeight: finish = false, viewHeight = 70.0, viewTranslationY = -2.0, height = 1563
03-27 12:00:15.498 D/StackScroller(22321): updateContentHeight: finish = false, viewHeight = 224.0, viewTranslationY = -2.0, height = 1787
03-27 12:00:15.498 D/StackScroller(22321): updateContentHeight: finish = false, viewHeight = 169.0, viewTranslationY = -2.0, height = 1972
03-27 12:00:15.499 D/StackScroller(22321): updateContentHeight: finish = false, viewHeight = 78.0, viewTranslationY = -2.0, height = 2066
03-27 12:00:15.501 D/StackScroller(22321): updateContentHeight: finish = false, viewHeight = 128.0, viewTranslationY = -2.0, height = 144
03-27 12:00:15.501 D/StackScroller(22321): updateContentHeight: finish = false, viewHeight = 180.0, viewTranslationY = -2.0, height = 340
03-27 12:00:15.501 D/StackScroller(22321): updateContentHeight: finish = false, viewHeight = 169.0, viewTranslationY = -2.0, height = 525
03-27 12:00:15.501 D/StackScroller(22321): updateContentHeight: finish = false, viewHeight = 251.0, viewTranslationY = -2.0, height = 792
03-27 12:00:15.502 D/StackScroller(22321): updateContentHeight: finish = false, viewHeight = 169.0, viewTranslationY = -2.0, height = 977
03-27 12:00:15.502 D/StackScroller(22321): updateContentHeight: finish = false, viewHeight = 169.0, viewTranslationY = -2.0, height = 1162
03-27 12:00:15.502 D/StackScroller(22321): updateContentHeight: finish = false, viewHeight = 70.0, viewTranslationY = -2.0, height = 1248
03-27 12:00:15.502 D/StackScroller(22321): updateContentHeight: finish = false, viewHeight = 224.0, viewTranslationY = -2.0, height = 1472
03-27 12:00:15.502 D/StackScroller(22321): updateContentHeight: finish = false, viewHeight = 169.0, viewTranslationY = -2.0, height = 1657
03-27 12:00:15.502 D/StackScroller(22321): updateContentHeight: finish = false, viewHeight = 78.0, viewTranslationY = -2.0, height = 1751
03-27 12:00:15.513 D/StackScroller(22321): updateContentHeight: finish = false, viewHeight = 128.0, viewTranslationY = -2.0, height = 144
03-27 12:00:15.513 D/StackScroller(22321): updateContentHeight: finish = false, viewHeight = 180.0, viewTranslationY = -2.0, height = 340
03-27 12:00:15.513 D/StackScroller(22321): updateContentHeight: finish = false, viewHeight = 169.0, viewTranslationY = -2.0, height = 525
03-27 12:00:15.513 D/StackScroller(22321): updateContentHeight: finish = false, viewHeight = 251.0, viewTranslationY = -2.0, height = 792
03-27 12:00:15.514 D/StackScroller(22321): updateContentHeight: finish = false, viewHeight = 169.0, viewTranslationY = -2.0, height = 977
03-27 12:00:15.514 D/StackScroller(22321): updateContentHeight: finish = false, viewHeight = 169.0, viewTranslationY = -2.0, height = 1162
03-27 12:00:15.514 D/StackScroller(22321): updateContentHeight: finish = false, viewHeight = 70.0, viewTranslationY = -2.0, height = 1248
03-27 12:00:15.514 D/StackScroller(22321): updateContentHeight: finish = false, viewHeight = 224.0, viewTranslationY = -2.0, height = 1472
03-27 12:00:15.514 D/StackScroller(22321): updateContentHeight: finish = false, viewHeight = 169.0, viewTranslationY = -2.0, height = 1657
03-27 12:00:15.514 D/StackScroller(22321): updateContentHeight: finish = false, viewHeight = 78.0, viewTranslationY = -2.0, height = 1751
03-27 12:00:15.529 D/ApplicationPackageManager(22321): [getText] isMxtcMarket: false
03-27 12:00:15.529 I/chatty  (22321): uid=10161(com.transsion.faceid) SysUiBg identical 1 line
03-27 12:00:15.530 D/ApplicationPackageManager(22321): [getText] isMxtcMarket: false
03-27 12:00:15.535 I/BufferQueueProducer(  615): [StatusBar#0](this:0xb400007a2358e2e8,id:16435,api:1,p:22321,c:615) queueBuffer: fps=0.61 dur=1647.05 max=1647.05 min=1647.05
03-27 12:00:15.541 I/NotifContentInflater(22321): onViewApplied
03-27 12:00:15.542 I/hwcomposer(  595): [HWCDisplay] [Display_0 (type:1)] fps:0.606153,dur:1649.75,max:1649.75,min:1649.75  
03-27 12:00:15.545 D/StackScroller(22321): updateContentHeight: finish = false, viewHeight = 128.0, viewTranslationY = -2.0, height = 144
03-27 12:00:15.546 D/StackScroller(22321): updateContentHeight: finish = false, viewHeight = 180.0, viewTranslationY = -2.0, height = 340
03-27 12:00:15.546 D/StackScroller(22321): updateContentHeight: finish = false, viewHeight = 169.0, viewTranslationY = -2.0, height = 525
03-27 12:00:15.546 D/StackScroller(22321): updateContentHeight: finish = false, viewHeight = 251.0, viewTranslationY = -2.0, height = 792
03-27 12:00:15.546 D/StackScroller(22321): updateContentHeight: finish = false, viewHeight = 169.0, viewTranslationY = -2.0, height = 977
03-27 12:00:15.547 D/StackScroller(22321): updateContentHeight: finish = false, viewHeight = 169.0, viewTranslationY = -2.0, height = 1162
03-27 12:00:15.547 D/StackScroller(22321): updateContentHeight: finish = false, viewHeight = 70.0, viewTranslationY = -2.0, height = 1248
03-27 12:00:15.547 D/StackScroller(22321): updateContentHeight: finish = false, viewHeight = 224.0, viewTranslationY = -2.0, height = 1472
03-27 12:00:15.547 D/StackScroller(22321): updateContentHeight: finish = false, viewHeight = 169.0, viewTranslationY = -2.0, height = 1657
03-27 12:00:15.547 D/StackScroller(22321): updateContentHeight: finish = false, viewHeight = 78.0, viewTranslationY = -2.0, height = 1751
03-27 12:00:15.556 I/NotifContentInflater(22321): onViewApplied
03-27 12:00:15.557 D/game/all(22321): onNotificationUpdated: superGameHeadsUp = false  isGameHeadsUp = false  mIsHeadsUp = false
03-27 12:00:15.558 D/NotificationHeaderViewWrapper(22321): updateIcon: same icon, reason = onContentUpdated
03-27 12:00:15.558 W/ContrastColorUtil(22321): background can not be translucent: #f22c2d2e
03-27 12:00:15.563 D/StackScroller(22321): updateContentHeight: finish = false, viewHeight = 128.0, viewTranslationY = -2.0, height = 144
03-27 12:00:15.564 D/StackScroller(22321): updateContentHeight: finish = false, viewHeight = 180.0, viewTranslationY = -2.0, height = 340
03-27 12:00:15.564 D/StackScroller(22321): updateContentHeight: finish = false, viewHeight = 169.0, viewTranslationY = -2.0, height = 525
03-27 12:00:15.564 D/StackScroller(22321): updateContentHeight: finish = false, viewHeight = 251.0, viewTranslationY = -2.0, height = 792
03-27 12:00:15.564 D/StackScroller(22321): updateContentHeight: finish = false, viewHeight = 169.0, viewTranslationY = -2.0, height = 977
03-27 12:00:15.564 D/StackScroller(22321): updateContentHeight: finish = false, viewHeight = 169.0, viewTranslationY = -2.0, height = 1162
03-27 12:00:15.564 D/StackScroller(22321): updateContentHeight: finish = false, viewHeight = 70.0, viewTranslationY = -2.0, height = 1248
03-27 12:00:15.564 D/StackScroller(22321): updateContentHeight: finish = false, viewHeight = 224.0, viewTranslationY = -2.0, height = 1472
03-27 12:00:15.565 D/StackScroller(22321): updateContentHeight: finish = false, viewHeight = 169.0, viewTranslationY = -2.0, height = 1657
03-27 12:00:15.565 D/StackScroller(22321): updateContentHeight: finish = false, viewHeight = 78.0, viewTranslationY = -2.0, height = 1751
03-27 12:00:15.637 D/AAL     (  863): 03-27 12:00:15.615 BL=1478,ESS= 256, 03-27 12:00:15.626 BL=1479,ESS= 256, 
03-27 12:00:15.949 D/AES     ( 1245): AEEIOCTL_GET/SET_SF_STATE IOCTL,cmd= 1074294797, lParam=0. 
03-27 12:00:15.949 D/AES     ( 1245): AEEIOCTL_RT_MON_Kick IOCTL,cmd= 2147774474, lParam=300. 
03-27 12:00:16.542 I/OtherSimPSListener( 1744): mOthersign:4subid :1
03-27 12:00:16.543 D/MobileSignalController(22321): roaming = false , isCdma = false::mCurrentState.iconGroup-= IconGroup(NotDefaultData)
03-27 12:00:16.544 I/NetworkController.MobileSignalController(1)(22321): isImsOverWfc = false , mDisableWfc = false , mHideWfcInCsCall = false , isImsOverVoice = true , isLteNetWork = true,mCurrentState.imsRegState=0
03-27 12:00:16.545 D/StatusBarSignalPolicy(22321): state.show = truestate.mMobileVolteId = 2131233264 subId = 1
03-27 12:00:16.751 D/BufferPoolAccessor2.0(12125): evictor expired: 1, evicted: 0
03-27 12:00:17.093 D/MobileSignalController(22321): roaming = false , isCdma = false::mCurrentState.iconGroup-= IconGroup(4G)
03-27 12:00:17.093 I/TranPhoneSwitcher( 1744): mDefaultsign:3subid :6
03-27 12:00:17.094 I/NetworkController.MobileSignalController(6)(22321): isImsOverWfc = false , mDisableWfc = false , mHideWfcInCsCall = false , isImsOverVoice = false , isLteNetWork = true,mCurrentState.imsRegState=1
03-27 12:00:17.095 D/StatusBarSignalPolicy(22321): state.show = falsestate.mMobileVolteId = 0 subId = 6
03-27 12:00:17.227 D/DexOptExtImpl( 1245): dex2oat com.fransdedi.RevaApp delayed 97429ms for interval. 
03-27 12:00:17.958 I/TranPhoneSwitcher( 1744): mDefaultsign:3subid :6
03-27 12:00:17.959 D/MobileSignalController(22321): roaming = false , isCdma = false::mCurrentState.iconGroup-= IconGroup(4G)
03-27 12:00:17.959 I/NetworkController.MobileSignalController(6)(22321): isImsOverWfc = false , mDisableWfc = false , mHideWfcInCsCall = false , isImsOverVoice = false , isLteNetWork = true,mCurrentState.imsRegState=1
03-27 12:00:17.960 D/StatusBarSignalPolicy(22321): state.show = falsestate.mMobileVolteId = 0 subId = 6
03-27 12:00:18.112 D/AudioALSAStreamOut(  587): standby(), flag 0x6, set usePolicyDevice from false to true
03-27 12:00:18.112 D/AudioALSAStreamOut(  587): standbyStreamOut(), halRequest 0, mDestroy 0, flag 6
03-27 12:00:18.113 D/AudioALSAStreamOut(  587): close(), flags 6
03-27 12:00:18.113 D/AudioALSAStreamOut(  587): closeWavDump()
03-27 12:00:18.113 D/AudioALSAPlaybackHandlerNormal(  587): +close(), flag = 6, mDevice = 0x2
03-27 12:00:18.113 D/AudioALSAHardwareResourceManager(  587): +stopOutputDevice(), mOutputDevices = 0x2, mStartOutputDevicesCount = 1
03-27 12:00:18.113 D/AudioALSADeviceConfigManager(  587): ApplyDeviceTurnoffSequenceByName(), DeviceName = ext_speaker_output descriptor->DeviceStatusCounter = 1
03-27 12:00:18.114 D/AudioALSADeviceConfigManager(  587): ApplyDeviceTurnoffSequenceByName(), DeviceName = headphone_output descriptor->DeviceStatusCounter = 1
03-27 12:00:18.134 D/AudioALSAHardwareResourceManager(  587): notifyOutputDeviceStatusChange(), device = 2, status = 1, sampleRate = 0, mOpenSpeakerPathCount = 0
03-27 12:00:18.134 D/AudioALSAStreamManager(  587): speakerStatusChangeCb(), status = 1, sampleRate = 0
03-27 12:00:18.137 D/AudioALSAPlaybackHandlerBase(  587): -closePcmDriver(), mPcm = 0x0
03-27 12:00:18.137 D/AudioALSAPlaybackHandlerNormal(  587): SetLowJitterMode(), bypass low jitter mode, bEnable = 0, device = 0x2, SampleRate = 48000
03-27 12:00:18.137 D/AudioALSAPlaybackHandlerBase(  587): DestroyAurisysLibManager()
03-27 12:00:18.137 D/aurisys_lib_handler(  587): aurisys_arsi_destroy_handler(), lib_name mtk_bessound, 0xec487510, arsi_destroy_handler, arsi_handler = 0xeeb7d030, retval = 0
03-27 12:00:18.138 D/aurisys_lib_manager(  587): delete_aurisys_lib_manager(), manager 0xed481190
03-27 12:00:18.138 D/AudioALSAPlaybackHandlerBase(  587): closeWavDump()
03-27 12:00:18.138 D/AudioALSAPlaybackHandlerNormal(  587): -close()
03-27 12:00:18.143 I/system_server( 1245): oneway function results will be dropped but finished with status OK and parcel size 4
03-27 12:00:18.781 I/PhenotypeProcessReaper( 2749): Memory state is: 100
03-27 12:00:18.909 I/BufferQueueProducer(  615): [StatusBar#0](this:0xb400007a2358e2e8,id:16435,api:1,p:22321,c:615) queueBuffer: fps=3.85 dur=3374.82 max=3237.36 min=4.42
03-27 12:00:18.922 I/hwcomposer(  595): [HWCDisplay] [Display_0 (type:1)] fps:3.846739,dur:3379.49,max:3234.68,min:10.26  
03-27 12:00:19.687 W/TeeEndorsementInstaller(  629): Endorsement token not found, wait a bit longer [vendor/mediatek/proprietary/trustzone/trustonic/source/external/mobicore/common/500/Daemon/src/EndorsementInstaller.cpp:105]
03-27 12:00:19.704 D/BoundBrokerSvc( 3730): onUnbind: Intent { act=com.google.android.gms.measurement.START pkg=com.google.android.gms }
03-27 12:00:19.965 I/thermal_repeater(  852): [recvMdThermalInfo] ret=22, strLen=127,  3, 39, 9, 0, 32767, 0
03-27 12:00:20.626 D/MobileSignalController(22321): roaming = false , isCdma = false::mCurrentState.iconGroup-= IconGroup(4G)
03-27 12:00:20.626 I/NetworkController.MobileSignalController(6)(22321): isImsOverWfc = false , mDisableWfc = false , mHideWfcInCsCall = false , isImsOverVoice = false , isLteNetWork = true,mCurrentState.imsRegState=1
03-27 12:00:20.627 D/MobileSignalController(22321): state.typeId->typeIcon->2131233250:mCurrentState.roaming:->false:mCurrentState.dataConnected:->true
03-27 12:00:20.627 D/StatusBarSignalPolicy(22321): state.show = falsestate.mMobileVolteId = 0 subId = 6
03-27 12:00:20.627 I/TranPhoneSwitcher( 1744): mDefaultsign:2subid :6
03-27 12:00:20.648 I/BufferQueueProducer(  615): [StatusBar#0](this:0xb400007a2358e2e8,id:16435,api:1,p:22321,c:615) queueBuffer: fps=0.58 dur=1738.32 max=1738.32 min=1738.32
03-27 12:00:20.654 I/hwcomposer(  595): [HWCDisplay] [Display_0 (type:1)] fps:0.577378,dur:1731.97,max:1731.97,min:1731.97  
03-27 12:00:20.739 D/BufferPoolAccessor2.0(  831): bufferpool2 0xea6c21e8 : 0(0 size) total buffers - 0(0 size) used buffers - 10/19 (recycle/alloc) - 13/34 (fetch/transfer)
03-27 12:00:20.739 D/BufferPoolAccessor2.0(  831): evictor expired: 1, evicted: 1
03-27 12:00:20.743 D/BufferPoolAccessor2.0(  870): evictor expired: 1, evicted: 0
03-27 12:00:21.653 I/OtherSimPSListener( 1744): mOthersign:4subid :1
03-27 12:00:21.655 D/MobileSignalController(22321): roaming = false , isCdma = false::mCurrentState.iconGroup-= IconGroup(NotDefaultData)
03-27 12:00:21.656 I/NetworkController.MobileSignalController(1)(22321): isImsOverWfc = false , mDisableWfc = false , mHideWfcInCsCall = false , isImsOverVoice = true , isLteNetWork = true,mCurrentState.imsRegState=0
03-27 12:00:21.656 D/StatusBarSignalPolicy(22321): state.show = truestate.mMobileVolteId = 2131233264 subId = 1
03-27 12:00:21.964 D/MobileSignalController(22321): roaming = false , isCdma = false::mCurrentState.iconGroup-= IconGroup(4G)
03-27 12:00:21.964 I/TranPhoneSwitcher( 1744): mDefaultsign:3subid :6
03-27 12:00:21.964 I/NetworkController.MobileSignalController(6)(22321): isImsOverWfc = false , mDisableWfc = false , mHideWfcInCsCall = false , isImsOverVoice = false , isLteNetWork = true,mCurrentState.imsRegState=1
03-27 12:00:21.965 D/StatusBarSignalPolicy(22321): state.show = falsestate.mMobileVolteId = 0 subId = 6
03-27 12:00:21.965 D/MobileSignalController(22321): state.typeId->typeIcon->2131233250:mCurrentState.roaming:->false:mCurrentState.dataConnected:->true
03-27 12:00:21.981 I/BufferQueueProducer(  615): [StatusBar#0](this:0xb400007a2358e2e8,id:16435,api:1,p:22321,c:615) queueBuffer: fps=0.75 dur=1333.21 max=1333.21 min=1333.21
03-27 12:00:21.987 I/hwcomposer(  595): [HWCDisplay] [Display_0 (type:1)] fps:0.749879,dur:1333.55,max:1333.55,min:1333.55  
03-27 12:00:23.129 D/ccci_mdinit(  623): (1):monitor_time_update_thread round:191075 ########
03-27 12:00:23.834 D/Griffin/ComponentManager( 1245): Limit start proc:com.kfc.mobile:tools for 3rd-normal-service caller=system/1245,Intent { cmp=com.kfc.mobile/com.alipay.iap.android.aplog.service.LogServiceInToolsProcess }
03-27 12:00:23.835 W/ActivityManager( 1245): Unable to launch app com.kfc.mobile/10254 for service Intent { cmp=com.kfc.mobile/com.alipay.iap.android.aplog.service.LogServiceInToolsProcess }: AutoStart Limit
03-27 12:00:23.835 D/JobScheduler( 1245): Error executing JobStatus{e20ec14 #u0a254/1943 com.kfc.mobile/com.alipay.iap.android.aplog.service.LogServiceInToolsProcess u=0 s=10254 TIME=none:-25d1h57m39s449ms READY}
03-27 12:00:23.839 D/Griffin/ComponentManager( 1245): Limit start proc:id.dana:tools for 3rd-normal-service caller=system/1245,Intent { cmp=id.dana/com.alipay.iap.android.aplog.service.LogServiceInToolsProcess }
03-27 12:00:23.840 W/ActivityManager( 1245): Unable to launch app id.dana/10249 for service Intent { cmp=id.dana/com.alipay.iap.android.aplog.service.LogServiceInToolsProcess }: AutoStart Limit
03-27 12:00:23.840 D/JobScheduler( 1245): Error executing JobStatus{d1979e #u0a249/1943 id.dana/com.alipay.iap.android.aplog.service.LogServiceInToolsProcess u=0 s=10249 TIME=none:-24d13h4m27s866ms READY}
03-27 12:00:23.843 D/Griffin/ComponentManager( 1245): Limit start proc:id.flip for 3rd-normal-service caller=system/1245,Intent { cmp=id.flip/com.moengage.core.internal.data.reports.DataSyncJob }
03-27 12:00:23.844 W/ActivityManager( 1245): Unable to launch app id.flip/10276 for service Intent { cmp=id.flip/com.moengage.core.internal.data.reports.DataSyncJob }: AutoStart Limit
03-27 12:00:23.844 D/JobScheduler( 1245): Error executing JobStatus{b3ef38f #u0a276/90003 id.flip/com.moengage.core.internal.data.reports.DataSyncJob u=0 s=10276 TIME=-23d16h43m42s442ms:-23d16h13m42s442ms NET READY}
03-27 12:00:23.847 D/Griffin/ComponentManager( 1245): Limit start proc:com.telkom.mwallet for 3rd-normal-service caller=system/1245,Intent { cmp=com.telkom.mwallet/androidx.work.impl.background.systemjob.SystemJobService }
03-27 12:00:23.848 W/ActivityManager( 1245): Unable to launch app com.telkom.mwallet/10252 for service Intent { cmp=com.telkom.mwallet/androidx.work.impl.background.systemjob.SystemJobService }: AutoStart Limit
03-27 12:00:23.848 D/JobScheduler( 1245): Error executing JobStatus{b2a5e4b #u0a252/146 com.telkom.mwallet/androidx.work.impl.background.systemjob.SystemJobService u=0 s=10252 TIME=-15d0h52m24s679ms:none NET READY}
03-27 12:00:23.851 D/Griffin/ComponentManager( 1245): Limit start proc:com.jnpgroup.jnpgroup_app for 3rd-normal-service caller=system/1245,Intent { cmp=com.jnpgroup.jnpgroup_app/com.onesignal.SyncJobService }
03-27 12:00:23.851 W/ActivityManager( 1245): Unable to launch app com.jnpgroup.jnpgroup_app/10245 for service Intent { cmp=com.jnpgroup.jnpgroup_app/com.onesignal.SyncJobService }: AutoStart Limit
03-27 12:00:23.852 D/JobScheduler( 1245): Error executing JobStatus{26c870d #u0a245/2071862118 com.jnpgroup.jnpgroup_app/com.onesignal.SyncJobService u=0 s=10245 TIME=-14d16h0m18s104ms:none NET PERSISTED failures=1 READY}
03-27 12:00:23.855 D/Griffin/ComponentManager( 1245): Limit start proc:com.netflix.mediaclient for 3rd-normal-service caller=system/1245,Intent { cmp=com.netflix.mediaclient/.service.job.NetflixJobService }
03-27 12:00:23.856 W/ActivityManager( 1245): Unable to launch app com.netflix.mediaclient/10293 for service Intent { cmp=com.netflix.mediaclient/.service.job.NetflixJobService }: AutoStart Limit
03-27 12:00:23.856 D/JobScheduler( 1245): Error executing JobStatus{eb3bb24 #u0a293/2 com.netflix.mediaclient/.service.job.NetflixJobService u=0 s=10293 TIME=-13d0h47m53s997ms:-12d0h47m53s997ms NET PERIODIC READY}
03-27 12:00:23.909 I/BufferQueueProducer(  615): [StatusBar#0](this:0xb400007a2358e2e8,id:16435,api:1,p:22321,c:615) queueBuffer: fps=0.52 dur=1928.34 max=1928.34 min=1928.34
03-27 12:00:23.924 I/hwcomposer(  595): [HWCDisplay] [Display_0 (type:1)] fps:0.516432,dur:1936.36,max:1936.36,min:1936.36  
03-27 12:00:24.647 D/MobileSignalController(22321): roaming = false , isCdma = false::mCurrentState.iconGroup-= IconGroup(4G)
03-27 12:00:24.648 I/NetworkController.MobileSignalController(6)(22321): isImsOverWfc = false , mDisableWfc = false , mHideWfcInCsCall = false , isImsOverVoice = false , isLteNetWork = true,mCurrentState.imsRegState=1
03-27 12:00:24.649 D/StatusBarSignalPolicy(22321): state.show = falsestate.mMobileVolteId = 0 subId = 6
03-27 12:00:24.649 D/MobileSignalController(22321): state.typeId->typeIcon->2131233250:mCurrentState.roaming:->false:mCurrentState.dataConnected:->true
03-27 12:00:24.653 I/TranPhoneSwitcher( 1744): mDefaultsign:2subid :6
03-27 12:00:25.208 I/TranPhoneSwitcher( 1744): mDefaultsign:2subid :6
03-27 12:00:25.208 D/MobileSignalController(22321): roaming = false , isCdma = false::mCurrentState.iconGroup-= IconGroup(4G)
03-27 12:00:25.208 I/NetworkController.MobileSignalController(6)(22321): isImsOverWfc = false , mDisableWfc = false , mHideWfcInCsCall = false , isImsOverVoice = false , isLteNetWork = true,mCurrentState.imsRegState=1
03-27 12:00:25.208 D/StatusBarSignalPolicy(22321): state.show = falsestate.mMobileVolteId = 0 subId = 6
03-27 12:00:25.254 D/NotificationListener(22321): onRankingUpdate
03-27 12:00:25.269 D/StackScroller(22321): updateContentHeight: finish = false, viewHeight = 128.0, viewTranslationY = -2.0, height = 144
03-27 12:00:25.269 D/StackScroller(22321): updateContentHeight: finish = false, viewHeight = 180.0, viewTranslationY = -2.0, height = 340
03-27 12:00:25.269 D/StackScroller(22321): updateContentHeight: finish = false, viewHeight = 169.0, viewTranslationY = -2.0, height = 525
03-27 12:00:25.269 D/StackScroller(22321): updateContentHeight: finish = false, viewHeight = 251.0, viewTranslationY = -2.0, height = 792
03-27 12:00:25.269 D/StackScroller(22321): updateContentHeight: finish = false, viewHeight = 169.0, viewTranslationY = -2.0, height = 977
03-27 12:00:25.269 D/StackScroller(22321): updateContentHeight: finish = false, viewHeight = 169.0, viewTranslationY = -2.0, height = 1162
03-27 12:00:25.269 D/StackScroller(22321): updateContentHeight: finish = false, viewHeight = 70.0, viewTranslationY = -2.0, height = 1248
03-27 12:00:25.269 D/StackScroller(22321): updateContentHeight: finish = false, viewHeight = 224.0, viewTranslationY = -2.0, height = 1472
03-27 12:00:25.270 D/StackScroller(22321): updateContentHeight: finish = false, viewHeight = 169.0, viewTranslationY = -2.0, height = 1657
03-27 12:00:25.270 D/StackScroller(22321): updateContentHeight: finish = false, viewHeight = 78.0, viewTranslationY = -2.0, height = 1751
03-27 12:00:25.279 I/BufferQueueProducer(  615): [StatusBar#0](this:0xb400007a2358e2e8,id:16435,api:1,p:22321,c:615) queueBuffer: fps=1.46 dur=1369.55 max=756.65 min=612.89
03-27 12:00:25.296 I/hwcomposer(  595): [HWCDisplay] [Display_0 (type:1)] fps:1.457002,dur:1372.68,max:753.91,min:618.77  
03-27 12:00:25.454 D/NotificationListener(22321): onRankingUpdate
03-27 12:00:25.467 D/StackScroller(22321): updateContentHeight: finish = false, viewHeight = 128.0, viewTranslationY = -2.0, height = 144
03-27 12:00:25.467 D/StackScroller(22321): updateContentHeight: finish = false, viewHeight = 180.0, viewTranslationY = -2.0, height = 340
03-27 12:00:25.467 D/StackScroller(22321): updateContentHeight: finish = false, viewHeight = 169.0, viewTranslationY = -2.0, height = 525
03-27 12:00:25.467 D/StackScroller(22321): updateContentHeight: finish = false, viewHeight = 251.0, viewTranslationY = -2.0, height = 792
03-27 12:00:25.467 D/StackScroller(22321): updateContentHeight: finish = false, viewHeight = 169.0, viewTranslationY = -2.0, height = 977
03-27 12:00:25.467 D/StackScroller(22321): updateContentHeight: finish = false, viewHeight = 169.0, viewTranslationY = -2.0, height = 1162
03-27 12:00:25.467 D/StackScroller(22321): updateContentHeight: finish = false, viewHeight = 70.0, viewTranslationY = -2.0, height = 1248
03-27 12:00:25.467 D/StackScroller(22321): updateContentHeight: finish = false, viewHeight = 224.0, viewTranslationY = -2.0, height = 1472
03-27 12:00:25.467 D/StackScroller(22321): updateContentHeight: finish = false, viewHeight = 169.0, viewTranslationY = -2.0, height = 1657
03-27 12:00:25.467 D/StackScroller(22321): updateContentHeight: finish = false, viewHeight = 78.0, viewTranslationY = -2.0, height = 1751
03-27 12:00:25.913 D/MobileSignalController(22321): roaming = false , isCdma = false::mCurrentState.iconGroup-= IconGroup(4G)
03-27 12:00:25.913 I/TranPhoneSwitcher( 1744): mDefaultsign:2subid :6
03-27 12:00:25.913 I/NetworkController.MobileSignalController(6)(22321): isImsOverWfc = false , mDisableWfc = false , mHideWfcInCsCall = false , isImsOverVoice = false , isLteNetWork = true,mCurrentState.imsRegState=1
03-27 12:00:25.914 D/StatusBarSignalPolicy(22321): state.show = falsestate.mMobileVolteId = 0 subId = 6
03-27 12:00:26.555 I/Hoffnung( 3556): Universal onReceive: Intent { act=android.intent.action.BATTERY_CHANGED flg=0x60000010 (has extras) }
03-27 12:00:26.556 I/Hoffnung( 3556): LocalBroadcastManager onReceive Intent { act=android.intent.action.BATTERY_CHANGED flg=0x60000010 (has extras) }
03-27 12:00:26.556 D/FlashlightController(22321): oldStatus = false , newStatus = false , mIsLowBatteryLevel = false , mIsCharging = true
03-27 12:00:26.560 D/BatteryLabService(23786): system is charging
03-27 12:00:26.573 I/BufferQueueProducer(  615): [StatusBar#0](this:0xb400007a2358e2e8,id:16435,api:1,p:22321,c:615) queueBuffer: fps=1.55 dur=1294.30 max=1097.37 min=196.93
03-27 12:00:26.581 I/hwcomposer(  595): [HWCDisplay] [Display_0 (type:1)] fps:1.556745,dur:1284.73,max:1086.90,min:197.83  
03-27 12:00:26.772 D/BoundBrokerSvc( 3730): onUnbind: Intent { act=com.google.android.gms.common.BIND_SHARED_PREFS pkg=com.google.android.gms }
03-27 12:00:26.778 I/OtherSimPSListener( 1744): mOthersign:4subid :1
03-27 12:00:26.780 D/MobileSignalController(22321): roaming = false , isCdma = false::mCurrentState.iconGroup-= IconGroup(NotDefaultData)
03-27 12:00:26.781 I/NetworkController.MobileSignalController(1)(22321): isImsOverWfc = false , mDisableWfc = false , mHideWfcInCsCall = false , isImsOverVoice = true , isLteNetWork = true,mCurrentState.imsRegState=0
03-27 12:00:26.781 D/StatusBarSignalPolicy(22321): state.show = truestate.mMobileVolteId = 2131233264 subId = 1
03-27 12:00:28.586 I/TranPhoneSwitcher( 1744): mDefaultsign:3subid :6
03-27 12:00:28.589 D/MobileSignalController(22321): roaming = false , isCdma = false::mCurrentState.iconGroup-= IconGroup(4G)
03-27 12:00:28.590 I/NetworkController.MobileSignalController(6)(22321): isImsOverWfc = false , mDisableWfc = false , mHideWfcInCsCall = false , isImsOverVoice = false , isLteNetWork = true,mCurrentState.imsRegState=1
03-27 12:00:28.591 D/MobileSignalController(22321): state.typeId->typeIcon->2131233250:mCurrentState.roaming:->false:mCurrentState.dataConnected:->true
03-27 12:00:28.591 D/StatusBarSignalPolicy(22321): state.show = falsestate.mMobileVolteId = 0 subId = 6
03-27 12:00:28.611 I/BufferQueueProducer(  615): [StatusBar#0](this:0xb400007a2358e2e8,id:16435,api:1,p:22321,c:615) queueBuffer: fps=0.49 dur=2037.75 max=2037.75 min=2037.75
03-27 12:00:28.616 I/hwcomposer(  595): [HWCDisplay] [Display_0 (type:1)] fps:0.491343,dur:2035.24,max:2035.24,min:2035.24  
03-27 12:00:29.981 I/thermal_repeater(  852): [recvMdThermalInfo] ret=27, strLen=127,  3, 39, 8, -28360, 32767, 0
03-27 12:00:30.197 D/os.notification.pre( 1245):  add StatusBarNotification 18284586 current size 1
03-27 12:00:30.198 D/os.notification( 1245): onEnqueueNotificationInternal StatusBarNotification:StatusBarNotification(pkg=com.liuzh.deviceinfo user=UserHandle{0} id=19960101 tag=null key=0|com.liuzh.deviceinfo|19960101|null|10431: Notification(channel=notification_service shortcut=null contentView=com.liuzh.deviceinfo/0x7f0d0119 vibrate=null sound=null tick defaults=0x0 flags=0x4a color=0x00000000 category=service vis=PRIVATE)) callingUid:10431 sn:59338 res:true
03-27 12:00:30.199 D/os.notification.SuspendJobManager( 1245): create job  com.transsion.common.SuspendJobManager$JobInfo@af86bb8 key:NotificationRecord(0x03540e1b: pkg=com.liuzh.deviceinfo user=UserHandle{0} id=19960101 tag=null importance=3 key=0|com.liuzh.deviceinfo|19960101|null|10431: Notification(channel=notification_service shortcut=null contentView=com.liuzh.deviceinfo/0x7f0d0119 vibrate=null sound=null tick defaults=0x0 flags=0x4a color=0x00000000 category=service vis=PRIVATE)) data:com.android.server.notification.-$$Lambda$NotificationManagerService$EPoHVfWRkEt__ULyXgssSkaEWZE@4e81d91 sn:-1 owner:{}
03-27 12:00:30.202 D/os.notification( 3556): onNotifyNotification StatusBarNotification:StatusBarNotification(pkg=com.liuzh.deviceinfo user=UserHandle{0} id=19960101 tag=null key=0|com.liuzh.deviceinfo|19960101|null|10431: Notification(channel=null shortcut=null contentView=null vibrate=null sound=null tick defaults=0x0 flags=0x4a color=0x00000000 category=service vis=PRIVATE)) callingUid:10431 NotificationChannel:NotificationChannel{mId='notification_service', mName=Device overview, mDescription=, mImportance=3, mBypassDnd=false, mLockscreenVisibility=-1000, mSound=null, mLights=false, mLightColor=0, mVibration=[0], mUserLockedFields=0, mFgServiceShown=true, mVibrationEnabled=true, mShowBadge=true, mDeleted=false, mGroup='null', mAudioAttributes=null, mBlockableSystem=false, mAllowBubbles=-1, mImportanceLockedByOEM=false, mImportanceLockedDefaultApp=false, mOriginalImp=3, mParent=null, mConversationId=null, mDemoted=false, mImportantConvo=false} receipt:com.transsion.app.IEnqueueNotificationReceipt$Stub$Proxy@9983f15 sn:59338
03-27 12:00:30.204 D/os_noti_center_rule( 3556): match = false, sendPkg = com.liuzh.deviceinfo, dbChannel = null, chName = Device overview, chId = notification_service
03-27 12:00:30.208 D/os.notification( 3556): handleNotifyNotification notification:Notification(channel=null shortcut=null contentView=null vibrate=null sound=null tick defaults=0x0 flags=0x4a color=0x00000000 category=service vis=PRIVATE)
03-27 12:00:30.209 D/os.notification.pre( 1245):  add Runnable 77892452 with StatusBarNotification 18284586 current size 1
03-27 12:00:30.211 D/os.notification.pre( 1245):  remove Runnable 77892452 with StatusBarNotification 18284586 for suspend run current size 0
03-27 12:00:30.211 D/os.notification.SuspendJobManager( 1245): done  com.transsion.common.SuspendJobManager$JobInfo@af86bb8 key:NotificationRecord(0x03540e1b: pkg=com.liuzh.deviceinfo user=UserHandle{0} id=19960101 tag=null importance=3 key=0|com.liuzh.deviceinfo|19960101|null|10431: Notification(channel=notification_service shortcut=null contentView=com.liuzh.deviceinfo/0x7f0d0119 vibrate=null sound=null tick defaults=0x0 flags=0x4a color=0x00000000 category=service vis=PRIVATE)) data:com.android.server.notification.-$$Lambda$NotificationManagerService$EPoHVfWRkEt__ULyXgssSkaEWZE@4e81d91 sn:59338 owner:{3556} for  app-3556-request
03-27 12:00:30.282 I/TranPhoneSwitcher( 1744): mDefaultsign:3subid :6
03-27 12:00:30.285 D/MobileSignalController(22321): roaming = false , isCdma = false::mCurrentState.iconGroup-= IconGroup(4G)
03-27 12:00:30.285 I/NetworkController.MobileSignalController(6)(22321): isImsOverWfc = false , mDisableWfc = false , mHideWfcInCsCall = false , isImsOverVoice = false , isLteNetWork = true,mCurrentState.imsRegState=1
03-27 12:00:30.286 D/StatusBarSignalPolicy(22321): state.show = falsestate.mMobileVolteId = 0 subId = 6
03-27 12:00:30.434 D/NotificationListener(22321): onNotificationPosted: StatusBarNotification(pkg=com.liuzh.deviceinfo user=UserHandle{0} id=19960101 tag=null key=0|com.liuzh.deviceinfo|19960101|null|10431: Notification(channel=notification_service shortcut=null contentView=com.liuzh.deviceinfo/0x7f0d0119 vibrate=null sound=null tick defaults=0x0 flags=0x6a color=0x00000000 category=service vis=PRIVATE)), isToAibox = null
03-27 12:00:30.438 D/InterruptionStateProvider(22321): No bubble up: not allowed to bubble: 0|com.liuzh.deviceinfo|19960101|null|10431
03-27 12:00:30.438 D/InterruptionStateProvider(22321): No heads up: unimportant notification: 0|com.liuzh.deviceinfo|19960101|null|10431
03-27 12:00:30.439 D/ApplicationPackageManager(22321): [getText] isMxtcMarket: false
03-27 12:00:30.439 I/chatty  (22321): uid=10161(com.transsion.faceid) com.android.systemui identical 2 lines
03-27 12:00:30.440 D/ApplicationPackageManager(22321): [getText] isMxtcMarket: false
03-27 12:00:30.440 D/NotificationMenuRow(22321): setMenuAlpha: alpha = 0.0
03-27 12:00:30.447 D/StackScroller(22321): updateContentHeight: finish = false, viewHeight = 128.0, viewTranslationY = -2.0, height = 144
03-27 12:00:30.447 D/StackScroller(22321): updateContentHeight: finish = false, viewHeight = 180.0, viewTranslationY = -2.0, height = 340
03-27 12:00:30.447 D/StackScroller(22321): updateContentHeight: finish = false, viewHeight = 169.0, viewTranslationY = -2.0, height = 525
03-27 12:00:30.447 D/StackScroller(22321): updateContentHeight: finish = false, viewHeight = 251.0, viewTranslationY = -2.0, height = 792
03-27 12:00:30.447 D/StackScroller(22321): updateContentHeight: finish = false, viewHeight = 169.0, viewTranslationY = -2.0, height = 977
03-27 12:00:30.447 D/StackScroller(22321): updateContentHeight: finish = false, viewHeight = 169.0, viewTranslationY = -2.0, height = 1162
03-27 12:00:30.447 D/StackScroller(22321): updateContentHeight: finish = false, viewHeight = 70.0, viewTranslationY = -2.0, height = 1248
03-27 12:00:30.447 D/StackScroller(22321): updateContentHeight: finish = false, viewHeight = 224.0, viewTranslationY = -2.0, height = 1472
03-27 12:00:30.447 D/StackScroller(22321): updateContentHeight: finish = false, viewHeight = 169.0, viewTranslationY = -2.0, height = 1657
03-27 12:00:30.447 D/StackScroller(22321): updateContentHeight: finish = false, viewHeight = 78.0, viewTranslationY = -2.0, height = 1751
03-27 12:00:30.456 I/BufferQueueProducer(  615): [StatusBar#0](this:0xb400007a2358e2e8,id:16435,api:1,p:22321,c:615) queueBuffer: fps=1.08 dur=1845.60 max=1561.84 min=283.75
03-27 12:00:30.459 D/ApplicationPackageManager(22321): [getText] isMxtcMarket: false
03-27 12:00:30.459 I/chatty  (22321): uid=10161(com.transsion.faceid) SysUiBg identical 1 line
03-27 12:00:30.459 D/ApplicationPackageManager(22321): [getText] isMxtcMarket: false
03-27 12:00:30.461 I/NotifContentInflater(22321): onViewApplied
03-27 12:00:30.470 D/StackScroller(22321): updateContentHeight: finish = false, viewHeight = 128.0, viewTranslationY = -2.0, height = 144
03-27 12:00:30.470 D/StackScroller(22321): updateContentHeight: finish = false, viewHeight = 180.0, viewTranslationY = -2.0, height = 340
03-27 12:00:30.470 D/StackScroller(22321): updateContentHeight: finish = false, viewHeight = 169.0, viewTranslationY = -2.0, height = 525
03-27 12:00:30.470 D/StackScroller(22321): updateContentHeight: finish = false, viewHeight = 251.0, viewTranslationY = -2.0, height = 792
03-27 12:00:30.470 D/StackScroller(22321): updateContentHeight: finish = false, viewHeight = 169.0, viewTranslationY = -2.0, height = 977
03-27 12:00:30.470 D/StackScroller(22321): updateContentHeight: finish = false, viewHeight = 169.0, viewTranslationY = -2.0, height = 1162
03-27 12:00:30.470 D/StackScroller(22321): updateContentHeight: finish = false, viewHeight = 70.0, viewTranslationY = -2.0, height = 1248
03-27 12:00:30.470 D/StackScroller(22321): updateContentHeight: finish = false, viewHeight = 224.0, viewTranslationY = -2.0, height = 1472
03-27 12:00:30.470 D/StackScroller(22321): updateContentHeight: finish = false, viewHeight = 169.0, viewTranslationY = -2.0, height = 1657
03-27 12:00:30.470 D/StackScroller(22321): updateContentHeight: finish = false, viewHeight = 78.0, viewTranslationY = -2.0, height = 1751
03-27 12:00:30.471 I/hwcomposer(  595): [HWCDisplay] [Display_0 (type:1)] fps:1.078243,dur:1854.87,max:1564.09,min:290.78  
03-27 12:00:30.474 I/NotifContentInflater(22321): onViewApplied
03-27 12:00:30.474 D/game/all(22321): onNotificationUpdated: superGameHeadsUp = false  isGameHeadsUp = false  mIsHeadsUp = false
03-27 12:00:30.474 D/NotificationHeaderViewWrapper(22321): updateIcon: same icon, reason = onContentUpdated
03-27 12:00:30.474 W/ContrastColorUtil(22321): background can not be translucent: #f22c2d2e
03-27 12:00:30.480 D/StackScroller(22321): updateContentHeight: finish = false, viewHeight = 128.0, viewTranslationY = -2.0, height = 144
03-27 12:00:30.481 D/StackScroller(22321): updateContentHeight: finish = false, viewHeight = 180.0, viewTranslationY = -2.0, height = 340
03-27 12:00:30.481 D/StackScroller(22321): updateContentHeight: finish = false, viewHeight = 169.0, viewTranslationY = -2.0, height = 525
03-27 12:00:30.481 D/StackScroller(22321): updateContentHeight: finish = false, viewHeight = 251.0, viewTranslationY = -2.0, height = 792
03-27 12:00:30.481 D/StackScroller(22321): updateContentHeight: finish = false, viewHeight = 169.0, viewTranslationY = -2.0, height = 977
03-27 12:00:30.481 D/StackScroller(22321): updateContentHeight: finish = false, viewHeight = 169.0, viewTranslationY = -2.0, height = 1162
03-27 12:00:30.481 D/StackScroller(22321): updateContentHeight: finish = false, viewHeight = 70.0, viewTranslationY = -2.0, height = 1248
03-27 12:00:30.481 D/StackScroller(22321): updateContentHeight: finish = false, viewHeight = 224.0, viewTranslationY = -2.0, height = 1472
03-27 12:00:30.482 D/StackScroller(22321): updateContentHeight: finish = false, viewHeight = 169.0, viewTranslationY = -2.0, height = 1657
03-27 12:00:30.482 D/StackScroller(22321): updateContentHeight: finish = false, viewHeight = 78.0, viewTranslationY = -2.0, height = 1751
03-27 12:00:30.827 D/MobileSignalController(22321): roaming = false , isCdma = false::mCurrentState.iconGroup-= IconGroup(4G)
03-27 12:00:30.828 I/NetworkController.MobileSignalController(6)(22321): isImsOverWfc = false , mDisableWfc = false , mHideWfcInCsCall = false , isImsOverVoice = false , isLteNetWork = true,mCurrentState.imsRegState=1
03-27 12:00:30.828 I/TranPhoneSwitcher( 1744): mDefaultsign:3subid :6
03-27 12:00:30.828 D/StatusBarSignalPolicy(22321): state.show = falsestate.mMobileVolteId = 0 subId = 6
03-27 12:00:31.890 I/OtherSimPSListener( 1744): mOthersign:4subid :1
03-27 12:00:31.895 D/MobileSignalController(22321): roaming = false , isCdma = false::mCurrentState.iconGroup-= IconGroup(NotDefaultData)
03-27 12:00:31.895 I/NetworkController.MobileSignalController(1)(22321): isImsOverWfc = false , mDisableWfc = false , mHideWfcInCsCall = false , isImsOverVoice = true , isLteNetWork = true,mCurrentState.imsRegState=0
03-27 12:00:31.896 D/StatusBarSignalPolicy(22321): state.show = truestate.mMobileVolteId = 2131233264 subId = 1
03-27 12:00:33.510 I/TranPhoneSwitcher( 1744): mDefaultsign:3subid :6
03-27 12:00:33.510 D/MobileSignalController(22321): roaming = false , isCdma = false::mCurrentState.iconGroup-= IconGroup(4G)
03-27 12:00:33.511 I/NetworkController.MobileSignalController(6)(22321): isImsOverWfc = false , mDisableWfc = false , mHideWfcInCsCall = false , isImsOverVoice = false , isLteNetWork = true,mCurrentState.imsRegState=1
03-27 12:00:33.513 D/StatusBarSignalPolicy(22321): state.show = falsestate.mMobileVolteId = 0 subId = 6
03-27 12:00:33.896 I/BufferQueueProducer(  615): [StatusBar#0](this:0xb400007a2358e2e8,id:16435,api:1,p:22321,c:615) queueBuffer: fps=0.29 dur=3439.42 max=3439.42 min=3439.42
03-27 12:00:33.905 I/hwcomposer(  595): [HWCDisplay] [Display_0 (type:1)] fps:0.291237,dur:3433.63,max:3433.63,min:3433.63  
03-27 12:00:34.210 D/Griffin/ComponentManager( 1245): Limit start proc:com.sec.android.app.shealth for 3rd-normal-service caller=system/1245,Intent { cmp=com.sec.android.app.shealth/com.samsung.android.app.shealth.home.report.ReportRequestService }
03-27 12:00:34.211 W/ActivityManager( 1245): Unable to launch app com.sec.android.app.shealth/10340 for service Intent { cmp=com.sec.android.app.shealth/com.samsung.android.app.shealth.home.report.ReportRequestService }: AutoStart Limit
03-27 12:00:34.211 D/JobScheduler( 1245): Error executing JobStatus{c46c6ec #u0a340/5000011 com.sec.android.app.shealth/com.samsung.android.app.shealth.home.report.ReportRequestService u=0 s=10340 TIME=-25d2h3m52s92ms:-25d2h3m52s92ms PERSISTED READY}
03-27 12:00:34.212 D/Griffin/ComponentManager( 1245): Limit start proc:com.sec.android.app.shealth for 3rd-normal-service caller=system/1245,Intent { cmp=com.sec.android.app.shealth/com.sec.android.diagmonagent.log.ged.scheduler.GEDJobService }
03-27 12:00:34.212 W/ActivityManager( 1245): Unable to launch app com.sec.android.app.shealth/10340 for service Intent { cmp=com.sec.android.app.shealth/com.sec.android.diagmonagent.log.ged.scheduler.GEDJobService }: AutoStart Limit
03-27 12:00:34.212 D/JobScheduler( 1245): Error executing JobStatus{9e5a54a #u0a340/75419411 com.sec.android.app.shealth/com.sec.android.diagmonagent.log.ged.scheduler.GEDJobService u=0 s=10340 TIME=-25d2h3m52s94ms:-25d2h3m52s94ms NET PERIODIC PERSISTED READY}
03-27 12:00:34.214 D/Griffin/ComponentManager( 1245): Limit start proc:com.sec.android.app.shealth:remote for 3rd-normal-service caller=system/1245,Intent { cmp=com.sec.android.app.shealth/com.samsung.android.app.shealth.wearable.server.application.WearableServerJobService }
03-27 12:00:34.214 W/ActivityManager( 1245): Unable to launch app com.sec.android.app.shealth/10340 for service Intent { cmp=com.sec.android.app.shealth/com.samsung.android.app.shealth.wearable.server.application.WearableServerJobService }: AutoStart Limit
03-27 12:00:34.214 D/JobScheduler( 1245): Error executing JobStatus{146cab5 #u0a340/4700002 com.sec.android.app.shealth/com.samsung.android.app.shealth.wearable.server.application.WearableServerJobService u=0 s=10340 TIME=-25d2h3m52s95ms:-25d2h3m52s95ms PERIODIC PERSISTED READY}
03-27 12:00:34.215 D/Griffin/ComponentManager( 1245): Limit start proc:id.co.acehardware.acerewards for 3rd-normal-service caller=system/1245,Intent { cmp=id.co.acehardware.acerewards/com.moengage.pushamp.internal.PushAmpSyncJob }
03-27 12:00:34.216 W/ActivityManager( 1245): Unable to launch app id.co.acehardware.acerewards/10269 for service Intent { cmp=id.co.acehardware.acerewards/com.moengage.pushamp.internal.PushAmpSyncJob }: AutoStart Limit
03-27 12:00:34.216 D/JobScheduler( 1245): Error executing JobStatus{e65d31 #u0a269/20002 id.co.acehardware.acerewards/com.moengage.pushamp.internal.PushAmpSyncJob u=0 s=10269 TIME=-25d2h3m52s97ms:+19508d8h43m0s569ms NET PERSISTED READY}
03-27 12:00:34.217 D/Griffin/ComponentManager( 1245): Limit start proc:com.newdt01usera.jack for 3rd-normal-service caller=system/1245,Intent { cmp=com.newdt01usera.jack/com.startapp.sdk.jobs.SchedulerService }
03-27 12:00:34.217 W/ActivityManager( 1245): Unable to launch app com.newdt01usera.jack/10220 for service Intent { cmp=com.newdt01usera.jack/com.startapp.sdk.jobs.SchedulerService }: AutoStart Limit
03-27 12:00:34.217 D/JobScheduler( 1245): Error executing JobStatus{affc31c #u0a220/466320417 com.newdt01usera.jack/com.startapp.sdk.jobs.SchedulerService u=0 s=10220 TIME=-25d2h3m52s97ms:-25d2h3m52s97ms NET PERIODIC PERSISTED READY}
03-27 12:00:34.218 D/Griffin/ComponentManager( 1245): Limit start proc:com.newdt01usera.jack for 3rd-normal-service caller=system/1245,Intent { cmp=com.newdt01usera.jack/com.startapp.sdk.jobs.SchedulerService }
03-27 12:00:34.218 W/ActivityManager( 1245): Unable to launch app com.newdt01usera.jack/10220 for service Intent { cmp=com.newdt01usera.jack/com.startapp.sdk.jobs.SchedulerService }: AutoStart Limit
03-27 12:00:34.219 D/JobScheduler( 1245): Error executing JobStatus{2b6548f #u0a220/1193833315 com.newdt01usera.jack/com.startapp.sdk.jobs.SchedulerService u=0 s=10220 TIME=-25d2h3m52s98ms:-25d2h3m52s98ms NET PERIODIC PERSISTED READY}
03-27 12:00:34.221 D/MddListenableWorkerFactory( 3596): createWorker for class: com.google.android.apps.messaging.shared.rcs.availability.metrics.RcsAvailabilityLogWorker
03-27 12:00:34.228 W/BugleRcsEngine( 3596): [228003] : [SR]: Single Registration is disabled. Skipping Single Registration capability check for subId: 1, OS.isAtLeastS:[false], enableSingleRegistrationProvisioning:[false]
03-27 12:00:34.236 I/WM-WorkerWrapper( 3596): Worker result SUCCESS for Work [ id=cb3891cb-db7c-43f3-9bcb-036ccd423221, tags={ com.google.android.apps.messaging.shared.rcs.availability.metrics.RcsAvailabilityLogWorker } ]
03-27 12:00:34.325 I/AlarmManager(13156): setExactAndAllowWhileIdle [name: GCM_HB_ALARM type: 2 triggerAtMillis: 2167700619]
03-27 12:00:34.339 W/ChimeraUtils(13156): Module com.google.android.gms.gcm missing resource null(0)
03-27 12:00:34.345 I/AlarmManager(13156): setExactAndAllowWhileIdle [name: FcmRetry type: 2 triggerAtMillis: 2167580638]
03-27 12:00:34.351 D/CompatibilityChangeReporter( 1245): Compat change id reported: 135634846; UID 10147; state: DISABLED
03-27 12:00:34.352 D/CompatibilityChangeReporter( 1245): Compat change id reported: 135754954; UID 10147; state: ENABLED
03-27 12:00:34.352 D/CompatibilityChangeReporter( 1245): Compat change id reported: 143937733; UID 10147; state: ENABLED
03-27 12:00:34.370 D/Zygote  (  580): Forked child process 4480
03-27 12:00:34.373 I/ActivityManager( 1245): Start proc 4480:com.google.android.youtube/u0a147 for broadcast {com.google.android.youtube/com.google.android.libraries.notifications.platform.entrypoints.push.PushReceiver}
03-27 12:00:34.398 E/android.youtub( 4480): Not starting debugger since process cannot load the jdwp agent.
03-27 12:00:34.409 V/ActivityManager( 1245): New death recipient com.android.server.am.ActivityManagerService$AppDeathRecipient@1cc04a9 for thread android.os.BinderProxy@ffaa2e
03-27 12:00:34.415 D/os.ActivityManagerServiceLice( 1245): make process active com.google.android.youtube(4480)
03-27 12:00:34.428 D/Griffin/ComponentManager( 1245): Limit start proc:com.sec.android.app.shealth for 3rd-normal-service caller=system/1245,Intent { cmp=com.sec.android.app.shealth/com.samsung.android.app.shealth.home.report.ReportRequestService }
03-27 12:00:34.428 W/ActivityManager( 1245): Unable to launch app com.sec.android.app.shealth/10340 for service Intent { cmp=com.sec.android.app.shealth/com.samsung.android.app.shealth.home.report.ReportRequestService }: AutoStart Limit
03-27 12:00:34.428 D/JobScheduler( 1245): Error executing JobStatus{c46c6ec #u0a340/5000011 com.sec.android.app.shealth/com.samsung.android.app.shealth.home.report.ReportRequestService u=0 s=10340 TIME=-25d2h3m52s310ms:-25d2h3m52s310ms PERSISTED READY}
03-27 12:00:34.430 D/Griffin/ComponentManager( 1245): Limit start proc:com.sec.android.app.shealth for 3rd-normal-service caller=system/1245,Intent { cmp=com.sec.android.app.shealth/com.sec.android.diagmonagent.log.ged.scheduler.GEDJobService }
03-27 12:00:34.430 W/ActivityManager( 1245): Unable to launch app com.sec.android.app.shealth/10340 for service Intent { cmp=com.sec.android.app.shealth/com.sec.android.diagmonagent.log.ged.scheduler.GEDJobService }: AutoStart Limit
03-27 12:00:34.430 D/JobScheduler( 1245): Error executing JobStatus{9e5a54a #u0a340/75419411 com.sec.android.app.shealth/com.sec.android.diagmonagent.log.ged.scheduler.GEDJobService u=0 s=10340 TIME=-25d2h3m52s312ms:-25d2h3m52s312ms NET PERIODIC PERSISTED READY}
03-27 12:00:34.432 D/Griffin/ComponentManager( 1245): Limit start proc:com.sec.android.app.shealth:remote for 3rd-normal-service caller=system/1245,Intent { cmp=com.sec.android.app.shealth/com.samsung.android.app.shealth.wearable.server.application.WearableServerJobService }
03-27 12:00:34.432 W/ActivityManager( 1245): Unable to launch app com.sec.android.app.shealth/10340 for service Intent { cmp=com.sec.android.app.shealth/com.samsung.android.app.shealth.wearable.server.application.WearableServerJobService }: AutoStart Limit
03-27 12:00:34.432 D/JobScheduler( 1245): Error executing JobStatus{146cab5 #u0a340/4700002 com.sec.android.app.shealth/com.samsung.android.app.shealth.wearable.server.application.WearableServerJobService u=0 s=10340 TIME=-25d2h3m52s314ms:-25d2h3m52s314ms PERIODIC PERSISTED READY}
03-27 12:00:34.434 D/Griffin/ComponentManager( 1245): Limit start proc:id.co.acehardware.acerewards for 3rd-normal-service caller=system/1245,Intent { cmp=id.co.acehardware.acerewards/com.moengage.pushamp.internal.PushAmpSyncJob }
03-27 12:00:34.434 W/ActivityManager( 1245): Unable to launch app id.co.acehardware.acerewards/10269 for service Intent { cmp=id.co.acehardware.acerewards/com.moengage.pushamp.internal.PushAmpSyncJob }: AutoStart Limit
03-27 12:00:34.434 D/JobScheduler( 1245): Error executing JobStatus{e65d31 #u0a269/20002 id.co.acehardware.acerewards/com.moengage.pushamp.internal.PushAmpSyncJob u=0 s=10269 TIME=-25d2h3m52s316ms:+19508d8h43m0s350ms NET PERSISTED READY}
03-27 12:00:34.436 D/Griffin/ComponentManager( 1245): Limit start proc:com.newdt01usera.jack for 3rd-normal-service caller=system/1245,Intent { cmp=com.newdt01usera.jack/com.startapp.sdk.jobs.SchedulerService }
03-27 12:00:34.436 W/ActivityManager( 1245): Unable to launch app com.newdt01usera.jack/10220 for service Intent { cmp=com.newdt01usera.jack/com.startapp.sdk.jobs.SchedulerService }: AutoStart Limit
03-27 12:00:34.436 D/JobScheduler( 1245): Error executing JobStatus{affc31c #u0a220/466320417 com.newdt01usera.jack/com.startapp.sdk.jobs.SchedulerService u=0 s=10220 TIME=-25d2h3m52s316ms:-25d2h3m52s316ms NET PERIODIC PERSISTED READY}
03-27 12:00:34.438 D/Griffin/ComponentManager( 1245): Limit start proc:com.newdt01usera.jack for 3rd-normal-service caller=system/1245,Intent { cmp=com.newdt01usera.jack/com.startapp.sdk.jobs.SchedulerService }
03-27 12:00:34.438 W/ActivityManager( 1245): Unable to launch app com.newdt01usera.jack/10220 for service Intent { cmp=com.newdt01usera.jack/com.startapp.sdk.jobs.SchedulerService }: AutoStart Limit
03-27 12:00:34.438 D/JobScheduler( 1245): Error executing JobStatus{2b6548f #u0a220/1193833315 com.newdt01usera.jack/com.startapp.sdk.jobs.SchedulerService u=0 s=10220 TIME=-25d2h3m52s318ms:-25d2h3m52s318ms NET PERIODIC PERSISTED READY}
03-27 12:00:34.439 D/Griffin/ComponentManager( 1245): Limit start proc:com.kfc.mobile:tools for 3rd-normal-service caller=system/1245,Intent { cmp=com.kfc.mobile/com.alipay.iap.android.aplog.service.LogServiceInToolsProcess }
03-27 12:00:34.439 W/ActivityManager( 1245): Unable to launch app com.kfc.mobile/10254 for service Intent { cmp=com.kfc.mobile/com.alipay.iap.android.aplog.service.LogServiceInToolsProcess }: AutoStart Limit
03-27 12:00:34.440 D/JobScheduler( 1245): Error executing JobStatus{e20ec14 #u0a254/1943 com.kfc.mobile/com.alipay.iap.android.aplog.service.LogServiceInToolsProcess u=0 s=10254 TIME=none:-25d1h57m50s53ms READY}
