03-27 11:59:56.332 F/DEBUG   ( 4262):     x12 0000000000000078  x13 00000075152bb49c  x14 00000075152bb4fc  x15 0000000000000007
03-27 11:59:56.332 F/DEBUG   ( 4262):     x16 00000074a82132e0  x17 00000077aa54d820  x18 00000077ab8ce000  x19 00000077ab4df000
03-27 11:59:56.332 F/DEBUG   ( 4262):     x20 b400007615892040  x21 b4000075b5894b90  x22 b4000075b5894ba0  x23 b4000075b5894bd0
03-27 11:59:56.332 F/DEBUG   ( 4262):     x24 b4000075b5894bf8  x25 00000077ab4df000  x26 0000007fc958cfe0  x27 0000000000000001
03-27 11:59:56.332 F/DEBUG   ( 4262):     x28 0000000000000000  x29 0000007fc958cfc0
03-27 11:59:56.332 F/DEBUG   ( 4262):     lr  00000073d0eb4d8c  sp  0000007fc958cfa0  pc  00000073d0e9aea0  pst 0000000060000000
03-27 11:59:56.702 F/DEBUG   ( 4262): backtrace:
03-27 11:59:56.702 F/DEBUG   ( 4262):       #00 pc 000000000007eea0  /data/app/~~T_JrmFcmfu73nV0Ou03z7A==/com.fransdedi.RevaApp-22Wbo0K6WFAiHZxYL15Qog==/lib/arm64/libreanimated.so (BuildId: 6e1da4d82b552c4c63a92f04ce2b1d7c5ef96876)
03-27 11:59:56.703 F/DEBUG   ( 4262):       #01 pc 0000000000098d88  /data/app/~~T_JrmFcmfu73nV0Ou03z7A==/com.fransdedi.RevaApp-22Wbo0K6WFAiHZxYL15Qog==/lib/arm64/libreanimated.so (reanimated::Scheduler::triggerUI()+240) (BuildId: 6e1da4d82b552c4c63a92f04ce2b1d7c5ef96876)
03-27 11:59:56.703 F/DEBUG   ( 4262):       #02 pc 000000000009c6c8  /data/app/~~T_JrmFcmfu73nV0Ou03z7A==/com.fransdedi.RevaApp-22Wbo0K6WFAiHZxYL15Qog==/lib/arm64/libreanimated.so (facebook::jni::detail::MethodWrapper<void (reanimated::AndroidScheduler::*)(), &(reanimated::AndroidScheduler::triggerUI()), reanimated::AndroidScheduler, void>::dispatch(facebook::jni::alias_ref<facebook::jni::detail::JTypeFor<facebook::jni::HybridClass<reanimated::AndroidScheduler, facebook::jni::detail::BaseHybridClass>::JavaPart, facebook::jni::JObject, void>::_javaobject*>)+44) (BuildId: 6e1da4d82b552c4c63a92f04ce2b1d7c5ef96876)
03-27 11:59:56.703 F/DEBUG   ( 4262):       #03 pc 000000000009c634  /data/app/~~T_JrmFcmfu73nV0Ou03z7A==/com.fransdedi.RevaApp-22Wbo0K6WFAiHZxYL15Qog==/lib/arm64/libreanimated.so (facebook::jni::detail::FunctionWrapper<void (*)(facebook::jni::alias_ref<facebook::jni::detail::JTypeFor<facebook::jni::HybridClass<reanimated::AndroidScheduler, facebook::jni::detail::BaseHybridClass>::JavaPart, facebook::jni::JObject, void>::_javaobject*>), facebook::jni::detail::JTypeFor<facebook::jni::HybridClass<reanimated::AndroidScheduler, facebook::jni::detail::BaseHybridClass>::JavaPart, facebook::jni::JObject, void>::_javaobject*, void>::call(_JNIEnv*, _jobject*, void (*)(facebook::jni::alias_ref<facebook::jni::detail::JTypeFor<facebook::jni::HybridClass<reanimated::AndroidScheduler, facebook::jni::detail::BaseHybridClass>::JavaPart, facebook::jni::JObject, void>::_javaobject*>))+60) (BuildId: 6e1da4d82b552c4c63a92f04ce2b1d7c5ef96876)
03-27 11:59:56.703 F/DEBUG   ( 4262):       #04 pc 000000000009b5e0  /data/app/~~T_JrmFcmfu73nV0Ou03z7A==/com.fransdedi.RevaApp-22Wbo0K6WFAiHZxYL15Qog==/lib/arm64/libreanimated.so (facebook::jni::detail::MethodWrapper<void (reanimated::AndroidScheduler::*)(), &(reanimated::AndroidScheduler::triggerUI()), reanimated::AndroidScheduler, void>::call(_JNIEnv*, _jobject*)+36) (BuildId: 6e1da4d82b552c4c63a92f04ce2b1d7c5ef96876)
03-27 11:59:56.703 F/DEBUG   ( 4262):       #05 pc 000000000004d8bc  /data/app/~~T_JrmFcmfu73nV0Ou03z7A==/com.fransdedi.RevaApp-22Wbo0K6WFAiHZxYL15Qog==/oat/arm64/base.odex (art_jni_trampoline+124)
03-27 11:59:56.703 F/DEBUG   ( 4262):       #06 pc 0000000000133564  /apex/com.android.art/lib64/libart.so (art_quick_invoke_stub+548) (BuildId: b00e912b4277598b86a575d44c7652c0)
03-27 11:59:56.704 F/DEBUG   ( 4262):       #07 pc 00000000001a97e8  /apex/com.android.art/lib64/libart.so (art::ArtMethod::Invoke(art::Thread*, unsigned int*, unsigned int, art::JValue*, char const*)+200) (BuildId: b00e912b4277598b86a575d44c7652c0)
03-27 11:59:56.704 F/DEBUG   ( 4262):       #08 pc 000000000031c288  /apex/com.android.art/lib64/libart.so (art::interpreter::ArtInterpreterToCompiledCodeBridge(art::Thread*, art::ArtMethod*, art::ShadowFrame*, unsigned short, art::JValue*)+376) (BuildId: b00e912b4277598b86a575d44c7652c0)
03-27 11:59:56.704 F/DEBUG   ( 4262):       #09 pc 0000000000312470  /apex/com.android.art/lib64/libart.so (bool art::interpreter::DoCall<false, false>(art::ArtMethod*, art::Thread*, art::ShadowFrame&, art::Instruction const*, unsigned short, art::JValue*)+912) (BuildId: b00e912b4277598b86a575d44c7652c0)
03-27 11:59:56.704 F/DEBUG   ( 4262):       #10 pc 000000000068def0  /apex/com.android.art/lib64/libart.so (MterpInvokeVirtualQuick+672) (BuildId: b00e912b4277598b86a575d44c7652c0)
03-27 11:59:56.704 F/DEBUG   ( 4262):       #11 pc 0000000000131594  /apex/com.android.art/lib64/libart.so (mterp_op_invoke_virtual_quick+20) (BuildId: b00e912b4277598b86a575d44c7652c0)
03-27 11:59:56.704 F/DEBUG   ( 4262):       #12 pc 00000000003fd2a8  /data/app/~~T_JrmFcmfu73nV0Ou03z7A==/com.fransdedi.RevaApp-22Wbo0K6WFAiHZxYL15Qog==/oat/arm64/base.vdex (com.swmansion.reanimated.Scheduler$1.run+28)
03-27 11:59:56.704 F/DEBUG   ( 4262):       #13 pc 00000000006891ac  /apex/com.android.art/lib64/libart.so (MterpInvokeInterface+1812) (BuildId: b00e912b4277598b86a575d44c7652c0)
03-27 11:59:56.704 F/DEBUG   ( 4262):       #14 pc 000000000012da14  /apex/com.android.art/lib64/libart.so (mterp_op_invoke_interface+20) (BuildId: b00e912b4277598b86a575d44c7652c0)
03-27 11:59:56.705 F/DEBUG   ( 4262):       #15 pc 00000000003fd2e8  /data/app/~~T_JrmFcmfu73nV0Ou03z7A==/com.fransdedi.RevaApp-22Wbo0K6WFAiHZxYL15Qog==/oat/arm64/base.vdex (com.swmansion.reanimated.Scheduler$2.runGuarded+12)
03-27 11:59:56.705 F/DEBUG   ( 4262):       #16 pc 000000000068e190  /apex/com.android.art/lib64/libart.so (MterpInvokeVirtualQuick+1344) (BuildId: b00e912b4277598b86a575d44c7652c0)
03-27 11:59:56.705 F/DEBUG   ( 4262):       #17 pc 0000000000131594  /apex/com.android.art/lib64/libart.so (mterp_op_invoke_virtual_quick+20) (BuildId: b00e912b4277598b86a575d44c7652c0)
03-27 11:59:56.705 F/DEBUG   ( 4262):       #18 pc 000000000034953c  /data/app/~~T_JrmFcmfu73nV0Ou03z7A==/com.fransdedi.RevaApp-22Wbo0K6WFAiHZxYL15Qog==/oat/arm64/base.vdex (com.facebook.react.bridge.GuardedRunnable.run)
03-27 11:59:56.705 F/DEBUG   ( 4262):       #19 pc 0000000000309718  /apex/com.android.art/lib64/libart.so (art::interpreter::Execute(art::Thread*, art::CodeItemDataAccessor const&, art::ShadowFrame&, art::JValue, bool, bool) (.llvm.13326050045833836052)+264) (BuildId: b00e912b4277598b86a575d44c7652c0)
03-27 11:59:56.705 F/DEBUG   ( 4262):       #20 pc 0000000000675ec8  /apex/com.android.art/lib64/libart.so (artQuickToInterpreterBridge+776) (BuildId: b00e912b4277598b86a575d44c7652c0)
03-27 11:59:56.705 F/DEBUG   ( 4262):       #21 pc 000000000013cff8  /apex/com.android.art/lib64/libart.so (art_quick_to_interpreter_bridge+88) (BuildId: b00e912b4277598b86a575d44c7652c0)
03-27 11:59:56.705 F/DEBUG   ( 4262):       #22 pc 0000000000652c6c  /system/framework/arm64/boot-framework.oat (android.os.Handler.dispatchMessage+76) (BuildId: 2e759956035bf276d2147aa2f564dad0244b937a)
03-27 11:59:56.705 F/DEBUG   ( 4262):       #23 pc 000000000065624c  /system/framework/arm64/boot-framework.oat (android.os.Looper.loop+1692) (BuildId: 2e759956035bf276d2147aa2f564dad0244b937a)
03-27 11:59:56.705 F/DEBUG   ( 4262):       #24 pc 000000000040b448  /system/framework/arm64/boot-framework.oat (android.app.ActivityThread.main+808) (BuildId: 2e759956035bf276d2147aa2f564dad0244b937a)
03-27 11:59:56.705 F/DEBUG   ( 4262):       #25 pc 00000000001337e8  /apex/com.android.art/lib64/libart.so (art_quick_invoke_static_stub+568) (BuildId: b00e912b4277598b86a575d44c7652c0)
03-27 11:59:56.706 F/DEBUG   ( 4262):       #26 pc 00000000001a9804  /apex/com.android.art/lib64/libart.so (art::ArtMethod::Invoke(art::Thread*, unsigned int*, unsigned int, art::JValue*, char const*)+228) (BuildId: b00e912b4277598b86a575d44c7652c0)
03-27 11:59:56.706 F/DEBUG   ( 4262):       #27 pc 000000000055e8e4  /apex/com.android.art/lib64/libart.so (art::InvokeMethod(art::ScopedObjectAccessAlreadyRunnable const&, _jobject*, _jobject*, _jobject*, unsigned long)+1364) (BuildId: b00e912b4277598b86a575d44c7652c0)
03-27 11:59:56.706 F/DEBUG   ( 4262):       #28 pc 00000000004dd498  /apex/com.android.art/lib64/libart.so (art::Method_invoke(_JNIEnv*, _jobject*, _jobject*, _jobjectArray*)+48) (BuildId: b00e912b4277598b86a575d44c7652c0)
03-27 11:59:56.707 F/DEBUG   ( 4262):       #29 pc 00000000000896f4  /apex/com.android.art/javalib/arm64/boot.oat (art_jni_trampoline+180) (BuildId: 650e4db53213fa7f629c41ec958b273b7629d7ee)
03-27 11:59:56.707 F/DEBUG   ( 4262):       #30 pc 00000000008c8df8  /system/framework/arm64/boot-framework.oat (com.android.internal.os.RuntimeInit$MethodAndArgsCaller.run+136) (BuildId: 2e759956035bf276d2147aa2f564dad0244b937a)
03-27 11:59:56.708 F/DEBUG   ( 4262):       #31 pc 00000000008d15b0  /system/framework/arm64/boot-framework.oat (com.android.internal.os.ZygoteInit.main+2336) (BuildId: 2e759956035bf276d2147aa2f564dad0244b937a)
03-27 11:59:56.708 F/DEBUG   ( 4262):       #32 pc 00000000001337e8  /apex/com.android.art/lib64/libart.so (art_quick_invoke_static_stub+568) (BuildId: b00e912b4277598b86a575d44c7652c0)
03-27 11:59:56.708 F/DEBUG   ( 4262):       #33 pc 00000000001a9804  /apex/com.android.art/lib64/libart.so (art::ArtMethod::Invoke(art::Thread*, unsigned int*, unsigned int, art::JValue*, char const*)+228) (BuildId: b00e912b4277598b86a575d44c7652c0)
03-27 11:59:56.709 F/DEBUG   ( 4262):       #34 pc 000000000055d300  /apex/com.android.art/lib64/libart.so (art::JValue art::InvokeWithVarArgs<art::ArtMethod*>(art::ScopedObjectAccessAlreadyRunnable const&, _jobject*, art::ArtMethod*, std::__va_list)+448) (BuildId: b00e912b4277598b86a575d44c7652c0)
03-27 11:59:56.709 F/DEBUG   ( 4262):       #35 pc 000000000055d7c4  /apex/com.android.art/lib64/libart.so (art::JValue art::InvokeWithVarArgs<_jmethodID*>(art::ScopedObjectAccessAlreadyRunnable const&, _jobject*, _jmethodID*, std::__va_list)+92) (BuildId: b00e912b4277598b86a575d44c7652c0)
03-27 11:59:56.710 F/DEBUG   ( 4262):       #36 pc 000000000043f9b4  /apex/com.android.art/lib64/libart.so (art::JNI<true>::CallStaticVoidMethodV(_JNIEnv*, _jclass*, _jmethodID*, std::__va_list)+652) (BuildId: b00e912b4277598b86a575d44c7652c0)
03-27 11:59:56.710 F/DEBUG   ( 4262):       #37 pc 000000000009b48c  /system/lib64/libandroid_runtime.so (_JNIEnv::CallStaticVoidMethod(_jclass*, _jmethodID*, ...)+124) (BuildId: 25d709fe52e614599af6a7f301c8b2ff)
03-27 11:59:56.710 F/DEBUG   ( 4262):       #38 pc 00000000000a2a8c  /system/lib64/libandroid_runtime.so (android::AndroidRuntime::start(char const*, android::Vector<android::String8> const&, bool)+948) (BuildId: 25d709fe52e614599af6a7f301c8b2ff)
03-27 11:59:56.711 F/DEBUG   ( 4262):       #39 pc 0000000000003570  /system/bin/app_process64 (main+1320) (BuildId: 663a807e08f3b24d20686454e478f5f0)
03-27 11:59:56.711 F/DEBUG   ( 4262):       #40 pc 0000000000049a34  /apex/com.android.runtime/lib64/bionic/libc.so (__libc_init+108) (BuildId: 893d93f26d1e6348c06b7dc415eeab6f)
03-27 11:59:57.114 D/ActivityManager( 1245): crashInfo.exceptionClassName = Native crash , crashInfo.exceptionMessage = Segmentation fault, crashInfo.throwFileName = unknown,crashInfo.throwLineNumber = 0
03-27 11:59:57.114 D/AppPermissionProof( 1245): isForeApp = true, securityExceptionList = []
03-27 11:59:57.115 D/AppPermissionProof( 1245): permission proof speed of 1 mm
03-27 11:59:57.121 W/ActivityTaskManager( 1245):   Force finishing activity com.fransdedi.RevaApp/.MainActivity
03-27 11:59:57.122 I/BootReceiver( 1245): Copying /data/tombstones/tombstone_27 to DropBox (SYSTEM_TOMBSTONE)
03-27 11:59:57.124 D/WindowManager( 1245): Looking for focus: Window{64931b u0 com.fransdedi.RevaApp/com.fransdedi.RevaApp.MainActivity}
03-27 11:59:57.124 I/DropBoxManagerService( 1245): add tag=data_app_native_crash isTagEnabled=true flags=0x2
03-27 11:59:57.125 W/WindowManager( 1245): Changing focus fromWindow{64931b u0 com.fransdedi.RevaApp/com.fransdedi.RevaApp.MainActivity} to null displayId=0 Callers=com.android.server.wm.RootWindowContainer.updateFocusedWindowLocked:531 com.android.server.wm.WindowManagerService.updateFocusedWindowLocked:5897 com.android.server.wm.DisplayContent.setFocusedApp:5888 com.android.server.wm.ActivityTaskManagerService.setResumedActivityUncheckLocked:6125 
03-27 11:59:57.127 W/ContextImpl( 1245): Calling a method in the system process without a qualified user: android.app.ContextImpl.sendBroadcast:1147 com.android.server.am.ActivityManagerService.sendExceptionDataToTABE:11572 com.android.server.am.ActivityManagerService.access$800:515 com.android.server.am.ActivityManagerService$5.handleMessage:2156 android.os.Handler.dispatchMessage:106 
03-27 11:59:57.133 I/DropBoxManagerService( 1245): add tag=SYSTEM_TOMBSTONE isTagEnabled=true flags=0x2
03-27 11:59:57.169 W/BroadcastQueue( 1245): Background execution not allowed: receiving Intent { act=android.intent.action.DROPBOX_ENTRY_ADDED flg=0x10 (has extras) } to com.google.android.gms/.chimera.GmsIntentOperationService$PersistentTrustedReceiver
03-27 11:59:57.169 W/BroadcastQueue( 1245): Background execution not allowed: receiving Intent { act=android.intent.action.DROPBOX_ENTRY_ADDED flg=0x10 (has extras) } to com.google.android.gms/.stats.service.DropBoxEntryAddedReceiver
03-27 11:59:57.212 W/BroadcastQueue( 1245): Background execution not allowed: receiving Intent { act=android.intent.action.DROPBOX_ENTRY_ADDED flg=0x10 (has extras) } to com.google.android.gms/.chimera.GmsIntentOperationService$PersistentTrustedReceiver
03-27 11:59:57.215 W/BroadcastQueue( 1245): Background execution not allowed: receiving Intent { act=android.intent.action.DROPBOX_ENTRY_ADDED flg=0x10 (has extras) } to com.google.android.gms/.stats.service.DropBoxEntryAddedReceiver
03-27 11:59:57.258 V/ActivityManager( 1245): Death received in com.android.server.am.ActivityManagerService$AppDeathRecipient@6b8954e for thread android.os.BinderProxy@269866f
03-27 11:59:57.258 I/WindowManager( 1245): WIN DEATH: Window{64931b u0 com.fransdedi.RevaApp/com.fransdedi.RevaApp.MainActivity}
03-27 11:59:57.259 D/MtkConnectivityService( 1245): ConnectivityService NetworkRequestInfo binderDied(NetworkRequest [ TRACK_DEFAULT id=51404, [ Capabilities: INTERNET&NOT_RESTRICTED&TRUSTED Uid: 10435 AdministratorUids: [] RequestorUid: 10435 RequestorPackageName: com.fransdedi.RevaApp] ], android.os.BinderProxy@d8a690f)
03-27 11:59:57.260 I/ActivityManager( 1245): Process com.fransdedi.RevaApp (pid 4201) has died: prcp TOP 
03-27 11:59:57.260 D/Griffin/ComponentManager( 1245): Limit Start proc com.fransdedi.RevaApp restart for 3rd-normal
03-27 11:59:57.261 D/os.ActivityManagerServiceLice( 1245): make process inactive com.fransdedi.RevaApp(4201)
03-27 11:59:57.303 D/Griffin ( 1245): onAppLaunch, nextType=2next - ActivityInfo{5c45315 com.android.quickstep.src.com.android.launcher3.uioverrides.QuickstepLauncher}
03-27 11:59:57.303 D/Griffin/CleanManager( 1245): dispatch clean index=25
03-27 11:59:57.303 D/Griffin/Compaction( 1245): doMemFusion - 2
03-27 11:59:57.303 D/Griffin/Compaction( 1245): memFusionUpdatei: trigger = 2, MemFusionSettingsEnabled = true, MemFusionCloudEnabled = true
03-27 11:59:57.304 D/Griffin/Compaction( 1245): memFusionUpdatei:  - mem enough
03-27 11:59:57.304 D/j       ( 1245): isFeatureEnable, no corresponding key
03-27 11:59:57.304 I/ActivityManager( 1245): Applaunch form com.fransdedi.RevaApp to com.transsion.XOSLauncher
03-27 11:59:57.305 D/os.fingerprint( 1245): onActivityResume next:ActivityRecord{398f7f3 u0 com.transsion.XOSLauncher/com.android.quickstep.src.com.android.launcher3.uioverrides.QuickstepLauncher t2}
03-27 11:59:57.306 D/os.fingerprint( 1245): checkActivityRecord activityComponent = ComponentInfo{com.transsion.XOSLauncher/com.android.quickstep.src.com.android.launcher3.uioverrides.QuickstepLauncher}
03-27 11:59:57.325 I/WindowManager( 1245): Relayout Window{7cace2c u0 com.transsion.XOSLauncher/com.android.quickstep.src.com.android.launcher3.uioverrides.QuickstepLauncher}: oldVis=8 newVis=0 focusMayChange = true
03-27 11:59:57.376 W/ActivityManager( 1245): setHasOverlayUi called on unknown pid: 4201
03-27 11:59:57.393 I/WindowManager( 1245): Relayout Window{a962b1d u0 com.transsion.XOSLauncher/com.android.quickstep.src.com.android.launcher3.uioverrides.QuickstepLauncher}: oldVis=4 newVis=0 focusMayChange = true
03-27 11:59:57.404 D/DisplayPowerController( 1245): sendUpdatePowerState:UpdatePowerStateForLucid 
03-27 11:59:57.404 V/DisplayPowerController( 1245): Brightness mAfterLucidBrightness before lucid:114 after lucid:129 mBeforeLucidBrightness:129
03-27 11:59:57.404 V/DisplayPowerController( 1245): lucid Brightness:114(0.44487327) to mLucidAnimationBrightness:129(0.5039293)
03-27 11:59:57.405 V/SettingsProvider( 1245): name : screen_brightness_float appId : 1000 pid : 1245 pkg :android
03-27 11:59:57.405 W/WindowManager( 1245): Changing focus fromnull to Window{a962b1d u0 com.transsion.XOSLauncher/com.android.quickstep.src.com.android.launcher3.uioverrides.QuickstepLauncher} displayId=0 Callers=com.android.server.wm.RootWindowContainer.updateFocusedWindowLocked:531 com.android.server.wm.WindowManagerService.updateFocusedWindowLocked:5897 com.android.server.wm.WindowManagerService.relayoutWindow:2579 com.android.server.wm.Session.relayout:213 
03-27 11:59:57.407 V/DisplayPowerController( 1245): lucid animation Brightness:129(0.5039293)
03-27 11:59:57.407 D/DisplayPowerController( 1245): animateScreenBrightness: target=0.5039293, rate=0.02    mShouldUpdateBrightnessSettingLater=false
03-27 11:59:57.407 V/SettingsProvider( 1245): name : tran_animate_brightness_time appId : 1000 pid : 1245 pkg :android
03-27 11:59:57.407 V/SettingsProvider( 1245): name : tran_animate_brightness_update appId : 1000 pid : 1245 pkg :android
03-27 11:59:57.407 V/SettingsProvider( 1245): name : screen_brightness appId : 1000 pid : 1245 pkg :android
03-27 11:59:57.623 W/ActivityTaskManager( 1245): Activity top resumed state loss timeout for ActivityRecord{17c2146 u0 com.fransdedi.RevaApp/.MainActivity t-1 f}}
03-27 11:59:59.305 D/Griffin/CleanManager( 1245): dispatch clean index=11
03-27 11:59:59.310 D/Griffin/Compaction( 1245): doIdleClean: recent size 6, protect:8+6
03-27 12:00:00.210 D/os.notification.pre( 1245):  add StatusBarNotification 204990662 current size 1
03-27 12:00:00.211 D/os.notification( 1245): onEnqueueNotificationInternal StatusBarNotification:StatusBarNotification(pkg=com.liuzh.deviceinfo user=UserHandle{0} id=19960101 tag=null key=0|com.liuzh.deviceinfo|19960101|null|10431: Notification(channel=notification_service shortcut=null contentView=com.liuzh.deviceinfo/0x7f0d0119 vibrate=null sound=null tick defaults=0x0 flags=0x4a color=0x00000000 category=service vis=PRIVATE)) callingUid:10431 sn:59335 res:true
03-27 12:00:00.211 D/os.notification.SuspendJobManager( 1245): create job  com.transsion.common.SuspendJobManager$JobInfo@21dabb4 key:NotificationRecord(0x0bdea087: pkg=com.liuzh.deviceinfo user=UserHandle{0} id=19960101 tag=null importance=3 key=0|com.liuzh.deviceinfo|19960101|null|10431: Notification(channel=notification_service shortcut=null contentView=com.liuzh.deviceinfo/0x7f0d0119 vibrate=null sound=null tick defaults=0x0 flags=0x4a color=0x00000000 category=service vis=PRIVATE)) data:com.android.server.notification.-$$Lambda$NotificationManagerService$EPoHVfWRkEt__ULyXgssSkaEWZE@22b23dd sn:-1 owner:{}
03-27 12:00:00.225 D/os.notification.pre( 1245):  add Runnable 117095971 with StatusBarNotification 204990662 current size 1
03-27 12:00:00.225 D/os.notification.pre( 1245):  remove Runnable 117095971 with StatusBarNotification 204990662 for suspend run current size 0
03-27 12:00:00.226 D/os.notification.SuspendJobManager( 1245): done  com.transsion.common.SuspendJobManager$JobInfo@21dabb4 key:NotificationRecord(0x0bdea087: pkg=com.liuzh.deviceinfo user=UserHandle{0} id=19960101 tag=null importance=3 key=0|com.liuzh.deviceinfo|19960101|null|10431: Notification(channel=notification_service shortcut=null contentView=com.liuzh.deviceinfo/0x7f0d0119 vibrate=null sound=null tick defaults=0x0 flags=0x4a color=0x00000000 category=service vis=PRIVATE)) data:com.android.server.notification.-$$Lambda$NotificationManagerService$EPoHVfWRkEt__ULyXgssSkaEWZE@22b23dd sn:59335 owner:{3556} for  app-3556-request
03-27 12:00:08.785 D/CompatibilityChangeReporter( 1245): Compat change id reported: 135634846; UID 10263; state: DISABLED
03-27 12:00:08.785 D/CompatibilityChangeReporter( 1245): Compat change id reported: 135754954; UID 10263; state: ENABLED
03-27 12:00:08.786 D/CompatibilityChangeReporter( 1245): Compat change id reported: 143937733; UID 10263; state: ENABLED
03-27 12:00:08.810 I/ActivityManager( 1245): Start proc 4313:com.indomaret.klikindomaret/u0a263 for broadcast {com.indomaret.klikindomaret/io.invertase.firebase.messaging.ReactNativeFirebaseMessagingReceiver}
03-27 12:00:08.858 V/ActivityManager( 1245): New death recipient com.android.server.am.ActivityManagerService$AppDeathRecipient@b6bd4bd for thread android.os.BinderProxy@ee95ab2
03-27 12:00:08.863 D/os.ActivityManagerServiceLice( 1245): make process active com.indomaret.klikindomaret(4313)
03-27 12:00:09.119 D/AppTurboFactory( 4313): AppTurboFactory new
03-27 12:00:09.122 D/AppTurboService( 4313): mTidEnabled false
03-27 12:00:09.155 V/SettingsProvider( 1245): packageValueForCallResult, name = sqlite_compatibility_wal_flags, value : Bundle[{_track_generation=android.util.MemoryIntArray@ab, value=, _generation_index=0, _generation=1828}]
03-27 12:00:09.174 V/SettingsProvider( 1245): packageValueForCallResult, name = android_id, value : Bundle[{_track_generation=android.util.MemoryIntArray@ab, value=a03d02380f64a4cd, _generation_index=2, _generation=7093}]
03-27 12:00:09.561 W/ActivityManager( 1245): Background start not allowed: service Intent { cmp=com.indomaret.klikindomaret/io.invertase.firebase.messaging.ReactNativeFirebaseMessagingHeadlessService (has extras) } to com.indomaret.klikindomaret/io.invertase.firebase.messaging.ReactNativeFirebaseMessagingHeadlessService from pid=4313 uid=10263 pkg=com.indomaret.klikindomaret startFg?=false
03-27 12:00:10.378 D/os.notification.pre( 1245):  add StatusBarNotification 229543945 current size 1
03-27 12:00:10.379 D/os.notification( 1245): onEnqueueNotificationInternal StatusBarNotification:StatusBarNotification(pkg=com.indomaret.klikindomaret user=UserHandle{0} id=0 tag=topic_key_4784804432789681368 key=0|com.indomaret.klikindomaret|0|topic_key_4784804432789681368|10263: Notification(channel=klik_promotion shortcut=null contentView=null vibrate=null sound=null defaults=0x0 flags=0x10 color=0xffffffff vis=PRIVATE)) callingUid:10263 sn:59336 res:true
03-27 12:00:10.379 D/os.notification.SuspendJobManager( 1245): create job  com.transsion.common.SuspendJobManager$JobInfo@acc942f key:NotificationRecord(0x032c420e: pkg=com.indomaret.klikindomaret user=UserHandle{0} id=0 tag=topic_key_4784804432789681368 importance=3 key=0|com.indomaret.klikindomaret|0|topic_key_4784804432789681368|10263: Notification(channel=klik_promotion shortcut=null contentView=null vibrate=null sound=null defaults=0x0 flags=0x10 color=0xffffffff vis=PRIVATE)) data:com.android.server.notification.-$$Lambda$NotificationManagerService$EPoHVfWRkEt__ULyXgssSkaEWZE@99b9a3c sn:-1 owner:{}
03-27 12:00:10.396 D/os.notification.pre( 1245):  add Runnable 249247553 with StatusBarNotification 229543945 current size 1
03-27 12:00:10.397 D/os.notification.pre( 1245):  remove Runnable 249247553 with StatusBarNotification 229543945 for suspend run current size 0
03-27 12:00:10.399 D/os.notification.SuspendJobManager( 1245): done  com.transsion.common.SuspendJobManager$JobInfo@acc942f key:NotificationRecord(0x032c420e: pkg=com.indomaret.klikindomaret user=UserHandle{0} id=0 tag=topic_key_4784804432789681368 importance=3 key=0|com.indomaret.klikindomaret|0|topic_key_4784804432789681368|10263: Notification(channel=klik_promotion shortcut=null contentView=null vibrate=null sound=null defaults=0x0 flags=0x10 color=0xffffffff vis=PRIVATE)) data:com.android.server.notification.-$$Lambda$NotificationManagerService$EPoHVfWRkEt__ULyXgssSkaEWZE@99b9a3c sn:59336 owner:{3556} for  app-3556-request
03-27 12:00:10.633 W/NotificationHistory( 1245): Attempted to add notif for locked/gone/disabled user 0
03-27 12:00:11.310 D/VibratorService( 1245): enable vibrator opPkg = com.indomaret.klikindomaret
03-27 12:00:11.543 D/Griffin/DeviceState( 1245): update playerItem, pid = 22321, uid = 10161, package = com.android.systemui, playerId = 45423, playerState = 2
03-27 12:00:11.544 D/Griffin/DeviceState( 1245): Caller from 2, create the new playerItem: 
03-27 12:00:11.544 D/Griffin/DeviceState( 1245): AudioPlayerItem{playerId=45423, playerState=2, lastUpdateTime=2167437838, currentTime= 2167437838}
--------- beginning of main
03-27 12:00:11.748 D/BufferPoolAccessor2.0(12125): bufferpool2 0xb4000075f5939e58 : 0(0 size) total buffers - 0(0 size) used buffers - 1/7 (recycle/alloc) - 6/24 (fetch/transfer)
03-27 12:00:11.749 D/BufferPoolAccessor2.0(12125): Destruction - bufferpool2 0xb4000075f5939e58 cached: 0/0M, 0/0% in use; allocs: 7, 14% recycled; transfers: 24, 75% unfetched
03-27 12:00:11.754 D/SimpleC2Component(  870): Using output block pool with poolID 2443 => got 2443 - 0
03-27 12:00:11.758 E/FMQ     (  831): grantorIdx must be less than 3
03-27 12:00:11.774 V/AudioPolicyIntefaceImpl(  610): getOutput()
03-27 12:00:11.776 V/AudioPolicyIntefaceImpl(  610): getOutput()
03-27 12:00:11.776 D/AudioTrack(  831): INSP: type=audio,case=1,set=0xe6ac6590,stream_type=4,sample_rate=44100,format=0x1,channel_mask=0x3,frame_count=22560,flags=0x0,notification_frames=0,session_id=52985,transfer_type=0,uid=10161,pid=22321
03-27 12:00:11.776 D/AudioTrack(  831): INSP: type=audio,case=1,attributes=1,content_type=4,usage=4,source=-1,flags=0x800
03-27 12:00:11.777 D/AudioTrack(  831): set(): Building AudioTrack with attributes: usage = 4, content = 4, flags = 0x800, tags = []
03-27 12:00:11.778 V/AudioPolicyIntefaceImpl(  610): getOutputForAttr()
03-27 12:00:11.784 D/APM_AudioPolicyManager(  610): [MTK_APM_Output]getOutputForAttr() returns output 13 requestedPortId 0 selectedDeviceId 3 for port ID 2353, sample_rate 44100, format 1, channel_mask 3, flags 0 stream 4
03-27 12:00:11.826 D/AudioFlinger_Threads(  610): Client defaulted notificationFrames to 7520 for frameCount 22560
03-27 12:00:11.837 D/AF::Track(  610): Track, track(0xb4000079a71110a0): mFastIndex -1, mStreamType 4, mId 1798, mFrameCount 22560, mSampleRate 44100, mFormat 1, mChannelCount 2, mTrackCount 1743, thread 0xb400007b29f6c040, sessionId 52985, AudioOut_D, primary-6
03-27 12:00:11.840 I/testing ( 1245): packageName=com.android.systemui,mode=0
03-27 12:00:11.841 I/testing ( 1245): packageName=com.transsion.faceid,mode=0
03-27 12:00:11.842 D/AF::TrackHandle(  610): OpPlayAudio: track:1798 usage:4 not muted
03-27 12:00:11.846 D/AudioTrack(  831): createTrack_l(2353): 0xe6ac6590, mCblk = 0xe3180000, mLatency = 563, mAfLatency = 52, frameCount = 22560, mSampleRate = 44100, mFlags = 0, mReqFrameCount = 22560, mNotificationFramesAct = 7520
03-27 12:00:11.858 D/AudioTrack(  831): setVolume(2353): 0xe6ac6590, left = 1.000000, right = 1.000000
03-27 12:00:11.859 D/AudioTrack(  831): setVolume(2353): 0xe6ac6590, left = 1.000000, right = 1.000000
03-27 12:00:11.859 D/AudioTrack(  831): start(2353): 0xe6ac6590, prior state:STATE_STOPPED
03-27 12:00:11.860 V/AudioPolicyIntefaceImpl(  610): startOutput()
03-27 12:00:11.860 D/APM_AudioPolicyManager(  610): [MTK_APM_Output]startOutput() output 13, stream 4, session 52985 portId 2353
03-27 12:00:11.872 W/APM::AudioPolicyEngine(  610): getDevicesForStrategy() unknown strategy: -1
03-27 12:00:11.872 W/APM::AudioPolicyEngine(  610): getDevicesForStrategy() unknown strategy: -1
03-27 12:00:11.873 D/APM_AudioPolicyManager(  610): dirac stream1: 4
03-27 12:00:11.877 I/system_server( 1245): oneway function results will be dropped but finished with status OK and parcel size 4
03-27 12:00:11.880 I/system_server( 1245): oneway function results will be dropped but finished with status OK and parcel size 4
03-27 12:00:11.894 D/AudioALSAStreamOut(  587): write(), flag 0x6, mStreamAttributeSource.output_devices = 0x2, set usePolicyDevice from true to false
03-27 12:00:11.894 D/AudioALSAStreamManager(  587): +syncSharedOutDevice(), routingSharedOutDevice: 0x2, mPhoneCallControllerStatusPolicy: 0
03-27 12:00:11.897 D/AudioMTKGainController(  587): setNormalVolume(), mSceneIndex = 0, stream 4, devices 0x2, index 8, mode 0x0, gainDevice 0x2
03-27 12:00:11.897 D/AudioMTKGainController(  587): setSpeakerGain(), gain = 10, spkAnaType = 1, spkLMixerName = Headset_PGAL_GAIN, spkRMixerName = Headset_PGAR_GAIN
03-27 12:00:11.900 D/AudioALSAStreamOut(  587): open(), flags 6
03-27 12:00:11.902 D/AudioALSAStreamManager(  587): +createPlaybackHandler(), mAudioMode = 0, output_devices = 0x2, isMixerOut = 0, isBypassAurisys = 0, flag = 6
03-27 12:00:11.902 D/AudioALSAStreamManager(  587): needEnableVoip(), output_devices = 0x2, flags: 0x6, mAvailableOutputFlags: 0x1000e, enable: 0
03-27 12:00:11.908 D/AudioALSAPlaybackHandlerNormal(  587): +open(), flag = 6, source output_devices = 0x2, audio_format = 3, buffer_size = 2048, sample_rate = 48000
03-27 12:00:11.910 D/AudioALSADeviceParser(  587): compare pcm success = 7, stringpair = I2S0DL1_PLayback
03-27 12:00:11.912 D/AudioALSAPlaybackHandlerBase(  587): transferAudioFormatToPcmFormat(), audio_format(0x4) => pcm_format(0x1)
03-27 12:00:11.912 D/AudioALSAPlaybackHandlerNormal(  587): open(), flag = 6, mConfig: channels = 2, sample_rate(target) = 48000, period_size = 256, period_count = 4, format = 1, avail_min = 256, start_threshold = 1024
03-27 12:00:11.915 D/AudioALSAPlaybackHandlerNormal(  587): SetLowJitterMode(), bypass low jitter mode, bEnable = 1, device = 0x2, SampleRate = 48000
03-27 12:00:11.916 D/AudioALSAPlaybackHandlerBase(  587): openPcmDriverWithFlag(), pcm device = 7 flag = 0x8 mPcm = 0xed8c0e20
03-27 12:00:11.918 D/AudioALSAPlaybackHandlerBase(  587): CreateAurisysLibManager, ph type: 7, voip: 0, mAurisysScenario: 1
03-27 12:00:11.918 D/aurisys_utility(  587): input dev: 0x80000004, fmt = 0x3, fs: 48000, max fs: 48000, ch: 2, max ch: 1, ch maks: 0x3, hw_info_mask: 0x0; output dev: 0x2, fmt = 0x3, fs: 48000, max fs: 48000, ch: 2, max ch: 2, ch maks: 0x3, hw_info_mask: 0x0; task_scene: 2, audio_mode: 0, stream_type: 4, output_flags: 0x6, input_source: 0, input_flags: 0x0; network_info: 0, enhancement_feature_mask: 0x0
03-27 12:00:11.918 D/aurisys_utility(  587): lib, working fs: 48000, fmt: 0x3, frame = 0, b_interleave = 1, num_ul_ref_buf_array = 0, num_dl_ref_buf_array = 0
03-27 12:00:11.919 D/aurisys_utility(  587): dl in[type:2], ch: 2, ch_mask: 0x3, buf fs: 48000, buf content fs: 48000, fmt: 0x3; dl out[type:3], ch: 2, ch_mask: 0x3, buf fs: 48000, buf content fs: 48000, fmt: 0x3
03-27 12:00:11.920 D/AudioCompFltCustParam(  587): audioHierarchicalParamEnable [1]
03-27 12:00:11.920 D/AudioCompFltCustParam(  587): getPlaybackPostProcessParameterFromXML Type/Name [5]/[PlaybackDRC]
03-27 12:00:11.921 D/AudioCompFltCustParam(  587): Load from scene Scene,Default,Volume type,Music
03-27 12:00:11.921 D/AudioCompFltCustParam(  587): audioHierarchicalParamEnable [1]
03-27 12:00:11.921 D/AudioCompFltCustParam(  587): getPlaybackPostProcessParameterFromXML Type/Name [0]/[PlaybackACF]
03-27 12:00:11.922 D/AudioCompFltCustParam(  587): Load from scene Scene,Default,Volume type,Music,Profile,Speaker
03-27 12:00:11.922 D/AudioCompFltCustParam(  587): audioHierarchicalParamEnable [1]
03-27 12:00:11.922 D/AudioCompFltCustParam(  587): getPlaybackPostProcessParameterFromXML Type/Name [6]/[PlaybackDRC]
03-27 12:00:11.922 D/AudioCompFltCustParam(  587): Load from scene Scene,Default,Volume type,Ring
03-27 12:00:11.922 D/AudioCompFltCustParam(  587): audioHierarchicalParamEnable [1]
03-27 12:00:11.922 D/AudioCompFltCustParam(  587): getPlaybackPostProcessParameterFromXML Type/Name [8]/[PlaybackACF]
03-27 12:00:11.922 D/AudioCompFltCustParam(  587): Load from scene Scene,Default,Volume type,Music,Profile,Speaker
03-27 12:00:11.922 D/aurisys_lib_handler(  587): aurisys_arsi_parsing_param_file(), gProductInfo "platform=MT6765,device=Infinix-X6816,model=Infinix X6816", file_path "/vendor/etc/audio_param", enhancement_mode 0, param_buf_size 2528, data_size 2528, custom_info SetAudioCustomScene=
03-27 12:00:11.927 D/Griffin/ComponentManager( 1245): Limit start proc:com.sec.android.app.shealth for 3rd-normal-service caller=system/1245,Intent { cmp=com.sec.android.app.shealth/com.samsung.android.app.shealth.home.report.ReportRequestService }
03-27 12:00:11.927 W/ActivityManager( 1245): Unable to launch app com.sec.android.app.shealth/10340 for service Intent { cmp=com.sec.android.app.shealth/com.samsung.android.app.shealth.home.report.ReportRequestService }: AutoStart Limit
03-27 12:00:11.927 D/JobScheduler( 1245): Error executing JobStatus{c46c6ec #u0a340/5000011 com.sec.android.app.shealth/com.samsung.android.app.shealth.home.report.ReportRequestService u=0 s=10340 TIME=-25d2h3m29s809ms:-25d2h3m29s809ms PERSISTED READY}
03-27 12:00:11.928 D/aurisys_lib_handler(  587): aurisys_arsi_create_handler(), lib_name mtk_bessound, 0xec487510, memory_size 72624, arsi_handler 0xeeb7d030, retval 0x0
03-27 12:00:11.928 D/aurisys_lib_handler(  587): aurisys_arsi_create_handler(), arsi_query_process_unit_bytes, ul 0, dl 2048, retval 0
03-27 12:00:11.928 D/aurisys_lib_manager(  587): DL Lib, lib_name mtk_bessound, 0xec487510, sample_rate: 48000 => 48000, num_channels: 2 => 2, audio_format: 0x3 => 0x3, interleave: 1 => 1, frame: 0 => 0
03-27 12:00:11.929 D/aurisys_lib_manager(  587): DL out, sample_rate: 48000 => 48000, num_channels: 2 => 2, audio_format: 0x3 => 0x4, interleave: 1 => 1, frame: 0 => 0
03-27 12:00:11.929 D/Griffin/ComponentManager( 1245): Limit start proc:com.sec.android.app.shealth for 3rd-normal-service caller=system/1245,Intent { cmp=com.sec.android.app.shealth/com.sec.android.diagmonagent.log.ged.scheduler.GEDJobService }
03-27 12:00:11.929 W/ActivityManager( 1245): Unable to launch app com.sec.android.app.shealth/10340 for service Intent { cmp=com.sec.android.app.shealth/com.sec.android.diagmonagent.log.ged.scheduler.GEDJobService }: AutoStart Limit
03-27 12:00:11.929 D/JobScheduler( 1245): Error executing JobStatus{9e5a54a #u0a340/75419411 com.sec.android.app.shealth/com.sec.android.diagmonagent.log.ged.scheduler.GEDJobService u=0 s=10340 TIME=-25d2h3m29s811ms:-25d2h3m29s811ms NET PERIODIC PERSISTED READY}
03-27 12:00:11.931 D/Griffin/ComponentManager( 1245): Limit start proc:com.sec.android.app.shealth:remote for 3rd-normal-service caller=system/1245,Intent { cmp=com.sec.android.app.shealth/com.samsung.android.app.shealth.wearable.server.application.WearableServerJobService }
03-27 12:00:11.931 W/ActivityManager( 1245): Unable to launch app com.sec.android.app.shealth/10340 for service Intent { cmp=com.sec.android.app.shealth/com.samsung.android.app.shealth.wearable.server.application.WearableServerJobService }: AutoStart Limit
03-27 12:00:11.931 D/JobScheduler( 1245): Error executing JobStatus{146cab5 #u0a340/4700002 com.sec.android.app.shealth/com.samsung.android.app.shealth.wearable.server.application.WearableServerJobService u=0 s=10340 TIME=-25d2h3m29s813ms:-25d2h3m29s813ms PERIODIC PERSISTED READY}
03-27 12:00:11.932 D/AudioALSAHardwareResourceManager(  587): +startOutputDevice(), new_devices = 0x2, mOutputDevices = 0x0, mStartOutputDevicesCount = 0 SampleRate = 48000
03-27 12:00:11.932 D/AudioALSADeviceConfigManager(  587): ApplyDeviceTurnonSequenceByName() DeviceName = headphone_output descriptor->DeviceStatusCounte = 0
03-27 12:00:11.933 D/Griffin/ComponentManager( 1245): Limit start proc:id.co.acehardware.acerewards for 3rd-normal-service caller=system/1245,Intent { cmp=id.co.acehardware.acerewards/com.moengage.pushamp.internal.PushAmpSyncJob }
03-27 12:00:11.933 W/ActivityManager( 1245): Unable to launch app id.co.acehardware.acerewards/10269 for service Intent { cmp=id.co.acehardware.acerewards/com.moengage.pushamp.internal.PushAmpSyncJob }: AutoStart Limit
03-27 12:00:11.933 D/JobScheduler( 1245): Error executing JobStatus{e65d31 #u0a269/20002 id.co.acehardware.acerewards/com.moengage.pushamp.internal.PushAmpSyncJob u=0 s=10269 TIME=-25d2h3m29s815ms:+19508d8h43m22s851ms NET PERSISTED READY}
03-27 12:00:11.935 D/Griffin/ComponentManager( 1245): Limit start proc:com.newdt01usera.jack for 3rd-normal-service caller=system/1245,Intent { cmp=com.newdt01usera.jack/com.startapp.sdk.jobs.SchedulerService }
03-27 12:00:11.935 W/ActivityManager( 1245): Unable to launch app com.newdt01usera.jack/10220 for service Intent { cmp=com.newdt01usera.jack/com.startapp.sdk.jobs.SchedulerService }: AutoStart Limit
03-27 12:00:11.936 D/JobScheduler( 1245): Error executing JobStatus{affc31c #u0a220/466320417 com.newdt01usera.jack/com.startapp.sdk.jobs.SchedulerService u=0 s=10220 TIME=-25d2h3m29s815ms:-25d2h3m29s815ms NET PERIODIC PERSISTED READY}
03-27 12:00:11.937 D/Griffin/ComponentManager( 1245): Limit start proc:com.newdt01usera.jack for 3rd-normal-service caller=system/1245,Intent { cmp=com.newdt01usera.jack/com.startapp.sdk.jobs.SchedulerService }
03-27 12:00:11.937 W/ActivityManager( 1245): Unable to launch app com.newdt01usera.jack/10220 for service Intent { cmp=com.newdt01usera.jack/com.startapp.sdk.jobs.SchedulerService }: AutoStart Limit
03-27 12:00:11.937 D/JobScheduler( 1245): Error executing JobStatus{2b6548f #u0a220/1193833315 com.newdt01usera.jack/com.startapp.sdk.jobs.SchedulerService u=0 s=10220 TIME=-25d2h3m29s817ms:-25d2h3m29s817ms NET PERIODIC PERSISTED READY}
03-27 12:00:11.954 D/AudioALSADeviceConfigManager(  587): ApplyDeviceTurnonSequenceByName() DeviceName = ext_speaker_output descriptor->DeviceStatusCounte = 0
03-27 12:00:12.003 D/AudioALSAHardwareResourceManager(  587): notifyOutputDeviceStatusChange(), device = 2, status = 0, sampleRate = 48000, mOpenSpeakerPathCount = 1
03-27 12:00:12.003 D/AudioALSAStreamManager(  587): speakerStatusChangeCb(), status = 0, sampleRate = 48000
03-27 12:00:12.003 D/AudioALSAPlaybackHandlerNormal(  587): -open()
03-27 12:00:12.003 D/AudioALSAStreamOut(  587): openWavDump(), mDumpFile is NULL
03-27 12:00:12.035 D/MtkAudioLoud(  610): +close()
03-27 12:00:12.035 D/MtkAudioLoud(  610): mCustScene = , size = 65 len = 0
03-27 12:00:12.035 D/MtkAudioLoud(  610): loadParameter HIT Cache Type [5], Scene []
03-27 12:00:12.043 D/MtkAudioLoud(  610): mIsZeroCoeff 1 mFilterType 5
03-27 12:00:12.043 D/MtkAudioLoud(  610): setParameter 533 mInitParam.Initial_State 2
03-27 12:00:12.043 D/MtkAudioLoud(  610): +open()
03-27 12:00:12.044 D/MtkAudioLoud(  610): -open() result 0
03-27 12:00:12.044 D/MtkAudioLoud(  610): +change2Normal()
03-27 12:00:12.044 D/MtkAudioLoud(  610): -change2Normal()
03-27 12:00:12.044 D/AudioFlinger_Threads(  610): 0xb400007b29f6c040:threadLoop_write write data to hw, mixerStatus 2, muted count 141
03-27 12:00:12.116 D/Vibrator(  609): Vibrator off
03-27 12:00:12.116 D/Vibrator(  609): Vibrator using LED trigger
03-27 12:00:12.589 D/MobileSignalController(22321): roaming = false , isCdma = false::mCurrentState.iconGroup-= IconGroup(4G)
03-27 12:00:12.589 I/TranPhoneSwitcher( 1744): mDefaultsign:3subid :6
03-27 12:00:12.589 I/NetworkController.MobileSignalController(6)(22321): isImsOverWfc = false , mDisableWfc = false , mHideWfcInCsCall = false , isImsOverVoice = false , isLteNetWork = true,mCurrentState.imsRegState=1
03-27 12:00:12.590 D/StatusBarSignalPolicy(22321): state.show = falsestate.mMobileVolteId = 0 subId = 6
03-27 12:00:13.887 I/BufferQueueProducer(  615): [StatusBar#0](this:0xb400007a2358e2e8,id:16435,api:1,p:22321,c:615) queueBuffer: fps=4.97 dur=3420.98 max=2766.47 min=6.92
03-27 12:00:13.893 I/hwcomposer(  595): [HWCDisplay] [Display_0 (type:1)] fps:4.974932,dur:3417.13,max:2753.48,min:10.19  
03-27 12:00:14.558 D/AudioTrack(  831): stop(2353): 0xe6ac6590, prior state:STATE_ACTIVE
03-27 12:00:14.558 D/AudioTrack(  831): stop(2353): called with 131328 frames delivered
03-27 12:00:14.560 D/AudioTrack(  831): stop(2353): 0xe6ac6590 stop done
03-27 12:00:15.003 D/MtkAudioResamplerDyn(  610): MtkAudioResamplerDyn InBuffer::reset!!
03-27 12:00:15.027 D/AudioFlinger_Threads(  610): 0xb400007b29f6c040:threadLoop_write write muted data to hw, mixerStatus 0 start, mId 13, mBytesWritten 1155072
03-27 12:00:15.072 D/AudioTrack(  831): pause(2353): 0xe6ac6590, prior state:STATE_STOPPED
03-27 12:00:15.073 D/Griffin/DeviceState( 1245): update playerItem, pid = 22321, uid = 10161, package = com.android.systemui, playerId = 45423, playerState = 4
03-27 12:00:15.075 I/MediaFocusControl( 1245): abandonAudioFocus() from uid/pid 10161/22321 clientId=android.media.AudioManager@48f26ac
03-27 12:00:15.076 V/MediaPlayer(22321): resetDrmState:  mDrmInfo=null mDrmProvisioningThread=null mPrepareDrmInProgress=false mActiveDrmScheme=false
03-27 12:00:15.077 V/MediaPlayer(22321): cleanDrmObj: mDrmObj=null mDrmSessionId=null
03-27 12:00:15.077 D/MediaPlayer(22321): _release native called
03-27 12:00:15.077 D/NuPlayerDriver(  831): reset(0xed9032b0) at state 6
03-27 12:00:15.079 D/AudioTrack(  831): pause(2353): 0xe6ac6590, prior state:STATE_STOPPED
03-27 12:00:15.080 D/AudioTrack(  831): stop(2353): 0xe6ac6590, prior state:STATE_FLUSHED
03-27 12:00:15.084 I/hw-BpHwBinder(  831): onLastStrongRef automatically unlinking death recipients
03-27 12:00:15.085 I/hw-BpHwBinder(  870): onLastStrongRef automatically unlinking death recipients
03-27 12:00:15.087 D/BufferPoolAccessor2.0(  870): Destruction - bufferpool2 0xb4000077a8436338 cached: 0/0M, 0/0% in use; allocs: 0, 0% recycled; transfers: 0, 0% unfetched
03-27 12:00:15.088 D/AudioFlinger_Threads(  610): 0xb400007b29f6c040:threadLoop_write write data to hw, mixerStatus 2, muted count 3
03-27 12:00:15.088 D/MtkAudioResamplerDyn(  610): MtkAudioResamplerDyn InBuffer::reset!!
03-27 12:00:15.102 D/MediaCodec(  831): flushMediametrics
03-27 12:00:15.107 D/NuPlayerDriver(  831): notifyResetComplete(0xed9032b0)
03-27 12:00:15.108 W/AMessage(  831): failed to post message as target looper for handler 0 is gone.
03-27 12:00:15.109 D/AudioTrack(  831): ~AudioTrack(2353): 0xe6ac6590
03-27 12:00:15.109 D/MediaPlayer(22321): _release native finished
03-27 12:00:15.113 V/AudioPolicyIntefaceImpl(  610): stopOutput()
03-27 12:00:15.114 D/MtkAudioLoud(  610): +close()
03-27 12:00:15.114 D/MtkAudioLoud(  610): -close()
03-27 12:00:15.114 V/AudioPolicyIntefaceImpl(  610): doStopOutput
03-27 12:00:15.114 D/APM_AudioPolicyManager(  610): [MTK_APM_Output]stopOutput() output 13, stream 4, session 52985 portId 2353
03-27 12:00:15.115 D/AudioFlinger_Threads(  610): 0xb400007b29f6c040:threadLoop_write write muted data to hw, mixerStatus 0 start, mId 13, mBytesWritten 1187840
03-27 12:00:15.115 W/AudioPolicyManagerCustomImpl(  610): [MTK_APM_Route]setOutputDevices() mIoHandle 13 mId 1 device (0x2)(0x1 , 0x2 , 0x4 , 0x8 , 0x10 , 0x20 , 0x40 , 0x400 , 0x800 , 0x1000 , 0x100000 , 0x1000000) delayMs 104 force 0 size 3
03-27 12:00:15.116 I/system_server( 1245): oneway function results will be dropped but finished with status OK and parcel size 4
03-27 12:00:15.119 W/APM::AudioPolicyEngine(  610): getDevicesForStrategy() unknown strategy: -1
03-27 12:00:15.119 D/AudioTrack(  831): stop(2353): 0xe6ac6590, prior state:STATE_FLUSHED
03-27 12:00:15.119 W/APM::AudioPolicyEngine(  610): getDevicesForStrategy() unknown strategy: -1
03-27 12:00:15.120 V/AudioPolicyIntefaceImpl(  610): releaseOutput()
03-27 12:00:15.120 V/AudioPolicyIntefaceImpl(  610): doReleaseOutput from tid 867
03-27 12:00:15.120 D/APM_AudioPolicyManager(  610): [MTK_APM_Output]releaseOutput() 13 portId 2353
03-27 12:00:15.129 D/Griffin/DeviceState( 1245): update playerItem, pid = 22321, uid = 10161, package = com.android.systemui, playerId = 45423, playerState = 0
03-27 12:00:15.192 D/os.notification.pre( 1245):  add StatusBarNotification 105371151 current size 1
03-27 12:00:15.193 D/os.notification( 1245): onEnqueueNotificationInternal StatusBarNotification:StatusBarNotification(pkg=com.liuzh.deviceinfo user=UserHandle{0} id=19960101 tag=null key=0|com.liuzh.deviceinfo|19960101|null|10431: Notification(channel=notification_service shortcut=null contentView=com.liuzh.deviceinfo/0x7f0d0119 vibrate=null sound=null tick defaults=0x0 flags=0x4a color=0x00000000 category=service vis=PRIVATE)) callingUid:10431 sn:59337 res:true
03-27 12:00:15.193 D/os.notification.SuspendJobManager( 1245): create job  com.transsion.common.SuspendJobManager$JobInfo@195e8a5 key:NotificationRecord(0x0e68e69c: pkg=com.liuzh.deviceinfo user=UserHandle{0} id=19960101 tag=null importance=3 key=0|com.liuzh.deviceinfo|19960101|null|10431: Notification(channel=notification_service shortcut=null contentView=com.liuzh.deviceinfo/0x7f0d0119 vibrate=null sound=null tick defaults=0x0 flags=0x4a color=0x00000000 category=service vis=PRIVATE)) data:com.android.server.notification.-$$Lambda$NotificationManagerService$EPoHVfWRkEt__ULyXgssSkaEWZE@e54847a sn:-1 owner:{}
03-27 12:00:15.195 D/os.notification( 3556): onNotifyNotification StatusBarNotification:StatusBarNotification(pkg=com.liuzh.deviceinfo user=UserHandle{0} id=19960101 tag=null key=0|com.liuzh.deviceinfo|19960101|null|10431: Notification(channel=null shortcut=null contentView=null vibrate=null sound=null tick defaults=0x0 flags=0x4a color=0x00000000 category=service vis=PRIVATE)) callingUid:10431 NotificationChannel:NotificationChannel{mId='notification_service', mName=Device overview, mDescription=, mImportance=3, mBypassDnd=false, mLockscreenVisibility=-1000, mSound=null, mLights=false, mLightColor=0, mVibration=[0], mUserLockedFields=0, mFgServiceShown=true, mVibrationEnabled=true, mShowBadge=true, mDeleted=false, mGroup='null', mAudioAttributes=null, mBlockableSystem=false, mAllowBubbles=-1, mImportanceLockedByOEM=false, mImportanceLockedDefaultApp=false, mOriginalImp=3, mParent=null, mConversationId=null, mDemoted=false, mImportantConvo=false} receipt:com.transsion.app.IEnqueueNotificationReceipt$Stub$Proxy@39dd0cc sn:59337
03-27 12:00:15.198 D/os_noti_center_rule( 3556): match = false, sendPkg = com.liuzh.deviceinfo, dbChannel = null, chName = Device overview, chId = notification_service
03-27 12:00:15.201 D/os.notification( 3556): handleNotifyNotification notification:Notification(channel=null shortcut=null contentView=null vibrate=null sound=null tick defaults=0x0 flags=0x4a color=0x00000000 category=service vis=PRIVATE)
03-27 12:00:15.202 D/os.notification.pre( 1245):  add Runnable 90951816 with StatusBarNotification 105371151 current size 1
03-27 12:00:15.203 D/os.notification.SuspendJobManager( 1245): done  com.transsion.common.SuspendJobManager$JobInfo@195e8a5 key:NotificationRecord(0x0e68e69c: pkg=com.liuzh.deviceinfo user=UserHandle{0} id=19960101 tag=null importance=3 key=0|com.liuzh.deviceinfo|19960101|null|10431: Notification(channel=notification_service shortcut=null contentView=com.liuzh.deviceinfo/0x7f0d0119 vibrate=null sound=null tick defaults=0x0 flags=0x4a color=0x00000000 category=service vis=PRIVATE)) data:com.android.server.notification.-$$Lambda$NotificationManagerService$EPoHVfWRkEt__ULyXgssSkaEWZE@e54847a sn:59337 owner:{3556} for  app-3556-request
03-27 12:00:15.242 D/os.notification.pre( 1245):  remove Runnable 90951816 with StatusBarNotification 105371151 for suspend run current size 0
03-27 12:00:15.247 D/MobileSignalController(22321): roaming = false , isCdma = false::mCurrentState.iconGroup-= IconGroup(4G)
03-27 12:00:15.247 I/NetworkController.MobileSignalController(6)(22321): isImsOverWfc = false , mDisableWfc = false , mHideWfcInCsCall = false , isImsOverVoice = false , isLteNetWork = true,mCurrentState.imsRegState=1
03-27 12:00:15.247 I/TranPhoneSwitcher( 1744): mDefaultsign:3subid :6
03-27 12:00:15.248 D/StatusBarSignalPolicy(22321): state.show = falsestate.mMobileVolteId = 0 subId = 6
03-27 12:00:15.463 D/NotificationListener(22321): onNotificationPosted: StatusBarNotification(pkg=com.liuzh.deviceinfo user=UserHandle{0} id=19960101 tag=null key=0|com.liuzh.deviceinfo|19960101|null|10431: Notification(channel=notification_service shortcut=null contentView=com.liuzh.deviceinfo/0x7f0d0119 vibrate=null sound=null tick defaults=0x0 flags=0x6a color=0x00000000 category=service vis=PRIVATE)), isToAibox = null
03-27 12:00:15.473 D/InterruptionStateProvider(22321): No bubble up: not allowed to bubble: 0|com.liuzh.deviceinfo|19960101|null|10431
03-27 12:00:15.475 D/InterruptionStateProvider(22321): No heads up: unimportant notification: 0|com.liuzh.deviceinfo|19960101|null|10431
03-27 12:00:15.477 D/ApplicationPackageManager(22321): [getText] isMxtcMarket: false
03-27 12:00:15.481 I/chatty  (22321): uid=10161(com.transsion.faceid) com.android.systemui identical 2 lines
03-27 12:00:15.483 D/ApplicationPackageManager(22321): [getText] isMxtcMarket: false
03-27 12:00:15.484 D/NotificationMenuRow(22321): setMenuAlpha: alpha = 0.0
03-27 12:00:15.496 D/StackScroller(22321): updateContentHeight: finish = false, viewHeight = 128.0, viewTranslationY = -2.0, height = 144
03-27 12:00:15.497 D/StackScroller(22321): updateContentHeight: finish = false, viewHeight = 495.0, viewTranslationY = -2.0, height = 655
03-27 12:00:15.497 D/StackScroller(22321): updateContentHeight: finish = false, viewHeight = 169.0, viewTranslationY = -2.0, height = 840
03-27 12:00:15.497 D/StackScroller(22321): updateContentHeight: finish = false, viewHeight = 251.0, viewTranslationY = -2.0, height = 1107
03-27 12:00:15.498 D/StackScroller(22321): updateContentHeight: finish = false, viewHeight = 169.0, viewTranslationY = -2.0, height = 1292
