03-27 12:00:35.549 W/TranVersion( 4504): #com.transsion.hubsdk.TranHubSdkManager.init[2]
03-27 12:00:35.549 I/TranVerifyKeyManager( 4504): TranAospVerifyKeyManager
03-27 12:00:35.550 W/TranAospVerifyKeyManager( 4504): Aosp can not verify
03-27 12:00:35.550 D/Griffin/ComponentManager( 1245): Limit start proc:app.source.getcontact:Metrica for 3rd-normal-service caller=system/1245,Intent { cmp=app.source.getcontact/com.yandex.metrica.ConfigurationJobService }
03-27 12:00:35.550 W/ActivityManager( 1245): Unable to launch app app.source.getcontact/10222 for service Intent { cmp=app.source.getcontact/com.yandex.metrica.ConfigurationJobService }: AutoStart Limit
03-27 12:00:35.550 D/JobScheduler( 1245): Error executing JobStatus{539e57b #u0a222/1512302346 app.source.getcontact/com.yandex.metrica.ConfigurationJobService u=0 s=10222 TIME=none:-3d20h30m58s146ms READY}
03-27 12:00:35.552 D/Griffin/ComponentManager( 1245): Limit start proc:com.netflix.mediaclient for 3rd-normal-service caller=system/1245,Intent { cmp=com.netflix.mediaclient/androidx.work.impl.background.systemjob.SystemJobService }
03-27 12:00:35.552 W/ActivityManager( 1245): Unable to launch app com.netflix.mediaclient/10293 for service Intent { cmp=com.netflix.mediaclient/androidx.work.impl.background.systemjob.SystemJobService }: AutoStart Limit
03-27 12:00:35.552 D/JobScheduler( 1245): Error executing JobStatus{52f7647 #u0a293/930 com.netflix.mediaclient/androidx.work.impl.background.systemjob.SystemJobService u=0 s=10293 NET READY}
03-27 12:00:35.554 D/Griffin/ComponentManager( 1245): Limit start proc:com.eraspace.app for 3rd-normal-service caller=system/1245,Intent { cmp=com.eraspace.app/com.salesforce.marketingcloud.MCService }
03-27 12:00:35.554 W/ActivityManager( 1245): Unable to launch app com.eraspace.app/10415 for service Intent { cmp=com.eraspace.app/com.salesforce.marketingcloud.MCService }: AutoStart Limit
03-27 12:00:35.554 D/JobScheduler( 1245): Error executing JobStatus{5ece0f9 #u0a415/3000 com.eraspace.app/com.salesforce.marketingcloud.MCService u=0 s=10415 TIME=-1d3h39m26s932ms:none failures=1 READY}
03-27 12:00:35.560 E/WeatherPro( 4504): WidgetTimingWorker - startWork
03-27 12:00:35.561 D/Griffin/ComponentManager( 1245): Limit start proc:com.udemy.android for 3rd-normal-service caller=system/1245,Intent { cmp=com.udemy.android/com.google.android.datatransport.runtime.scheduling.jobscheduling.JobInfoSchedulerService }
03-27 12:00:35.561 W/ActivityManager( 1245): Unable to launch app com.udemy.android/10369 for service Intent { cmp=com.udemy.android/com.google.android.datatransport.runtime.scheduling.jobscheduling.JobInfoSchedulerService }: AutoStart Limit
03-27 12:00:35.561 D/JobScheduler( 1245): Error executing JobStatus{991e7eb #u0a369/1073754282 com.udemy.android/com.google.android.datatransport.runtime.scheduling.jobscheduling.JobInfoSchedulerService u=0 s=10369 TIME=-22h8m32s175ms:none NET READY}
03-27 12:00:35.563 D/TlcTeeKeyMaster(  450): TEE_ExportKey
03-27 12:00:35.563 D/TlcTeeKeyMaster(  450): export_format = 0x00000000
03-27 12:00:35.564 D/Griffin/ComponentManager( 1245): Limit start proc:com.udemy.android for 3rd-normal-service caller=system/1245,Intent { cmp=com.udemy.android/androidx.work.impl.background.systemjob.SystemJobService }
03-27 12:00:35.564 W/ActivityManager( 1245): Unable to launch app com.udemy.android/10369 for service Intent { cmp=com.udemy.android/androidx.work.impl.background.systemjob.SystemJobService }: AutoStart Limit
03-27 12:00:35.565 D/TlcTeeKeyMaster(  450): TEE_ExportKey exiting with 0
03-27 12:00:35.565 D/JobScheduler( 1245): Error executing JobStatus{9cba90 #u0a369/1104 com.udemy.android/androidx.work.impl.background.systemjob.SystemJobService u=0 s=10369 NET READY}
03-27 12:00:35.567 D/Griffin/ComponentManager( 1245): Limit start proc:com.traveloka.android for 3rd-normal-service caller=system/1245,Intent { cmp=com.traveloka.android/com.google.android.datatransport.runtime.scheduling.jobscheduling.JobInfoSchedulerService }
03-27 12:00:35.567 W/ActivityManager( 1245): Unable to launch app com.traveloka.android/10241 for service Intent { cmp=com.traveloka.android/com.google.android.datatransport.runtime.scheduling.jobscheduling.JobInfoSchedulerService }: AutoStart Limit
03-27 12:00:35.567 D/JobScheduler( 1245): Error executing JobStatus{ced1e4d #u0a241/1775382807 com.traveloka.android/com.google.android.datatransport.runtime.scheduling.jobscheduling.JobInfoSchedulerService u=0 s=10241 TIME=-18h22m58s521ms:none NET READY}
03-27 12:00:35.569 D/Griffin/ComponentManager( 1245): Limit start proc:com.instagram.barcelona for 3rd-normal-service caller=system/1245,Intent { cmp=com.instagram.barcelona/com.instagram.util.offline.StoryBackgroundPrefetchJobService }
03-27 12:00:35.569 W/ActivityManager( 1245): Unable to launch app com.instagram.barcelona/10341 for service Intent { cmp=com.instagram.barcelona/com.instagram.util.offline.StoryBackgroundPrefetchJobService }: AutoStart Limit
03-27 12:00:35.569 D/JobScheduler( 1245): Error executing JobStatus{31962e4 #u0a341/2131307515 com.instagram.barcelona/com.instagram.util.offline.StoryBackgroundPrefetchJobService u=0 s=10341 TIME=-11h0m21s834ms:-10h33m53s455ms NET PERIODIC PERSISTED READY}
03-27 12:00:35.573 D/Griffin/ComponentManager( 1245): Limit start proc:id.tix.android for 3rd-normal-service caller=system/1245,Intent { cmp=id.tix.android/com.onesignal.SyncJobService }
03-27 12:00:35.573 W/ActivityManager( 1245): Unable to launch app id.tix.android/10264 for service Intent { cmp=id.tix.android/com.onesignal.SyncJobService }: AutoStart Limit
03-27 12:00:35.574 D/JobScheduler( 1245): Error executing JobStatus{7ea770f #u0a264/2071862118 id.tix.android/com.onesignal.SyncJobService u=0 s=10264 TIME=-1h38m58s435ms:none NET PERSISTED READY}
03-27 12:00:35.587 D/TlcTeeKeyMaster(  450): TEE_ExportKey
03-27 12:00:35.587 D/TlcTeeKeyMaster(  450): export_format = 0x00000000
03-27 12:00:35.589 D/TlcTeeKeyMaster(  450): TEE_ExportKey exiting with 0
03-27 12:00:35.591 E/WeatherPro( 4504): WidgetTimingWorker - startWork: size:0 - city:[]
03-27 12:00:35.594 I/WM-WorkerWrapper( 4504): Worker result SUCCESS for Work [ id=309508b8-3556-4322-85fb-bb84425a93eb, tags={ com.rlk.weathers.widget.WidgetTimingWorker } ]
03-27 12:00:35.597 D/TlcTeeKeyMaster(  450): TEE_ExportKey
03-27 12:00:35.597 D/TlcTeeKeyMaster(  450): export_format = 0x00000000
03-27 12:00:35.598 D/TlcTeeKeyMaster(  450): TEE_ExportKey exiting with 0
03-27 12:00:35.605 D/TlcTeeKeyMaster(  450): TEE_Begin
03-27 12:00:35.605 D/TlcTeeKeyMaster(  450): purpose = 0x00000001
03-27 12:00:35.607 D/TlcTeeKeyMaster(  450): find_spare_operation_slot: allocate op 0xda66a440bb3d2c6d to slot #0 (1 ops live)
03-27 12:00:35.608 D/TlcTeeKeyMaster(  450): TEE_Begin exiting with 0
03-27 12:00:35.610 D/TlcTeeKeyMaster(  450): TEE_Update
03-27 12:00:35.610 D/TlcTeeKeyMaster(  450): split_update_chunks
03-27 12:00:35.611 E/lowmemorykiller(  392): zhou_debug--file=960544kB,low=0,file_threshold:780680Kb
03-27 12:00:35.611 D/TlcTeeKeyMaster(  450): TEE_Update exiting with 0
03-27 12:00:35.613 D/TlcTeeKeyMaster(  450): TEE_Finish
03-27 12:00:35.613 D/TlcTeeKeyMaster(  450): split_update_chunks
03-27 12:00:35.617 D/BoundBrokerSvc( 3730): onBind: Intent { act=com.google.android.gms.measurement.START pkg=com.google.android.gms }
03-27 12:00:35.617 D/BoundBrokerSvc( 3730): Loading bound service for intent: Intent { act=com.google.android.gms.measurement.START pkg=com.google.android.gms }
03-27 12:00:35.635 D/TlcTeeKeyMaster(  450): release_operation_slot: release op slot #0 (handle 0xda66a440bb3d2c6d; 0 ops live)
03-27 12:00:35.635 D/TlcTeeKeyMaster(  450): TEE_Finish exiting with 0
03-27 12:00:35.654 D/TlcTeeKeyMaster(  450): TEE_ExportKey
03-27 12:00:35.654 D/TlcTeeKeyMaster(  450): export_format = 0x00000000
03-27 12:00:35.656 D/TlcTeeKeyMaster(  450): TEE_ExportKey exiting with 0
03-27 12:00:35.684 I/DrmUtils( 4504): found android.hardware.drm@1.0::IDrmFactory clearkey
03-27 12:00:35.697 I/DrmUtils( 4504): found android.hardware.drm@1.0::IDrmFactory widevine
03-27 12:00:35.701 I/DrmUtils( 4504): found android.hardware.drm@1.1::IDrmFactory clearkey
03-27 12:00:35.703 I/DrmUtils( 4504): found android.hardware.drm@1.1::IDrmFactory widevine
03-27 12:00:35.712 E/lowmemorykiller(  392): zhou_debug--file=956912kB,low=0,file_threshold:780680Kb
03-27 12:00:35.717 I/DrmUtils( 4504): found android.hardware.drm@1.2::IDrmFactory clearkey
03-27 12:00:35.719 I/DrmUtils( 4504): found android.hardware.drm@1.2::IDrmFactory widevine
03-27 12:00:35.723 I/DrmUtils( 4504): found android.hardware.drm@1.3::IDrmFactory clearkey
03-27 12:00:35.725 I/DrmUtils( 4504): found android.hardware.drm@1.3::IDrmFactory widevine
03-27 12:00:35.737 D/AppTurboFactory( 4480): AppTurboFactory new
03-27 12:00:35.741 D/AppTurboService( 4480): mTidEnabled false
03-27 12:00:35.746 I/WVCdm   (  591): [app][com.rlk.weathers] calling virtual Return<void> wvdrm::hardware::drm::V1_3::widevine::WVDrmFactory::createPlugin(const hidl_array<uint8_t, 16> &, const android::hardware::hidl_string &, android::hardware::drm::V1_3::IDrmFactory::createPlugin_cb)
03-27 12:00:35.760 D/WVCdm   (  591): Instantiating CDM.
03-27 12:00:35.786 I/WVCdm   (  591): [cdm_engine.cpp(573):QueryStatus] Querying status
03-27 12:00:35.812 I/WVCdm   (  591): [file_utils.cpp(40):Exists] stat failed: ENOENT
03-27 12:00:35.812 I/WVCdm   (  591): [oemcrypto_adapter_dynamic.cpp(784):Initialize] Level 3 Build Info (v16): OEMCrypto Level3 Code 29560 Apr 20 2023 19:08:19
03-27 12:00:35.812 I/WVCdm   (  591): [(0):] Level3 Library 29560 Apr 20 2023 19:08:19
03-27 12:00:35.815 E/lowmemorykiller(  392): zhou_debug--file=964940kB,low=0,file_threshold:780680Kb
03-27 12:00:35.847 E/lowmemorykiller(  392): zhou_debug--file=963308kB,low=0,file_threshold:780680Kb
03-27 12:00:35.853 I/WVCdm   (  591): [oemcrypto_adapter_dynamic.cpp(798):Initialize] L3 Initialized. Trying L1.
03-27 12:00:35.875 W/WVCdm   (  591): [oemcrypto_adapter_dynamic.cpp(810):Initialize] Could not load liboemcrypto.so. Falling back to L3.  dlopen failed: library "liboemcrypto.so" not found
03-27 12:00:35.875 I/WVCdm   (  591): [file_utils.cpp(40):Exists] stat failed: ENOENT
03-27 12:00:35.875 W/WVCdm   (  591): [oemcrypto_adapter_dynamic.cpp(1363):OEMCrypto_InitializeAndCheckKeybox] Keybox error: 25. Falling back to L3.
03-27 12:00:35.876 I/TetheringManager( 4480): registerTetheringEventCallback:com.google.android.youtube
03-27 12:00:35.892 D/WVCdm   (  591): [crypto_session.cpp(371):CacheVersion] OEMCrypto version (default security level): 16.3
03-27 12:00:35.892 D/Ethernet( 1245): got request NetworkRequest [ TRACK_DEFAULT id=51406, [ Capabilities: INTERNET&NOT_RESTRICTED&TRUSTED Uid: 10147 AdministratorUids: [] RequestorUid: 10147 RequestorPackageName: com.google.android.youtube] ] with score 50 and providerId 4
03-27 12:00:35.892 D/WVCdm   (  591): [crypto_session.cpp(380):CacheVersion] OEMCrypto version (L3 security level): 16.3
03-27 12:00:35.892 D/WVCdm   (  591): [crypto_session.cpp(805):Open] Opening crypto session: requested_security_level = Default
03-27 12:00:35.893 D/UntrustedWifiNetworkFactory( 1245): got request NetworkRequest [ TRACK_DEFAULT id=51406, [ Capabilities: INTERNET&NOT_RESTRICTED&TRUSTED Uid: 10147 AdministratorUids: [] RequestorUid: 10147 RequestorPackageName: com.google.android.youtube] ] with score 50 and providerId 4
03-27 12:00:35.893 D/WifiNetworkFactory( 1245): got request NetworkRequest [ TRACK_DEFAULT id=51406, [ Capabilities: INTERNET&NOT_RESTRICTED&TRUSTED Uid: 10147 AdministratorUids: [] RequestorUid: 10147 RequestorPackageName: com.google.android.youtube] ] with score 50 and providerId 4
03-27 12:00:35.900 D/PhoneSwitcherNetworkRequstListener( 1744): got request NetworkRequest [ TRACK_DEFAULT id=51406, [ Capabilities: INTERNET&NOT_RESTRICTED&TRUSTED Uid: 10147 AdministratorUids: [] RequestorUid: 10147 RequestorPackageName: com.google.android.youtube] ] with score 50 and providerId 4
03-27 12:00:35.901 I/TranPhoneSwitcher( 1744): msg103
03-27 12:00:35.916 E/lowmemorykiller(  392): zhou_debug--file=966576kB,low=0,file_threshold:780680Kb
03-27 12:00:35.921 D/UntrustedWifiNetworkFactory( 1245): got request NetworkRequest [ TRACK_DEFAULT id=51408, [ Capabilities: INTERNET&NOT_RESTRICTED&TRUSTED Uid: 10147 AdministratorUids: [] RequestorUid: 10147 RequestorPackageName: com.google.android.youtube] ] with score 50 and providerId 4
03-27 12:00:35.921 D/WifiNetworkFactory( 1245): got request NetworkRequest [ TRACK_DEFAULT id=51408, [ Capabilities: INTERNET&NOT_RESTRICTED&TRUSTED Uid: 10147 AdministratorUids: [] RequestorUid: 10147 RequestorPackageName: com.google.android.youtube] ] with score 50 and providerId 4
03-27 12:00:35.921 D/Ethernet( 1245): got request NetworkRequest [ TRACK_DEFAULT id=51408, [ Capabilities: INTERNET&NOT_RESTRICTED&TRUSTED Uid: 10147 AdministratorUids: [] RequestorUid: 10147 RequestorPackageName: com.google.android.youtube] ] with score 50 and providerId 4
03-27 12:00:35.921 D/PhoneSwitcherNetworkRequstListener( 1744): got request NetworkRequest [ TRACK_DEFAULT id=51408, [ Capabilities: INTERNET&NOT_RESTRICTED&TRUSTED Uid: 10147 AdministratorUids: [] RequestorUid: 10147 RequestorPackageName: com.google.android.youtube] ] with score 50 and providerId 4
03-27 12:00:35.922 I/TranPhoneSwitcher( 1744): msg103
03-27 12:00:35.926 W/linker  ( 4480): Warning: "/data/app/~~JmFKVon2OtnoCyTQAx48tg==/com.google.android.youtube-WWwkiskJSo0D_S6ewkyI5w==/split_config.arm64_v8a.apk!/lib/arm64-v8a/libcronet.122.0.6238.3.so" unused DT entry: unknown processor-specific (type 0x70000001 arg 0x0) (ignoring)
03-27 12:00:35.937 I/WVCdm   (  591): [usage_table_header.cpp(159):Init] Initializing usage table header: security_level = 3
03-27 12:00:35.937 D/WVCdm   (  591): [usage_table_header.cpp(188):Init] Usage table capacity is unlimited: security_level = 3
03-27 12:00:35.940 D/StrictMode( 4480): StrictMode policy violation: android.os.strictmode.NetworkViolation
03-27 12:00:35.940 D/StrictMode( 4480): 	at android.os.StrictMode$AndroidBlockGuardPolicy.onNetwork(StrictMode.java:1610)
03-27 12:00:35.940 D/StrictMode( 4480): 	at java.net.Inet6AddressImpl.lookupHostByName(Inet6AddressImpl.java:115)
03-27 12:00:35.940 D/StrictMode( 4480): 	at java.net.Inet6AddressImpl.lookupAllHostAddr(Inet6AddressImpl.java:103)
03-27 12:00:35.940 D/StrictMode( 4480): 	at java.net.InetAddress.getByName(InetAddress.java:1106)
03-27 12:00:35.940 D/StrictMode( 4480): 	at veh.V(PG:4)
03-27 12:00:35.940 D/StrictMode( 4480): 	at fxb.run(PG:7)
03-27 12:00:35.940 D/StrictMode( 4480): 	at xji.run(PG:7)
03-27 12:00:35.940 D/StrictMode( 4480): 	at ayok.run(PG:2)
03-27 12:00:35.940 D/StrictMode( 4480): 	at qhv.run(PG:1)
03-27 12:00:35.940 D/StrictMode( 4480): 	at akqz.run(PG:24)
03-27 12:00:35.940 D/StrictMode( 4480): 	at qgy.run(PG:20)
03-27 12:00:35.940 D/StrictMode( 4480): 	at qgy.run(PG:52)
03-27 12:00:35.940 D/StrictMode( 4480): 	at java.lang.Thread.run(Thread.java:923)
03-27 12:00:35.940 D/StrictMode( 4480): 	at qic.run(PG:6)
03-27 12:00:35.941 D/StrictMode( 4480): StrictMode policy violation: android.os.strictmode.NetworkViolation
03-27 12:00:35.941 D/StrictMode( 4480): 	at android.os.StrictMode$AndroidBlockGuardPolicy.onNetwork(StrictMode.java:1610)
03-27 12:00:35.941 D/StrictMode( 4480): 	at libcore.io.BlockGuardOs.android_getaddrinfo(BlockGuardOs.java:200)
03-27 12:00:35.941 D/StrictMode( 4480): 	at libcore.io.ForwardingOs.android_getaddrinfo(ForwardingOs.java:73)
03-27 12:00:35.941 D/StrictMode( 4480): 	at java.net.Inet6AddressImpl.lookupHostByName(Inet6AddressImpl.java:135)
03-27 12:00:35.941 D/StrictMode( 4480): 	at java.net.Inet6AddressImpl.lookupAllHostAddr(Inet6AddressImpl.java:103)
03-27 12:00:35.941 D/StrictMode( 4480): 	at java.net.InetAddress.getByName(InetAddress.java:1106)
03-27 12:00:35.941 D/StrictMode( 4480): 	at veh.V(PG:4)
03-27 12:00:35.941 D/StrictMode( 4480): 	at fxb.run(PG:7)
03-27 12:00:35.941 D/StrictMode( 4480): 	at xji.run(PG:7)
03-27 12:00:35.941 D/StrictMode( 4480): 	at ayok.run(PG:2)
03-27 12:00:35.941 D/StrictMode( 4480): 	at qhv.run(PG:1)
03-27 12:00:35.941 D/StrictMode( 4480): 	at akqz.run(PG:24)
03-27 12:00:35.941 D/StrictMode( 4480): 	at qgy.run(PG:20)
03-27 12:00:35.941 D/StrictMode( 4480): 	at qgy.run(PG:52)
03-27 12:00:35.941 D/StrictMode( 4480): 	at java.lang.Thread.run(Thread.java:923)
03-27 12:00:35.941 D/StrictMode( 4480): 	at qic.run(PG:6)
03-27 12:00:35.954 I/WVCdm   (  591): [usage_table_header.cpp(212):Init] Number of usage entries: 0
03-27 12:00:35.969 I/WVCdm   (  591): [file_utils.cpp(40):Exists] stat failed: ENOENT
03-27 12:00:35.972 E/WVCdm   (  591): [wv_content_decryption_module.cpp(398):GetMetricsInternal] Cdm Identifier not found
03-27 12:00:35.979 E/WVCdm   (  591): [wv_content_decryption_module.cpp(457):CloseCdm] Cdm Identifier not found
03-27 12:00:35.979 E/WVCdm   (  591): Failed to close cdm. status 12
03-27 12:00:35.981 V/SettingsProvider( 1245): packageValueForCallResult, name = android_id, value : Bundle[{_track_generation=android.util.MemoryIntArray@ab, value=292647f7fd7bb5c4, _generation_index=2, _generation=7093}]
03-27 12:00:35.987 I/WVCdm   (  591): [(0):] L3 Terminate.
03-27 12:00:36.002 W/System.err( 4504): java.lang.SecurityException: Need BLUETOOTH permission: Neither user 10190 nor current process has android.permission.BLUETOOTH.
03-27 12:00:36.003 W/System.err( 4504): 	at android.os.Parcel.createExceptionOrNull(Parcel.java:2374)
03-27 12:00:36.003 W/System.err( 4504): 	at android.os.Parcel.createException(Parcel.java:2358)
03-27 12:00:36.003 W/System.err( 4504): 	at android.os.Parcel.readException(Parcel.java:2341)
03-27 12:00:36.003 W/System.err( 4504): 	at android.os.Parcel.readException(Parcel.java:2283)
03-27 12:00:36.003 W/System.err( 4504): 	at android.bluetooth.IBluetoothManager$Stub$Proxy.getName(IBluetoothManager.java:732)
03-27 12:00:36.003 W/System.err( 4504): 	at android.bluetooth.BluetoothAdapter.getName(BluetoothAdapter.java:1213)
03-27 12:00:36.003 W/System.err( 4504): 	at com.transsion.sdk.oneid.data.EnvironInfo.<init>(source.java:49)
03-27 12:00:36.003 W/System.err( 4504): 	at com.transsion.sdk.oneid.data.GroupFpInfo.<init>(source.java:26)
03-27 12:00:36.003 W/System.err( 4504): 	at com.transsion.sdk.oneid.e.handleMessage(source.java:120)
03-27 12:00:36.003 W/System.err( 4504): 	at android.os.Handler.dispatchMessage(Handler.java:102)
03-27 12:00:36.003 W/System.err( 4504): 	at android.os.Looper.loop(Looper.java:268)
03-27 12:00:36.004 W/System.err( 4504): 	at android.os.HandlerThread.run(HandlerThread.java:67)
03-27 12:00:36.004 W/System.err( 4504): Caused by: android.os.RemoteException: Remote stack trace:
03-27 12:00:36.004 W/System.err( 4504): 	at android.app.ContextImpl.enforce(ContextImpl.java:2159)
03-27 12:00:36.004 W/System.err( 4504): 	at android.app.ContextImpl.enforceCallingOrSelfPermission(ContextImpl.java:2187)
03-27 12:00:36.004 W/System.err( 4504): 	at com.android.server.BluetoothManagerService.getName(BluetoothManagerService.java:1900)
03-27 12:00:36.004 W/System.err( 4504): 	at android.bluetooth.IBluetoothManager$Stub.onTransact(IBluetoothManager.java:365)
03-27 12:00:36.004 W/System.err( 4504): 	at android.os.Binder.execTransactInternal(Binder.java:1169)
03-27 12:00:36.016 E/lowmemorykiller(  392): zhou_debug--file=964096kB,low=0,file_threshold:780680Kb
03-27 12:00:36.019 D/ApplicationPackageManager( 4480): [getText] isMxtcMarket: false
03-27 12:00:36.029 D/Griffin/ComponentManager( 1245): Limit start proc:com.tokopedia.tkpd for 3rd-normal-service caller=system/1245,Intent { cmp=com.tokopedia.tkpd/androidx.work.impl.background.systemjob.SystemJobService }
03-27 12:00:36.031 D/CompatibilityChangeReporter( 4480): Compat change id reported: 147600208; UID 10147; state: ENABLED
03-27 12:00:36.031 W/ActivityManager( 1245): Unable to launch app com.tokopedia.tkpd/10239 for service Intent { cmp=com.tokopedia.tkpd/androidx.work.impl.background.systemjob.SystemJobService }: AutoStart Limit
03-27 12:00:36.032 D/JobScheduler( 1245): Error executing JobStatus{91c1e16 #u0a239/534078 com.tokopedia.tkpd/androidx.work.impl.background.systemjob.SystemJobService u=0 s=10239 TIME=-52m2s319ms:none READY}
03-27 12:00:36.036 D/Griffin/ComponentManager( 1245): Limit start proc:com.linkedin.android for 3rd-normal-service caller=system/1245,Intent { cmp=com.linkedin.android/.l2m.notification.RegistrationJobIntentServiceImplLegacy }
03-27 12:00:36.036 W/ActivityManager( 1245): Unable to launch app com.linkedin.android/10246 for service Intent { cmp=com.linkedin.android/.l2m.notification.RegistrationJobIntentServiceImplLegacy }: AutoStart Limit
03-27 12:00:36.037 D/JobScheduler( 1245): Error executing JobStatus{55e1b8f #u0a246/991931096 com.linkedin.android/.l2m.notification.RegistrationJobIntentServiceImplLegacy u=0 s=10246 TIME=none:-12m5s921ms READY}
03-27 12:00:36.049 D/Griffin/ComponentManager( 1245): Limit start proc:com.twitter.android for 3rd-normal-service caller=system/1245,Intent { cmp=com.twitter.android/androidx.work.impl.background.systemjob.SystemJobService }
03-27 12:00:36.049 W/ActivityManager( 1245): Unable to launch app com.twitter.android/10272 for service Intent { cmp=com.twitter.android/androidx.work.impl.background.systemjob.SystemJobService }: AutoStart Limit
03-27 12:00:36.050 D/JobScheduler( 1245): Error executing JobStatus{748ed12 #u0a272/17935 com.twitter.android/androidx.work.impl.background.systemjob.SystemJobService u=0 s=10272 TIME=-10m58s435ms:none NET READY}
03-27 12:00:36.050 W/TelephonyPermissions( 1245): reportAccessDeniedToReadIdentifiers:com.rlk.weathers:getSerial:-1
03-27 12:00:36.055 D/Griffin/ComponentManager( 1245): Limit start proc:com.smmservice.printer for 3rd-normal-service caller=system/1245,Intent { cmp=com.smmservice.printer/com.google.android.datatransport.runtime.scheduling.jobscheduling.JobInfoSchedulerService }
03-27 12:00:36.056 W/ActivityManager( 1245): Unable to launch app com.smmservice.printer/10359 for service Intent { cmp=com.smmservice.printer/com.google.android.datatransport.runtime.scheduling.jobscheduling.JobInfoSchedulerService }: AutoStart Limit
03-27 12:00:36.056 D/JobScheduler( 1245): Error executing JobStatus{fc364a3 #u0a359/-1150540221 com.smmservice.printer/com.google.android.datatransport.runtime.scheduling.jobscheduling.JobInfoSchedulerService u=0 s=10359 TIME=-11m27s513ms:none NET READY}
03-27 12:00:36.058 D/Griffin/ComponentManager( 1245): Limit start proc:com.smmservice.printer for 3rd-normal-service caller=system/1245,Intent { cmp=com.smmservice.printer/com.google.android.datatransport.runtime.scheduling.jobscheduling.JobInfoSchedulerService }
03-27 12:00:36.058 W/ActivityManager( 1245): Unable to launch app com.smmservice.printer/10359 for service Intent { cmp=com.smmservice.printer/com.google.android.datatransport.runtime.scheduling.jobscheduling.JobInfoSchedulerService }: AutoStart Limit
03-27 12:00:36.059 D/JobScheduler( 1245): Error executing JobStatus{d5854e #u0a359/-1183239761 com.smmservice.printer/com.google.android.datatransport.runtime.scheduling.jobscheduling.JobInfoSchedulerService u=0 s=10359 TIME=-11m26s723ms:none NET READY}
03-27 12:00:36.060 D/Griffin/ComponentManager( 1245): Limit start proc:com.twitter.android for 3rd-normal-service caller=system/1245,Intent { cmp=com.twitter.android/androidx.work.impl.background.systemjob.SystemJobService }
03-27 12:00:36.061 W/ActivityManager( 1245): Unable to launch app com.twitter.android/10272 for service Intent { cmp=com.twitter.android/androidx.work.impl.background.systemjob.SystemJobService }: AutoStart Limit
03-27 12:00:36.061 D/JobScheduler( 1245): Error executing JobStatus{c158dcf #u0a272/17938 com.twitter.android/androidx.work.impl.background.systemjob.SystemJobService u=0 s=10272 NET READY}
03-27 12:00:36.080 W/ServiceManager(  812): Permission failure: android.permission.SYSTEM_CAMERA from uid=10147 pid=4480
03-27 12:00:36.081 E/libc    ( 4504): Access denied finding property "ro.serialno"
03-27 12:00:36.083 W/ServiceManager(  812): Permission failure: android.permission.SYSTEM_CAMERA from uid=10147 pid=4480
03-27 12:00:36.077 W/com.rlk.weathers( 4504): type=1400 audit(0.0:1156076): avc: denied { read } for comm=4F6E65494420576F726B6572 name="u:object_r:serialno_prop:s0" dev="tmpfs" ino=7364 scontext=u:r:untrusted_app:s0:c190,c256,c512,c768 tcontext=u:object_r:serialno_prop:s0 tclass=file permissive=0 app=com.shopee.id
03-27 12:00:36.090 W/ServiceManager(  812): Permission failure: android.permission.SYSTEM_CAMERA from uid=10147 pid=4480
03-27 12:00:36.116 E/lowmemorykiller(  392): zhou_debug--file=958960kB,low=0,file_threshold:780680Kb
03-27 12:00:36.120 W/ServiceManager(  812): Permission failure: android.permission.SYSTEM_CAMERA from uid=10147 pid=4480
03-27 12:00:36.138 W/ServiceManager(  812): Permission failure: android.permission.SYSTEM_CAMERA from uid=10147 pid=4480
03-27 12:00:36.140 W/ServiceManager(  812): Permission failure: android.permission.SYSTEM_CAMERA from uid=10147 pid=4480
03-27 12:00:36.141 W/ServiceManager(  812): Permission failure: android.permission.SYSTEM_CAMERA from uid=10147 pid=4480
03-27 12:00:36.150 W/YouTube ( 4480): Invalid playback type; streaming data is not playable
03-27 12:00:36.151 I/android.youtub( 4480): The ClassLoaderContext is a special shared library.
03-27 12:00:36.165 V/SettingsProvider( 1245): packageValueForCallResult, name = sqlite_compatibility_wal_flags, value : Bundle[{_track_generation=android.util.MemoryIntArray@ab, value=, _generation_index=0, _generation=1828}]
03-27 12:00:36.216 E/lowmemorykiller(  392): zhou_debug--file=954496kB,low=0,file_threshold:780680Kb
03-27 12:00:36.223 I/TranPhoneSwitcher( 1744): mDefaultsign:3subid :6
03-27 12:00:36.225 D/MobileSignalController(22321): roaming = false , isCdma = false::mCurrentState.iconGroup-= IconGroup(4G)
03-27 12:00:36.225 I/NetworkController.MobileSignalController(6)(22321): isImsOverWfc = false , mDisableWfc = false , mHideWfcInCsCall = false , isImsOverVoice = false , isLteNetWork = true,mCurrentState.imsRegState=1
03-27 12:00:36.226 D/StatusBarSignalPolicy(22321): state.show = falsestate.mMobileVolteId = 0 subId = 6
03-27 12:00:36.226 D/Ethernet( 1245): got request NetworkRequest [ TRACK_DEFAULT id=51409, [ Capabilities: INTERNET&NOT_RESTRICTED&TRUSTED Uid: 10147 AdministratorUids: [] RequestorUid: 10147 RequestorPackageName: com.google.android.youtube] ] with score 50 and providerId 4
03-27 12:00:36.226 D/UntrustedWifiNetworkFactory( 1245): got request NetworkRequest [ TRACK_DEFAULT id=51409, [ Capabilities: INTERNET&NOT_RESTRICTED&TRUSTED Uid: 10147 AdministratorUids: [] RequestorUid: 10147 RequestorPackageName: com.google.android.youtube] ] with score 50 and providerId 4
03-27 12:00:36.227 D/WifiNetworkFactory( 1245): got request NetworkRequest [ TRACK_DEFAULT id=51409, [ Capabilities: INTERNET&NOT_RESTRICTED&TRUSTED Uid: 10147 AdministratorUids: [] RequestorUid: 10147 RequestorPackageName: com.google.android.youtube] ] with score 50 and providerId 4
03-27 12:00:36.230 D/PhoneSwitcherNetworkRequstListener( 1744): got request NetworkRequest [ TRACK_DEFAULT id=51409, [ Capabilities: INTERNET&NOT_RESTRICTED&TRUSTED Uid: 10147 AdministratorUids: [] RequestorUid: 10147 RequestorPackageName: com.google.android.youtube] ] with score 50 and providerId 4
03-27 12:00:36.231 I/TranPhoneSwitcher( 1744): msg103
03-27 12:00:36.274 W/om.rlk.weather( 4504): Accessing hidden method Landroid/telephony/TelephonyManager;->getSubscriberId(I)Ljava/lang/String; (greylist-max-p, reflection, denied)
03-27 12:00:36.286 W/TelephonyPermissions( 1744): reportAccessDeniedToReadIdentifiers:com.rlk.weathers:getImeiForSlot:1
03-27 12:00:36.317 E/lowmemorykiller(  392): zhou_debug--file=949424kB,low=0,file_threshold:780680Kb
03-27 12:00:36.400 D/AudioFlinger(  610): registerClient() client 0xb4000078c713a250, pid 4480, uid 10147
03-27 12:00:36.403 D/AudioFlinger_Threads(  610): ro.audio.silent is ignored since no output device is set
03-27 12:00:36.405 I/system_server( 1245): oneway function results will be dropped but finished with status OK and parcel size 4
03-27 12:00:36.406 I/system_server( 1245): oneway function results will be dropped but finished with status OK and parcel size 4
03-27 12:00:36.406 I/system_server( 1245): oneway function results will be dropped but finished with status OK and parcel size 4
03-27 12:00:36.407 I/system_server( 1245): oneway function results will be dropped but finished with status OK and parcel size 4
03-27 12:00:36.408 I/system_server( 1245): oneway function results will be dropped but finished with status OK and parcel size 4
03-27 12:00:36.409 I/system_server( 1245): oneway function results will be dropped but finished with status OK and parcel size 4
03-27 12:00:36.417 E/lowmemorykiller(  392): zhou_debug--file=954592kB,low=0,file_threshold:780680Kb
03-27 12:00:36.443 W/BroadcastQueue( 1245): Permission Denial: broadcasting Intent { act=android.net.conn.CONNECTIVITY_CHANGE flg=0x4200010 (has extras) } from null (pid=-1, uid=-1) requires com.google.android.youtube.DYNAMIC_RECEIVER_NOT_EXPORTED_PERMISSION due to registered receiver BroadcastFilter{45e584 10147/u0 ReceiverList{61f5f97 4480 com.google.android.youtube/10147/u0 remote:9b6fa16}}
03-27 12:00:36.459 D/UntrustedWifiNetworkFactory( 1245): got request NetworkRequest [ TRACK_DEFAULT id=51410, [ Capabilities: INTERNET&NOT_RESTRICTED&TRUSTED Uid: 10147 AdministratorUids: [] RequestorUid: 10147 RequestorPackageName: com.google.android.youtube] ] with score 50 and providerId 4
03-27 12:00:36.459 D/WifiNetworkFactory( 1245): got request NetworkRequest [ TRACK_DEFAULT id=51410, [ Capabilities: INTERNET&NOT_RESTRICTED&TRUSTED Uid: 10147 AdministratorUids: [] RequestorUid: 10147 RequestorPackageName: com.google.android.youtube] ] with score 50 and providerId 4
03-27 12:00:36.459 D/Ethernet( 1245): got request NetworkRequest [ TRACK_DEFAULT id=51410, [ Capabilities: INTERNET&NOT_RESTRICTED&TRUSTED Uid: 10147 AdministratorUids: [] RequestorUid: 10147 RequestorPackageName: com.google.android.youtube] ] with score 50 and providerId 4
03-27 12:00:36.460 D/PhoneSwitcherNetworkRequstListener( 1744): got request NetworkRequest [ TRACK_DEFAULT id=51410, [ Capabilities: INTERNET&NOT_RESTRICTED&TRUSTED Uid: 10147 AdministratorUids: [] RequestorUid: 10147 RequestorPackageName: com.google.android.youtube] ] with score 50 and providerId 4
03-27 12:00:36.460 I/TranPhoneSwitcher( 1744): msg103
03-27 12:00:36.518 E/lowmemorykiller(  392): zhou_debug--file=949500kB,low=0,file_threshold:780680Kb
03-27 12:00:36.521 W/pool-9-thread-2( 4480): type=1400 audit(0.0:1156077): avc: granted { execute } for path="/data/data/com.google.android.youtube/app_pccache/5/D3993C68292D3C7E932B1CC97EF3BD39BDE8187B/oat/arm64/pcam.odex" dev="dm-10" ino=695011 scontext=u:r:untrusted_app:s0:c147,c256,c512,c768 tcontext=u:object_r:app_data_file:s0:c147,c256,c512,c768 tclass=file app=com.google.android.youtube
03-27 12:00:36.533 I/android.youtub( 4480): Waiting for a blocking GC AddRemoveAppImageSpace
03-27 12:00:36.558 I/android.youtub( 4480): WaitForGcToComplete blocked AddRemoveAppImageSpace on ClassLinker for 25.794ms
03-27 12:00:36.565 E/ion     ( 4480): ioctl c0044901 failed with code -1: Invalid argument
03-27 12:00:36.618 E/lowmemorykiller(  392): zhou_debug--file=954228kB,low=0,file_threshold:780680Kb
03-27 12:00:36.636 E/libc    ( 4480): Access denied finding property "vendor.debug.drm.logv"
03-27 12:00:36.637 E/libc    ( 4480): Access denied finding property "vendor.debug.drm.logv"
03-27 12:00:36.638 E/libc    ( 4480): Access denied finding property "vendor.debug.drm.logd"
03-27 12:00:36.638 E/libc    ( 4480): Access denied finding property "vendor.debug.drm.logv"
03-27 12:00:36.637 W/pool-9-thread-2( 4480): type=1400 audit(0.0:1156078): avc: granted { execute } for path="/data/data/com.google.android.youtube/app_pccache/5/D3993C68292D3C7E932B1CC97EF3BD39BDE8187B/pcam.jar" dev="dm-10" ino=703931 scontext=u:r:untrusted_app:s0:c147,c256,c512,c768 tcontext=u:object_r:app_data_file:s0:c147,c256,c512,c768 tclass=file app=com.google.android.youtube
03-27 12:00:36.680 V/SettingsProvider( 1245): packageValueForCallResult, name = accessibility_captioning_locale, value : Bundle[{_track_generation=android.util.MemoryIntArray@ab, value=en_US, _generation_index=2, _generation=7093}]
03-27 12:00:36.709 I/.gms.persisten(13156): Waiting for a blocking GC ProfileSaver
03-27 12:00:36.718 E/lowmemorykiller(  392): zhou_debug--file=952140kB,low=0,file_threshold:780680Kb
03-27 12:00:36.724 D/os.notification.pre( 1245):  add StatusBarNotification 128862540 current size 1
03-27 12:00:36.725 D/os.notification( 1245): onEnqueueNotificationInternal StatusBarNotification:StatusBarNotification(pkg=com.google.android.youtube user=UserHandle{0} id=99 tag=UCIU4A3QTdcIJiibhil4rKXQ key=0|com.google.android.youtube|99|UCIU4A3QTdcIJiibhil4rKXQ|10147: Notification(channel=1 shortcut=null contentView=null vibrate=null sound=null defaults=0x0 flags=0x10 color=0xffff0000 groupKey= actions=3 vis=PRIVATE)) callingUid:10147 sn:59339 res:true
03-27 12:00:36.725 D/os.notification.SuspendJobManager( 1245): create job  com.transsion.common.SuspendJobManager$JobInfo@c87deaa key:NotificationRecord(0x0c528d95: pkg=com.google.android.youtube user=UserHandle{0} id=99 tag=UCIU4A3QTdcIJiibhil4rKXQ importance=4 key=0|com.google.android.youtube|99|UCIU4A3QTdcIJiibhil4rKXQ|10147: Notification(channel=1 shortcut=null contentView=null vibrate=null sound=null defaults=0x0 flags=0x10 color=0xffff0000 groupKey= actions=3 vis=PRIVATE)) data:com.android.server.notification.-$$Lambda$NotificationManagerService$EPoHVfWRkEt__ULyXgssSkaEWZE@d2dca9b sn:-1 owner:{}
03-27 12:00:36.728 W/System.err( 4480): android.content.pm.PackageManager$NameNotFoundException: com.yandex.browser
03-27 12:00:36.732 D/os.notification( 3556): onNotifyNotification StatusBarNotification:StatusBarNotification(pkg=com.google.android.youtube user=UserHandle{0} id=99 tag=UCIU4A3QTdcIJiibhil4rKXQ key=0|com.google.android.youtube|99|UCIU4A3QTdcIJiibhil4rKXQ|10147: Notification(channel=null shortcut=null contentView=null vibrate=null sound=null defaults=0x0 flags=0x10 color=0xffff0000 actions=3 vis=PRIVATE)) callingUid:10147 NotificationChannel:NotificationChannel{mId='1', mName=Subscriptions, mDescription=, mImportance=4, mBypassDnd=false, mLockscreenVisibility=-1000, mSound=null, mLights=false, mLightColor=0, mVibration=null, mUserLockedFields=0, mFgServiceShown=false, mVibrationEnabled=false, mShowBadge=true, mDeleted=false, mGroup='null', mAudioAttributes=AudioAttributes: usage=USAGE_NOTIFICATION content=CONTENT_TYPE_SONIFICATION flags=0x800 tags= bundle=null, mBlockableSystem=false, mAllowBubbles=-1, mImportanceLockedByOEM=false, mImportanceLockedDefaultApp=false, mOriginalImp=4, mParent=null, mConversationId=null, mDemoted=false, mImportantConvo=false} receipt:com.transsion.app.IEnqueueNotificationReceipt$Stub$Proxy@9b09af7 sn:59339
03-27 12:00:36.734 D/os_noti_center_rule( 3556): match = false, sendPkg = com.google.android.youtube, dbChannel = null, chName = Subscriptions, chId = 1
03-27 12:00:36.735 I/.gms.persisten(13156): Background young concurrent copying GC freed 265489(12MB) AllocSpace objects, 31(1376KB) LOS objects, 43% free, 18MB/32MB, paused 3.157ms total 444.763ms
03-27 12:00:36.735 I/.gms.persisten(13156): WaitForGcToComplete blocked ProfileSaver on HeapTrim for 26.027ms
03-27 12:00:36.738 D/os.notification( 3556): handleNotifyNotification notification:Notification(channel=null shortcut=null contentView=null vibrate=null sound=null defaults=0x0 flags=0x10 color=0xffff0000 actions=3 vis=PRIVATE)
03-27 12:00:36.739 W/System.err( 4480): 	at android.app.ApplicationPackageManager.getPackageInfoAsUser(ApplicationPackageManager.java:216)
03-27 12:00:36.739 D/os.notification.pre( 1245):  add Runnable 127169911 with StatusBarNotification 128862540 current size 1
03-27 12:00:36.739 D/os.notification.SuspendJobManager( 1245): done  com.transsion.common.SuspendJobManager$JobInfo@c87deaa key:NotificationRecord(0x0c528d95: pkg=com.google.android.youtube user=UserHandle{0} id=99 tag=UCIU4A3QTdcIJiibhil4rKXQ importance=4 key=0|com.google.android.youtube|99|UCIU4A3QTdcIJiibhil4rKXQ|10147: Notification(channel=1 shortcut=null contentView=null vibrate=null sound=null defaults=0x0 flags=0x10 color=0xffff0000 groupKey= actions=3 vis=PRIVATE)) data:com.android.server.notification.-$$Lambda$NotificationManagerService$EPoHVfWRkEt__ULyXgssSkaEWZE@d2dca9b sn:59339 owner:{3556} for  app-3556-request
03-27 12:00:36.739 W/System.err( 4480): 	at android.app.ApplicationPackageManager.getPackageInfo(ApplicationPackageManager.java:188)
03-27 12:00:36.739 D/os.notification.pre( 1245):  remove Runnable 127169911 with StatusBarNotification 128862540 for suspend run current size 0
03-27 12:00:36.740 W/System.err( 4480): 	at android.app.ApplicationPackageManager.isYandexInstall(ApplicationPackageManager.java:1305)
03-27 12:00:36.740 W/System.err( 4480): 	at android.app.ApplicationPackageManager.queryIntentActivitiesAsUser(ApplicationPackageManager.java:1239)
03-27 12:00:36.740 W/System.err( 4480): 	at android.app.ApplicationPackageManager.queryIntentActivities(ApplicationPackageManager.java:1211)
03-27 12:00:36.740 W/System.err( 4480): 	at xta.J(PG:3)
03-27 12:00:36.740 W/System.err( 4480): 	at ahkg.run(PG:60)
03-27 12:00:36.740 W/System.err( 4480): 	at qhv.run(PG:1)
03-27 12:00:36.741 W/System.err( 4480): 	at akqz.run(PG:24)
03-27 12:00:36.741 W/System.err( 4480): 	at qgy.run(PG:20)
03-27 12:00:36.741 W/System.err( 4480): 	at qgy.run(PG:52)
03-27 12:00:36.742 W/System.err( 4480): 	at java.lang.Thread.run(Thread.java:923)
03-27 12:00:36.743 W/YouTube ( 4480): recordNotificationServiceEndpointCommand did not have proper tag.
03-27 12:00:36.743 W/System.err( 4480): 	at qic.run(PG:6)
03-27 12:00:36.749 D/BoundBrokerSvc( 3730): onBind: Intent { act=com.google.android.gms.potokens.service.START dat=chimera-action: cmp=com.google.android.gms/.chimera.GmsApiService }
03-27 12:00:36.749 D/BoundBrokerSvc( 3730): Loading bound service for intent: Intent { act=com.google.android.gms.potokens.service.START dat=chimera-action: cmp=com.google.android.gms/.chimera.GmsApiService }
03-27 12:00:36.761 E/DataSaving( 4480): Data saving settings were not ready. Falling back to true
03-27 12:00:36.818 E/lowmemorykiller(  392): zhou_debug--file=947996kB,low=0,file_threshold:780680Kb
03-27 12:00:36.848 W/SQLiteLog( 3730): (28) double-quoted string literal: "1711342836847"
03-27 12:00:36.848 W/SQLiteLog( 3730): (28) double-quoted string literal: "1"
03-27 12:00:36.918 E/lowmemorykiller(  392): zhou_debug--file=950136kB,low=0,file_threshold:780680Kb
03-27 12:00:36.935 E/lowmemorykiller(  392): zhou_debug--file=950720kB,low=0,file_threshold:780680Kb
03-27 12:00:36.954 W/NotificationHistory( 1245): Attempted to add notif for locked/gone/disabled user 0
03-27 12:00:36.967 D/SmsFilterController( 1744): onNotificationPosted exception java.lang.ClassCastException: android.text.SpannableString cannot be cast to java.lang.String
03-27 12:00:36.969 D/NotificationListener(22321): onNotificationPosted: StatusBarNotification(pkg=com.google.android.youtube user=UserHandle{0} id=99 tag=UCIU4A3QTdcIJiibhil4rKXQ key=0|com.google.android.youtube|99|UCIU4A3QTdcIJiibhil4rKXQ|10147: Notification(channel=1 shortcut=null contentView=null vibrate=null sound=null defaults=0x0 flags=0x10 color=0xffff0000 groupKey= actions=3 vis=PRIVATE)), isToAibox = null
03-27 12:00:36.992 D/ApplicationPackageManager(22321): [getText] isMxtcMarket: false
03-27 12:00:36.997 I/chatty  (22321): uid=10161(com.transsion.faceid) com.android.systemui identical 3 lines
03-27 12:00:36.998 D/ApplicationPackageManager(22321): [getText] isMxtcMarket: false
03-27 12:00:37.002 D/InterruptionStateProvider(22321): No bubble up: not allowed to bubble: 0|com.google.android.youtube|99|UCIU4A3QTdcIJiibhil4rKXQ|10147
03-27 12:00:37.005 W/NotifBindPipeline(22321): Row is not set so pipeline will not run. notif = 0|com.google.android.youtube|99|UCIU4A3QTdcIJiibhil4rKXQ|10147
03-27 12:00:37.008 I/OtherSimPSListener( 1744): mOthersign:4subid :1
03-27 12:00:37.011 D/MobileSignalController(22321): roaming = false , isCdma = false::mCurrentState.iconGroup-= IconGroup(NotDefaultData)
03-27 12:00:37.011 I/NetworkController.MobileSignalController(1)(22321): isImsOverWfc = false , mDisableWfc = false , mHideWfcInCsCall = false , isImsOverVoice = true , isLteNetWork = true,mCurrentState.imsRegState=0
03-27 12:00:37.012 D/StatusBarSignalPolicy(22321): state.show = truestate.mMobileVolteId = 2131233264 subId = 1
03-27 12:00:37.013 D/ExpandableNotifRow(22321): onFinishInflate: divide
03-27 12:00:37.015 E/lowmemorykiller(  392): zhou_debug--file=952468kB,low=0,file_threshold:780680Kb
03-27 12:00:37.015 D/ApplicationPackageManager(22321): [getText] isMxtcMarket: false
03-27 12:00:37.019 D/ApplicationPackageManager(22321): [getText] isMxtcMarket: false
03-27 12:00:37.042 I/chatty  (22321): uid=10161(com.transsion.faceid) SysUiBg identical 4 lines
03-27 12:00:37.042 D/ApplicationPackageManager(22321): [getText] isMxtcMarket: false
03-27 12:00:37.071 D/MddListenableWorkerFactory( 3596): createWorker for class: com.google.android.libraries.mdi.download.workmanager.workers.PeriodicWorker
03-27 12:00:37.077 D/MddPeriodicWorker( 3596): PeriodicWorker: startWork
03-27 12:00:37.080 I/NotifContentInflater(22321): onViewApplied
03-27 12:00:37.116 E/lowmemorykiller(  392): zhou_debug--file=953248kB,low=0,file_threshold:780680Kb
03-27 12:00:37.119 I/NotifContentInflater(22321): onViewApplied
03-27 12:00:37.128 D/Griffin/ComponentManager( 1245): Limit start proc:com.sec.android.app.shealth for 3rd-normal-service caller=system/1245,Intent { cmp=com.sec.android.app.shealth/com.samsung.android.app.shealth.home.report.ReportRequestService }
03-27 12:00:37.128 W/ActivityManager( 1245): Unable to launch app com.sec.android.app.shealth/10340 for service Intent { cmp=com.sec.android.app.shealth/com.samsung.android.app.shealth.home.report.ReportRequestService }: AutoStart Limit
03-27 12:00:37.128 D/JobScheduler( 1245): Error executing JobStatus{c46c6ec #u0a340/5000011 com.sec.android.app.shealth/com.samsung.android.app.shealth.home.report.ReportRequestService u=0 s=10340 TIME=-25d2h3m55s10ms:-25d2h3m55s10ms PERSISTED READY}
03-27 12:00:37.130 D/Griffin/ComponentManager( 1245): Limit start proc:com.sec.android.app.shealth for 3rd-normal-service caller=system/1245,Intent { cmp=com.sec.android.app.shealth/com.sec.android.diagmonagent.log.ged.scheduler.GEDJobService }
03-27 12:00:37.130 W/ActivityManager( 1245): Unable to launch app com.sec.android.app.shealth/10340 for service Intent { cmp=com.sec.android.app.shealth/com.sec.android.diagmonagent.log.ged.scheduler.GEDJobService }: AutoStart Limit
03-27 12:00:37.131 D/JobScheduler( 1245): Error executing JobStatus{9e5a54a #u0a340/75419411 com.sec.android.app.shealth/com.sec.android.diagmonagent.log.ged.scheduler.GEDJobService u=0 s=10340 TIME=-25d2h3m55s12ms:-25d2h3m55s12ms NET PERIODIC PERSISTED READY}
03-27 12:00:37.133 D/Griffin/ComponentManager( 1245): Limit start proc:com.sec.android.app.shealth:remote for 3rd-normal-service caller=system/1245,Intent { cmp=com.sec.android.app.shealth/com.samsung.android.app.shealth.wearable.server.application.WearableServerJobService }
03-27 12:00:37.133 W/ActivityManager( 1245): Unable to launch app com.sec.android.app.shealth/10340 for service Intent { cmp=com.sec.android.app.shealth/com.samsung.android.app.shealth.wearable.server.application.WearableServerJobService }: AutoStart Limit
03-27 12:00:37.133 D/JobScheduler( 1245): Error executing JobStatus{146cab5 #u0a340/4700002 com.sec.android.app.shealth/com.samsung.android.app.shealth.wearable.server.application.WearableServerJobService u=0 s=10340 TIME=-25d2h3m55s15ms:-25d2h3m55s15ms PERIODIC PERSISTED READY}
03-27 12:00:37.135 D/Griffin/ComponentManager( 1245): Limit start proc:id.co.acehardware.acerewards for 3rd-normal-service caller=system/1245,Intent { cmp=id.co.acehardware.acerewards/com.moengage.pushamp.internal.PushAmpSyncJob }
03-27 12:00:37.136 W/ActivityManager( 1245): Unable to launch app id.co.acehardware.acerewards/10269 for service Intent { cmp=id.co.acehardware.acerewards/com.moengage.pushamp.internal.PushAmpSyncJob }: AutoStart Limit
03-27 12:00:37.136 D/JobScheduler( 1245): Error executing JobStatus{e65d31 #u0a269/20002 id.co.acehardware.acerewards/com.moengage.pushamp.internal.PushAmpSyncJob u=0 s=10269 TIME=-25d2h3m55s17ms:+19508d8h42m57s649ms NET PERSISTED READY}
03-27 12:00:37.138 D/Griffin/ComponentManager( 1245): Limit start proc:com.newdt01usera.jack for 3rd-normal-service caller=system/1245,Intent { cmp=com.newdt01usera.jack/com.startapp.sdk.jobs.SchedulerService }
03-27 12:00:37.138 W/ActivityManager( 1245): Unable to launch app com.newdt01usera.jack/10220 for service Intent { cmp=com.newdt01usera.jack/com.startapp.sdk.jobs.SchedulerService }: AutoStart Limit
03-27 12:00:37.138 D/JobScheduler( 1245): Error executing JobStatus{affc31c #u0a220/466320417 com.newdt01usera.jack/com.startapp.sdk.jobs.SchedulerService u=0 s=10220 TIME=-25d2h3m55s18ms:-25d2h3m55s18ms NET PERIODIC PERSISTED READY}
03-27 12:00:37.140 D/Griffin/ComponentManager( 1245): Limit start proc:com.newdt01usera.jack for 3rd-normal-service caller=system/1245,Intent { cmp=com.newdt01usera.jack/com.startapp.sdk.jobs.SchedulerService }
03-27 12:00:37.140 W/ActivityManager( 1245): Unable to launch app com.newdt01usera.jack/10220 for service Intent { cmp=com.newdt01usera.jack/com.startapp.sdk.jobs.SchedulerService }: AutoStart Limit
03-27 12:00:37.141 D/JobScheduler( 1245): Error executing JobStatus{2b6548f #u0a220/1193833315 com.newdt01usera.jack/com.startapp.sdk.jobs.SchedulerService u=0 s=10220 TIME=-25d2h3m55s20ms:-25d2h3m55s20ms NET PERIODIC PERSISTED READY}
03-27 12:00:37.144 I/chatty  (22321): uid=10161(com.transsion.faceid) com.android.systemui identical 1 line
03-27 12:00:37.152 I/NotifContentInflater(22321): onViewApplied
03-27 12:00:37.152 D/NotificationContentView(22321): setContractedChild: child = android.widget.FrameLayout{b417cab V.E...... R.....I. 0,0-0,0 #10204a9 android:id/status_bar_latest_event_content}
03-27 12:00:37.154 D/NotificationContentView(22321): setContractedChild: child = android.view.NotificationHeaderView{6205f08 V.E...... R.....I. 0,0-0,0 #10203aa android:id/notification_header}
03-27 12:00:37.154 D/game/all(22321): onNotificationUpdated: superGameHeadsUp = false  isGameHeadsUp = false  mIsHeadsUp = false
03-27 12:00:37.156 W/ContrastColorUtil(22321): background can not be translucent: #f22c2d2e
03-27 12:00:37.158 I/chatty  (22321): uid=10161(com.transsion.faceid) com.android.systemui identical 30 lines
03-27 12:00:37.158 W/ContrastColorUtil(22321): background can not be translucent: #f22c2d2e
03-27 12:00:37.158 I/AlertNotifManager(22321): showNotification fullScreenIntent = null
03-27 12:00:37.162 D/StatusBar(22321): updateScrimBehind state = 0
03-27 12:00:37.162 D/TsUtils (22321): isDynamicGaussianBlur: false
03-27 12:00:37.163 D/TsImageBlurrer(22321): screenshot crop = [0,0][0,1640]
03-27 12:00:37.166 I/SurfaceFlinger(  615): operator()(), mtkRenderCntDebug 5252, screenshot (com.android.systemui.ImageWallpaper#0)
03-27 12:00:37.167 I/SurfaceFlinger(  615): operator()(), mtkRenderCntDebug 5252, screenshot (com.transsion.XOSLauncher/com.android.quickstep.src.com.android.launcher3.uioverrides.QuickstepLauncher#1)
03-27 12:00:37.167 I/SurfaceFlinger(  615): operator()(), mtkRenderCntDebug 5252, screenshot (com.transsion.XOSLauncher/com.android.quickstep.src.com.android.launcher3.uioverrides.QuickstepLauncher#0)
03-27 12:00:37.167 I/SurfaceFlinger(  615): operator()(), mtkRenderCntDebug 5252, screenshot (StatusBar#0)
03-27 12:00:37.167 I/SurfaceFlinger(  615): operator()(), mtkRenderCntDebug 5252, screenshot (NavigationBar0#0)
03-27 12:00:37.174 I/GED     (22321): ged_boost_gpu_freq, level 100, eOrigin 2, final_idx 2, oppidx_max 2, oppidx_min 0
03-27 12:00:37.178 D/TsImageBlurrer(22321): getMaskedBitmap: colors.length=3
03-27 12:00:37.179 D/TsImageBlurrer(22321): getMaskedBitmap: sb=e5000000,e5000000,e5000000,
03-27 12:00:37.183 D/StatusBar(22321): disable<e i a s b h r c s > disable2<q i n >
03-27 12:00:37.184 D/NavigationBar(22321): disable() state1:0 masked:0 mDisabledFlags1:0
03-27 12:00:37.186 I/StatusBarWindowController(22321): mForceStatusBarVisible = true
03-27 12:00:37.188 D/Griffin/ComponentManager( 1245): Limit start proc:com.kfc.mobile:tools for 3rd-normal-service caller=system/1245,Intent { cmp=com.kfc.mobile/com.alipay.iap.android.aplog.service.LogServiceInToolsProcess }
03-27 12:00:37.188 W/ActivityManager( 1245): Unable to launch app com.kfc.mobile/10254 for service Intent { cmp=com.kfc.mobile/com.alipay.iap.android.aplog.service.LogServiceInToolsProcess }: AutoStart Limit
03-27 12:00:37.188 D/JobScheduler( 1245): Error executing JobStatus{e20ec14 #u0a254/1943 com.kfc.mobile/com.alipay.iap.android.aplog.service.LogServiceInToolsProcess u=0 s=10254 TIME=none:-25d1h57m52s802ms READY}
03-27 12:00:37.189 W/TouchableRegionManager(22321): onHeadsUpPinnedModeChanged
03-27 12:00:37.190 D/Griffin/ComponentManager( 1245): Limit start proc:id.dana:tools for 3rd-normal-service caller=system/1245,Intent { cmp=id.dana/com.alipay.iap.android.aplog.service.LogServiceInToolsProcess }
03-27 12:00:37.190 W/ActivityManager( 1245): Unable to launch app id.dana/10249 for service Intent { cmp=id.dana/com.alipay.iap.android.aplog.service.LogServiceInToolsProcess }: AutoStart Limit
03-27 12:00:37.191 D/JobScheduler( 1245): Error executing JobStatus{d1979e #u0a249/1943 id.dana/com.alipay.iap.android.aplog.service.LogServiceInToolsProcess u=0 s=10249 TIME=none:-24d13h4m41s217ms READY}
03-27 12:00:37.191 D/PanelView(22321): onHeadsUpStateChanged() channelName:Subscriptions isHeadsUp:true
